../Core/Src/main.c:93:5:main	8	static
../Core/Src/main.c:148:6:SystemClock_Config	88	static
../Core/Src/main.c:194:13:MX_ADC1_Init	24	static
../Core/Src/main.c:246:13:MX_CAN2_Init	8	static
../Core/Src/main.c:283:13:MX_DAC_Init	16	static
../Core/Src/main.c:330:13:MX_I2C1_Init	8	static
../Core/Src/main.c:364:13:MX_SPI3_Init	8	static
../Core/Src/main.c:402:13:MX_TIM1_Init	96	static
../Core/Src/main.c:477:13:MX_TIM2_Init	64	static
../Core/Src/main.c:536:13:MX_TIM3_Init	64	static
../Core/Src/main.c:607:13:MX_TIM8_Init	32	static
../Core/Src/main.c:653:13:MX_USART1_UART_Init	8	static
../Core/Src/main.c:686:13:MX_USART3_UART_Init	8	static
../Core/Src/main.c:719:13:MX_GPIO_Init	48	static
../Core/Src/main.c:792:6:Error_Handler	4	static,ignoring_inline_asm
