../Core/Src/main.c:95:5:main	8	static
../Core/Src/main.c:151:6:SystemClock_Config	88	static
../Core/Src/main.c:197:13:MX_ADC1_Init	24	static
../Core/Src/main.c:249:13:MX_CAN2_Init	8	static
../Core/Src/main.c:286:13:MX_DAC_Init	16	static
../Core/Src/main.c:333:13:MX_I2C1_Init	8	static
../Core/Src/main.c:367:13:MX_SPI1_Init	8	static
../Core/Src/main.c:405:13:MX_SPI3_Init	8	static
../Core/Src/main.c:443:13:MX_TIM1_Init	96	static
../Core/Src/main.c:518:13:MX_TIM2_Init	32	static
../Core/Src/main.c:563:13:MX_TIM3_Init	64	static
../Core/Src/main.c:634:13:MX_TIM8_Init	32	static
../Core/Src/main.c:680:13:MX_USART1_UART_Init	8	static
../Core/Src/main.c:713:13:MX_USART3_UART_Init	8	static
../Core/Src/main.c:746:13:MX_GPIO_Init	48	static
../Core/Src/main.c:819:6:Error_Handler	4	static,ignoring_inline_asm
