../Core/Src/main.c:96:5:main	8	static
../Core/Src/main.c:152:6:SystemClock_Config	88	static
../Core/Src/main.c:198:13:MX_ADC1_Init	24	static
../Core/Src/main.c:250:13:MX_CAN2_Init	8	static
../Core/Src/main.c:287:13:MX_DAC_Init	16	static
../Core/Src/main.c:334:13:MX_I2C1_Init	8	static
../Core/Src/main.c:368:13:MX_SPI1_Init	8	static
../Core/Src/main.c:406:13:MX_SPI3_Init	8	static
../Core/Src/main.c:444:13:MX_TIM1_Init	96	static
../Core/Src/main.c:519:13:MX_TIM2_Init	32	static
../Core/Src/main.c:564:13:MX_TIM3_Init	64	static
../Core/Src/main.c:635:13:MX_TIM8_Init	32	static
../Core/Src/main.c:681:13:MX_USART1_UART_Init	8	static
../Core/Src/main.c:714:13:MX_USART3_UART_Init	8	static
../Core/Src/main.c:747:13:MX_GPIO_Init	48	static
../Core/Src/main.c:820:6:Error_Handler	4	static,ignoring_inline_asm
