Archive member included to satisfy reference by file (symbol)

c:/st/stm32cubeide_1.9.0/stm32cubeide/plugins/com.st.stm32cube.ide.mcu.externaltools.gnu-tools-for-stm32.10.3-2021.10.win32_1.0.0.202111181127/tools/bin/../lib/gcc/arm-none-eabi/10.3.1/../../../../arm-none-eabi/lib/thumb/v7e-m+fp/hard\libc_nano.a(lib_a-errno.o)
                              ./Core/Src/syscalls.o (__errno)
c:/st/stm32cubeide_1.9.0/stm32cubeide/plugins/com.st.stm32cube.ide.mcu.externaltools.gnu-tools-for-stm32.10.3-2021.10.win32_1.0.0.202111181127/tools/bin/../lib/gcc/arm-none-eabi/10.3.1/../../../../arm-none-eabi/lib/thumb/v7e-m+fp/hard\libc_nano.a(lib_a-exit.o)
                              c:/st/stm32cubeide_1.9.0/stm32cubeide/plugins/com.st.stm32cube.ide.mcu.externaltools.gnu-tools-for-stm32.10.3-2021.10.win32_1.0.0.202111181127/tools/bin/../lib/gcc/arm-none-eabi/10.3.1/../../../../arm-none-eabi/lib/thumb/v7e-m+fp/hard/crt0.o (exit)
c:/st/stm32cubeide_1.9.0/stm32cubeide/plugins/com.st.stm32cube.ide.mcu.externaltools.gnu-tools-for-stm32.10.3-2021.10.win32_1.0.0.202111181127/tools/bin/../lib/gcc/arm-none-eabi/10.3.1/../../../../arm-none-eabi/lib/thumb/v7e-m+fp/hard\libc_nano.a(lib_a-impure.o)
                              c:/st/stm32cubeide_1.9.0/stm32cubeide/plugins/com.st.stm32cube.ide.mcu.externaltools.gnu-tools-for-stm32.10.3-2021.10.win32_1.0.0.202111181127/tools/bin/../lib/gcc/arm-none-eabi/10.3.1/../../../../arm-none-eabi/lib/thumb/v7e-m+fp/hard\libc_nano.a(lib_a-exit.o) (_global_impure_ptr)
c:/st/stm32cubeide_1.9.0/stm32cubeide/plugins/com.st.stm32cube.ide.mcu.externaltools.gnu-tools-for-stm32.10.3-2021.10.win32_1.0.0.202111181127/tools/bin/../lib/gcc/arm-none-eabi/10.3.1/../../../../arm-none-eabi/lib/thumb/v7e-m+fp/hard\libc_nano.a(lib_a-init.o)
                              c:/st/stm32cubeide_1.9.0/stm32cubeide/plugins/com.st.stm32cube.ide.mcu.externaltools.gnu-tools-for-stm32.10.3-2021.10.win32_1.0.0.202111181127/tools/bin/../lib/gcc/arm-none-eabi/10.3.1/../../../../arm-none-eabi/lib/thumb/v7e-m+fp/hard/crt0.o (__libc_init_array)
c:/st/stm32cubeide_1.9.0/stm32cubeide/plugins/com.st.stm32cube.ide.mcu.externaltools.gnu-tools-for-stm32.10.3-2021.10.win32_1.0.0.202111181127/tools/bin/../lib/gcc/arm-none-eabi/10.3.1/../../../../arm-none-eabi/lib/thumb/v7e-m+fp/hard\libc_nano.a(lib_a-memset.o)
                              c:/st/stm32cubeide_1.9.0/stm32cubeide/plugins/com.st.stm32cube.ide.mcu.externaltools.gnu-tools-for-stm32.10.3-2021.10.win32_1.0.0.202111181127/tools/bin/../lib/gcc/arm-none-eabi/10.3.1/../../../../arm-none-eabi/lib/thumb/v7e-m+fp/hard/crt0.o (memset)
c:/st/stm32cubeide_1.9.0/stm32cubeide/plugins/com.st.stm32cube.ide.mcu.externaltools.gnu-tools-for-stm32.10.3-2021.10.win32_1.0.0.202111181127/tools/bin/../lib/gcc/arm-none-eabi/10.3.1/thumb/v7e-m+fp/hard\libgcc.a(_aeabi_uldivmod.o)
                              ./Drivers/STM32F4xx_HAL_Driver/Src/stm32f4xx_hal_rcc.o (__aeabi_uldivmod)
c:/st/stm32cubeide_1.9.0/stm32cubeide/plugins/com.st.stm32cube.ide.mcu.externaltools.gnu-tools-for-stm32.10.3-2021.10.win32_1.0.0.202111181127/tools/bin/../lib/gcc/arm-none-eabi/10.3.1/thumb/v7e-m+fp/hard\libgcc.a(_udivmoddi4.o)
                              c:/st/stm32cubeide_1.9.0/stm32cubeide/plugins/com.st.stm32cube.ide.mcu.externaltools.gnu-tools-for-stm32.10.3-2021.10.win32_1.0.0.202111181127/tools/bin/../lib/gcc/arm-none-eabi/10.3.1/thumb/v7e-m+fp/hard\libgcc.a(_aeabi_uldivmod.o) (__udivmoddi4)
c:/st/stm32cubeide_1.9.0/stm32cubeide/plugins/com.st.stm32cube.ide.mcu.externaltools.gnu-tools-for-stm32.10.3-2021.10.win32_1.0.0.202111181127/tools/bin/../lib/gcc/arm-none-eabi/10.3.1/thumb/v7e-m+fp/hard\libgcc.a(_dvmd_tls.o)
                              c:/st/stm32cubeide_1.9.0/stm32cubeide/plugins/com.st.stm32cube.ide.mcu.externaltools.gnu-tools-for-stm32.10.3-2021.10.win32_1.0.0.202111181127/tools/bin/../lib/gcc/arm-none-eabi/10.3.1/thumb/v7e-m+fp/hard\libgcc.a(_aeabi_uldivmod.o) (__aeabi_ldiv0)

Discarded input sections

 .text          0x0000000000000000        0x0 c:/st/stm32cubeide_1.9.0/stm32cubeide/plugins/com.st.stm32cube.ide.mcu.externaltools.gnu-tools-for-stm32.10.3-2021.10.win32_1.0.0.202111181127/tools/bin/../lib/gcc/arm-none-eabi/10.3.1/thumb/v7e-m+fp/hard/crti.o
 .data          0x0000000000000000        0x0 c:/st/stm32cubeide_1.9.0/stm32cubeide/plugins/com.st.stm32cube.ide.mcu.externaltools.gnu-tools-for-stm32.10.3-2021.10.win32_1.0.0.202111181127/tools/bin/../lib/gcc/arm-none-eabi/10.3.1/thumb/v7e-m+fp/hard/crti.o
 .bss           0x0000000000000000        0x0 c:/st/stm32cubeide_1.9.0/stm32cubeide/plugins/com.st.stm32cube.ide.mcu.externaltools.gnu-tools-for-stm32.10.3-2021.10.win32_1.0.0.202111181127/tools/bin/../lib/gcc/arm-none-eabi/10.3.1/thumb/v7e-m+fp/hard/crti.o
[...]
Memory Configuration

Name             Origin             Length             Attributes
CCMRAM           0x0000000010000000 0x0000000000010000 xrw
RAM              0x0000000020000000 0x0000000000020000 xrw
FLASH            0x0000000008000000 0x0000000000100000 xr
*default*        0x0000000000000000 0xffffffffffffffff

Linker script and memory map

LOAD c:/st/stm32cubeide_1.9.0/stm32cubeide/plugins/com.st.stm32cube.ide.mcu.externaltools.gnu-tools-for-stm32.10.3-2021.10.win32_1.0.0.202111181127/tools/bin/../lib/gcc/arm-none-eabi/10.3.1/thumb/v7e-m+fp/hard/crti.o
LOAD c:/st/stm32cubeide_1.9.0/stm32cubeide/plugins/com.st.stm32cube.ide.mcu.externaltools.gnu-tools-for-stm32.10.3-2021.10.win32_1.0.0.202111181127/tools/bin/../lib/gcc/arm-none-eabi/10.3.1/thumb/v7e-m+fp/hard/crtbegin.o
LOAD c:/st/stm32cubeide_1.9.0/stm32cubeide/plugins/com.st.stm32cube.ide.mcu.externaltools.gnu-tools-for-stm32.10.3-2021.10.win32_1.0.0.202111181127/tools/bin/../lib/gcc/arm-none-eabi/10.3.1/../../../../arm-none-eabi/lib/thumb/v7e-m+fp/hard/crt0.o
LOAD ./Core/Src/ASCII_Parser.o
LOAD ./Core/Src/main.o
LOAD ./Core/Src/stm32f4xx_hal_msp.o
LOAD ./Core/Src/stm32f4xx_it.o
LOAD ./Core/Src/syscalls.o
LOAD ./Core/Src/sysmem.o
LOAD ./Core/Src/system_stm32f4xx.o
LOAD ./Core/Startup/startup_stm32f405rgtx.o
LOAD ./Drivers/STM32F4xx_HAL_Driver/Src/stm32f4xx_hal.o
LOAD ./Drivers/STM32F4xx_HAL_Driver/Src/stm32f4xx_hal_adc.o
LOAD ./Drivers/STM32F4xx_HAL_Driver/Src/stm32f4xx_hal_adc_ex.o
LOAD ./Drivers/STM32F4xx_HAL_Driver/Src/stm32f4xx_hal_can.o
LOAD ./Drivers/STM32F4xx_HAL_Driver/Src/stm32f4xx_hal_cortex.o
LOAD ./Drivers/STM32F4xx_HAL_Driver/Src/stm32f4xx_hal_dac.o
LOAD ./Drivers/STM32F4xx_HAL_Driver/Src/stm32f4xx_hal_dac_ex.o
LOAD ./Drivers/STM32F4xx_HAL_Driver/Src/stm32f4xx_hal_dma.o
LOAD ./Drivers/STM32F4xx_HAL_Driver/Src/stm32f4xx_hal_dma_ex.o
LOAD ./Drivers/STM32F4xx_HAL_Driver/Src/stm32f4xx_hal_exti.o
LOAD ./Drivers/STM32F4xx_HAL_Driver/Src/stm32f4xx_hal_flash.o
LOAD ./Drivers/STM32F4xx_HAL_Driver/Src/stm32f4xx_hal_flash_ex.o
LOAD ./Drivers/STM32F4xx_HAL_Driver/Src/stm32f4xx_hal_flash_ramfunc.o
LOAD ./Drivers/STM32F4xx_HAL_Driver/Src/stm32f4xx_hal_gpio.o
LOAD ./Drivers/STM32F4xx_HAL_Driver/Src/stm32f4xx_hal_i2c.o
LOAD ./Drivers/STM32F4xx_HAL_Driver/Src/stm32f4xx_hal_i2c_ex.o
LOAD ./Drivers/STM32F4xx_HAL_Driver/Src/stm32f4xx_hal_pcd.o
LOAD ./Drivers/STM32F4xx_HAL_Driver/Src/stm32f4xx_hal_pcd_ex.o
LOAD ./Drivers/STM32F4xx_HAL_Driver/Src/stm32f4xx_hal_pwr.o
LOAD ./Drivers/STM32F4xx_HAL_Driver/Src/stm32f4xx_hal_pwr_ex.o
LOAD ./Drivers/STM32F4xx_HAL_Driver/Src/stm32f4xx_hal_rcc.o
LOAD ./Drivers/STM32F4xx_HAL_Driver/Src/stm32f4xx_hal_rcc_ex.o
LOAD ./Drivers/STM32F4xx_HAL_Driver/Src/stm32f4xx_hal_spi.o
LOAD ./Drivers/STM32F4xx_HAL_Driver/Src/stm32f4xx_hal_tim.o
LOAD ./Drivers/STM32F4xx_HAL_Driver/Src/stm32f4xx_hal_tim_ex.o
LOAD ./Drivers/STM32F4xx_HAL_Driver/Src/stm32f4xx_hal_uart.o
LOAD ./Drivers/STM32F4xx_HAL_Driver/Src/stm32f4xx_ll_adc.o
LOAD ./Drivers/STM32F4xx_HAL_Driver/Src/stm32f4xx_ll_usb.o
LOAD ./Middlewares/ST/STM32_USB_Device_Library/Class/CDC/Src/usbd_cdc.o
LOAD ./Middlewares/ST/STM32_USB_Device_Library/Core/Src/usbd_core.o
LOAD ./Middlewares/ST/STM32_USB_Device_Library/Core/Src/usbd_ctlreq.o
LOAD ./Middlewares/ST/STM32_USB_Device_Library/Core/Src/usbd_ioreq.o
LOAD ./USB_DEVICE/App/usb_device.o
LOAD ./USB_DEVICE/App/usbd_cdc_if.o
LOAD ./USB_DEVICE/App/usbd_desc.o
LOAD ./USB_DEVICE/Target/usbd_conf.o
START GROUP
LOAD c:/st/stm32cubeide_1.9.0/stm32cubeide/plugins/com.st.stm32cube.ide.mcu.externaltools.gnu-tools-for-stm32.10.3-2021.10.win32_1.0.0.202111181127/tools/bin/../lib/gcc/arm-none-eabi/10.3.1/../../../../arm-none-eabi/lib/thumb/v7e-m+fp/hard\libc_nano.a
LOAD c:/st/stm32cubeide_1.9.0/stm32cubeide/plugins/com.st.stm32cube.ide.mcu.externaltools.gnu-tools-for-stm32.10.3-2021.10.win32_1.0.0.202111181127/tools/bin/../lib/gcc/arm-none-eabi/10.3.1/../../../../arm-none-eabi/lib/thumb/v7e-m+fp/hard\libm.a
END GROUP
START GROUP
LOAD c:/st/stm32cubeide_1.9.0/stm32cubeide/plugins/com.st.stm32cube.ide.mcu.externaltools.gnu-tools-for-stm32.10.3-2021.10.win32_1.0.0.202111181127/tools/bin/../lib/gcc/arm-none-eabi/10.3.1/thumb/v7e-m+fp/hard\libgcc.a
LOAD c:/st/stm32cubeide_1.9.0/stm32cubeide/plugins/com.st.stm32cube.ide.mcu.externaltools.gnu-tools-for-stm32.10.3-2021.10.win32_1.0.0.202111181127/tools/bin/../lib/gcc/arm-none-eabi/10.3.1/../../../../arm-none-eabi/lib/thumb/v7e-m+fp/hard\libc_nano.a
END GROUP
START GROUP
LOAD c:/st/stm32cubeide_1.9.0/stm32cubeide/plugins/com.st.stm32cube.ide.mcu.externaltools.gnu-tools-for-stm32.10.3-2021.10.win32_1.0.0.202111181127/tools/bin/../lib/gcc/arm-none-eabi/10.3.1/thumb/v7e-m+fp/hard\libgcc.a
LOAD c:/st/stm32cubeide_1.9.0/stm32cubeide/plugins/com.st.stm32cube.ide.mcu.externaltools.gnu-tools-for-stm32.10.3-2021.10.win32_1.0.0.202111181127/tools/bin/../lib/gcc/arm-none-eabi/10.3.1/../../../../arm-none-eabi/lib/thumb/v7e-m+fp/hard\libc_nano.a
LOAD c:/st/stm32cubeide_1.9.0/stm32cubeide/plugins/com.st.stm32cube.ide.mcu.externaltools.gnu-tools-for-stm32.10.3-2021.10.win32_1.0.0.202111181127/tools/bin/../lib/gcc/arm-none-eabi/10.3.1/../../../../arm-none-eabi/lib/thumb/v7e-m+fp/hard\libnosys.a
END GROUP
START GROUP
LOAD c:/st/stm32cubeide_1.9.0/stm32cubeide/plugins/com.st.stm32cube.ide.mcu.externaltools.gnu-tools-for-stm32.10.3-2021.10.win32_1.0.0.202111181127/tools/bin/../lib/gcc/arm-none-eabi/10.3.1/thumb/v7e-m+fp/hard\libgcc.a
LOAD c:/st/stm32cubeide_1.9.0/stm32cubeide/plugins/com.st.stm32cube.ide.mcu.externaltools.gnu-tools-for-stm32.10.3-2021.10.win32_1.0.0.202111181127/tools/bin/../lib/gcc/arm-none-eabi/10.3.1/../../../../arm-none-eabi/lib/thumb/v7e-m+fp/hard\libc_nano.a
LOAD c:/st/stm32cubeide_1.9.0/stm32cubeide/plugins/com.st.stm32cube.ide.mcu.externaltools.gnu-tools-for-stm32.10.3-2021.10.win32_1.0.0.202111181127/tools/bin/../lib/gcc/arm-none-eabi/10.3.1/../../../../arm-none-eabi/lib/thumb/v7e-m+fp/hard\libnosys.a
END GROUP
LOAD c:/st/stm32cubeide_1.9.0/stm32cubeide/plugins/com.st.stm32cube.ide.mcu.externaltools.gnu-tools-for-stm32.10.3-2021.10.win32_1.0.0.202111181127/tools/bin/../lib/gcc/arm-none-eabi/10.3.1/thumb/v7e-m+fp/hard/crtend.o
LOAD c:/st/stm32cubeide_1.9.0/stm32cubeide/plugins/com.st.stm32cube.ide.mcu.externaltools.gnu-tools-for-stm32.10.3-2021.10.win32_1.0.0.202111181127/tools/bin/../lib/gcc/arm-none-eabi/10.3.1/thumb/v7e-m+fp/hard/crtn.o
                0x0000000020020000                _estack = (ORIGIN (RAM) + LENGTH (RAM))
                0x0000000000000200                _Min_Heap_Size = 0x200
                0x0000000000000400                _Min_Stack_Size = 0x400

.isr_vector     0x0000000008000000      0x188
                0x0000000008000000                . = ALIGN (0x4)
 *(.isr_vector)
 .isr_vector    0x0000000008000000      0x188 ./Core/Startup/startup_stm32f405rgtx.o
                0x0000000008000000                g_pfnVectors
                0x0000000008000188                . = ALIGN (0x4)

.text           0x0000000008000188     0x9a7c
                0x0000000008000188                . = ALIGN (0x4)
 *(.text)
 .text          0x0000000008000188       0x40 c:/st/stm32cubeide_1.9.0/stm32cubeide/plugins/com.st.stm32cube.ide.mcu.externaltools.gnu-tools-for-stm32.10.3-2021.10.win32_1.0.0.202111181127/tools/bin/../lib/gcc/arm-none-eabi/10.3.1/thumb/v7e-m+fp/hard/crtbegin.o
 .text          0x00000000080001c8       0x30 c:/st/stm32cubeide_1.9.0/stm32cubeide/plugins/com.st.stm32cube.ide.mcu.externaltools.gnu-tools-for-stm32.10.3-2021.10.win32_1.0.0.202111181127/tools/bin/../lib/gcc/arm-none-eabi/10.3.1/thumb/v7e-m+fp/hard\libgcc.a(_aeabi_uldivmod.o)
                0x00000000080001c8                __aeabi_uldivmod
 .text          0x00000000080001f8      0x2d0 c:/st/stm32cubeide_1.9.0/stm32cubeide/plugins/com.st.stm32cube.ide.mcu.externaltools.gnu-tools-for-stm32.10.3-2021.10.win32_1.0.0.202111181127/tools/bin/../lib/gcc/arm-none-eabi/10.3.1/thumb/v7e-m+fp/hard\libgcc.a(_udivmoddi4.o)
                0x00000000080001f8                __udivmoddi4
 .text          0x00000000080004c8        0x4 c:/st/stm32cubeide_1.9.0/stm32cubeide/plugins/com.st.stm32cube.ide.mcu.externaltools.gnu-tools-for-stm32.10.3-2021.10.win32_1.0.0.202111181127/tools/bin/../lib/gcc/arm-none-eabi/10.3.1/thumb/v7e-m+fp/hard\libgcc.a(_dvmd_tls.o)
                0x00000000080004c8                __aeabi_idiv0
                0x00000000080004c8                __aeabi_ldiv0
 *(.text*)
 .text.main     0x00000000080004cc       0x46 ./Core/Src/main.o
                0x00000000080004cc                main
 *fill*         0x0000000008000512        0x2 
 .text.SystemClock_Config
                0x0000000008000514       0xd4 ./Core/Src/main.o
                0x0000000008000514                SystemClock_Config
 .text.MX_ADC1_Init
                0x00000000080005e8       0xa4 ./Core/Src/main.o
 .text.MX_CAN2_Init
                0x000000000800068c       0x68 ./Core/Src/main.o
 .text.MX_DAC_Init
                0x00000000080006f4       0x68 ./Core/Src/main.o
 .text.MX_I2C1_Init
                0x000000000800075c       0x5c ./Core/Src/main.o
 .text.MX_SPI1_Init
                0x00000000080007b8       0x6c ./Core/Src/main.o
 .text.MX_SPI3_Init
                0x0000000008000824       0x6c ./Core/Src/main.o
 .text.MX_TIM1_Init
                0x0000000008000890      0x140 ./Core/Src/main.o
 .text.MX_TIM2_Init
                0x00000000080009d0       0x98 ./Core/Src/main.o
 .text.MX_TIM3_Init
                0x0000000008000a68      0x130 ./Core/Src/main.o
 .text.MX_TIM8_Init
                0x0000000008000b98       0xa0 ./Core/Src/main.o
 .text.MX_USART1_UART_Init
                0x0000000008000c38       0x54 ./Core/Src/main.o
 .text.MX_USART3_UART_Init
                0x0000000008000c8c       0x54 ./Core/Src/main.o
 .text.MX_GPIO_Init
                0x0000000008000ce0      0x178 ./Core/Src/main.o
 .text.Error_Handler
                0x0000000008000e58        0xa ./Core/Src/main.o
                0x0000000008000e58                Error_Handler
 *fill*         0x0000000008000e62        0x2 
 .text.HAL_MspInit
                0x0000000008000e64       0x50 ./Core/Src/stm32f4xx_hal_msp.o
                0x0000000008000e64                HAL_MspInit
 .text.HAL_ADC_MspInit
                0x0000000008000eb4       0xd0 ./Core/Src/stm32f4xx_hal_msp.o
                0x0000000008000eb4                HAL_ADC_MspInit
 .text.HAL_CAN_MspInit
                0x0000000008000f84       0xac ./Core/Src/stm32f4xx_hal_msp.o
                0x0000000008000f84                HAL_CAN_MspInit
 .text.HAL_DAC_MspInit
                0x0000000008001030       0x88 ./Core/Src/stm32f4xx_hal_msp.o
                0x0000000008001030                HAL_DAC_MspInit
 .text.HAL_I2C_MspInit
                0x00000000080010b8       0x90 ./Core/Src/stm32f4xx_hal_msp.o
                0x00000000080010b8                HAL_I2C_MspInit
 .text.HAL_SPI_MspInit
                0x0000000008001148       0xfc ./Core/Src/stm32f4xx_hal_msp.o
                0x0000000008001148                HAL_SPI_MspInit
 .text.HAL_TIM_Base_MspInit
                0x0000000008001244       0xc4 ./Core/Src/stm32f4xx_hal_msp.o
                0x0000000008001244                HAL_TIM_Base_MspInit
 .text.HAL_TIM_MspPostInit
                0x0000000008001308       0xc8 ./Core/Src/stm32f4xx_hal_msp.o
                0x0000000008001308                HAL_TIM_MspPostInit
 .text.HAL_UART_MspInit
                0x00000000080013d0      0x100 ./Core/Src/stm32f4xx_hal_msp.o
                0x00000000080013d0                HAL_UART_MspInit
 .text.NMI_Handler
                0x00000000080014d0        0x6 ./Core/Src/stm32f4xx_it.o
                0x00000000080014d0                NMI_Handler
 .text.HardFault_Handler
                0x00000000080014d6        0x6 ./Core/Src/stm32f4xx_it.o
                0x00000000080014d6                HardFault_Handler
 .text.MemManage_Handler
                0x00000000080014dc        0x6 ./Core/Src/stm32f4xx_it.o
                0x00000000080014dc                MemManage_Handler
 .text.BusFault_Handler
                0x00000000080014e2        0x6 ./Core/Src/stm32f4xx_it.o
                0x00000000080014e2                BusFault_Handler
 .text.UsageFault_Handler
                0x00000000080014e8        0x6 ./Core/Src/stm32f4xx_it.o
                0x00000000080014e8                UsageFault_Handler
 .text.SVC_Handler
                0x00000000080014ee        0xe ./Core/Src/stm32f4xx_it.o
                0x00000000080014ee                SVC_Handler
 .text.DebugMon_Handler
                0x00000000080014fc        0xe ./Core/Src/stm32f4xx_it.o
                0x00000000080014fc                DebugMon_Handler
 .text.PendSV_Handler
                0x000000000800150a        0xe ./Core/Src/stm32f4xx_it.o
                0x000000000800150a                PendSV_Handler
 .text.SysTick_Handler
                0x0000000008001518        0xc ./Core/Src/stm32f4xx_it.o
                0x0000000008001518                SysTick_Handler
 .text.ADC_IRQHandler
                0x0000000008001524       0x14 ./Core/Src/stm32f4xx_it.o
                0x0000000008001524                ADC_IRQHandler
 .text.OTG_HS_EP1_OUT_IRQHandler
                0x0000000008001538       0x14 ./Core/Src/stm32f4xx_it.o
                0x0000000008001538                OTG_HS_EP1_OUT_IRQHandler
 .text.OTG_HS_EP1_IN_IRQHandler
                0x000000000800154c       0x14 ./Core/Src/stm32f4xx_it.o
                0x000000000800154c                OTG_HS_EP1_IN_IRQHandler
 .text.OTG_HS_IRQHandler
                0x0000000008001560       0x14 ./Core/Src/stm32f4xx_it.o
                0x0000000008001560                OTG_HS_IRQHandler
 .text.SystemInit
                0x0000000008001574       0x24 ./Core/Src/system_stm32f4xx.o
                0x0000000008001574                SystemInit
 .text.Reset_Handler
                0x0000000008001598       0x50 ./Core/Startup/startup_stm32f405rgtx.o
                0x0000000008001598                Reset_Handler
 .text.Default_Handler
                0x00000000080015e8        0x2 ./Core/Startup/startup_stm32f405rgtx.o
                0x00000000080015e8                RTC_Alarm_IRQHandler
                0x00000000080015e8                HASH_RNG_IRQHandler
                0x00000000080015e8                EXTI2_IRQHandler
                0x00000000080015e8                TIM8_CC_IRQHandler
                0x00000000080015e8                TIM1_CC_IRQHandler
                0x00000000080015e8                DMA2_Stream5_IRQHandler
                0x00000000080015e8                DMA1_Stream5_IRQHandler
                0x00000000080015e8                PVD_IRQHandler
                0x00000000080015e8                SDIO_IRQHandler
                0x00000000080015e8                TAMP_STAMP_IRQHandler
                0x00000000080015e8                CAN2_RX1_IRQHandler
                0x00000000080015e8                EXTI3_IRQHandler
                0x00000000080015e8                TIM8_TRG_COM_TIM14_IRQHandler
                0x00000000080015e8                TIM1_UP_TIM10_IRQHandler
                0x00000000080015e8                TIM8_UP_TIM13_IRQHandler
                0x00000000080015e8                I2C3_ER_IRQHandler
                0x00000000080015e8                EXTI0_IRQHandler
                0x00000000080015e8                I2C2_EV_IRQHandler
                0x00000000080015e8                DMA1_Stream2_IRQHandler
                0x00000000080015e8                CAN1_RX0_IRQHandler
                0x00000000080015e8                FPU_IRQHandler
                0x00000000080015e8                OTG_HS_WKUP_IRQHandler
                0x00000000080015e8                CAN2_SCE_IRQHandler
                0x00000000080015e8                DMA2_Stream2_IRQHandler
                0x00000000080015e8                SPI1_IRQHandler
                0x00000000080015e8                TIM6_DAC_IRQHandler
                0x00000000080015e8                TIM1_BRK_TIM9_IRQHandler
                0x00000000080015e8                CAN2_RX0_IRQHandler
                0x00000000080015e8                DMA2_Stream3_IRQHandler
                0x00000000080015e8                USART6_IRQHandler
                0x00000000080015e8                USART3_IRQHandler
                0x00000000080015e8                CAN1_RX1_IRQHandler
                0x00000000080015e8                UART5_IRQHandler
                0x00000000080015e8                DMA2_Stream0_IRQHandler
                0x00000000080015e8                TIM4_IRQHandler
                0x00000000080015e8                I2C1_EV_IRQHandler
                0x00000000080015e8                DMA1_Stream6_IRQHandler
                0x00000000080015e8                DMA1_Stream1_IRQHandler
                0x00000000080015e8                UART4_IRQHandler
                0x00000000080015e8                TIM3_IRQHandler
                0x00000000080015e8                RCC_IRQHandler
                0x00000000080015e8                TIM8_BRK_TIM12_IRQHandler
                0x00000000080015e8                Default_Handler
                0x00000000080015e8                EXTI15_10_IRQHandler
                0x00000000080015e8                DMA1_Stream7_IRQHandler
                0x00000000080015e8                TIM7_IRQHandler
                0x00000000080015e8                CAN2_TX_IRQHandler
                0x00000000080015e8                TIM5_IRQHandler
                0x00000000080015e8                DMA2_Stream7_IRQHandler
                0x00000000080015e8                I2C3_EV_IRQHandler
                0x00000000080015e8                EXTI9_5_IRQHandler
                0x00000000080015e8                RTC_WKUP_IRQHandler
                0x00000000080015e8                SPI2_IRQHandler
                0x00000000080015e8                DMA1_Stream0_IRQHandler
                0x00000000080015e8                CAN1_TX_IRQHandler
                0x00000000080015e8                EXTI4_IRQHandler
                0x00000000080015e8                FSMC_IRQHandler
                0x00000000080015e8                WWDG_IRQHandler
                0x00000000080015e8                TIM2_IRQHandler
                0x00000000080015e8                OTG_FS_WKUP_IRQHandler
                0x00000000080015e8                TIM1_TRG_COM_TIM11_IRQHandler
                0x00000000080015e8                EXTI1_IRQHandler
                0x00000000080015e8                USART2_IRQHandler
                0x00000000080015e8                I2C2_ER_IRQHandler
                0x00000000080015e8                DMA2_Stream1_IRQHandler
                0x00000000080015e8                CAN1_SCE_IRQHandler
                0x00000000080015e8                FLASH_IRQHandler
                0x00000000080015e8                DMA2_Stream4_IRQHandler
                0x00000000080015e8                USART1_IRQHandler
                0x00000000080015e8                OTG_FS_IRQHandler
                0x00000000080015e8                SPI3_IRQHandler
                0x00000000080015e8                DMA1_Stream4_IRQHandler
                0x00000000080015e8                I2C1_ER_IRQHandler
                0x00000000080015e8                DMA2_Stream6_IRQHandler
                0x00000000080015e8                DMA1_Stream3_IRQHandler
 *fill*         0x00000000080015ea        0x2 
 .text.HAL_Init
                0x00000000080015ec       0x44 ./Drivers/STM32F4xx_HAL_Driver/Src/stm32f4xx_hal.o
                0x00000000080015ec                HAL_Init
 .text.HAL_InitTick
                0x0000000008001630       0x60 ./Drivers/STM32F4xx_HAL_Driver/Src/stm32f4xx_hal.o
                0x0000000008001630                HAL_InitTick
 .text.HAL_IncTick
                0x0000000008001690       0x28 ./Drivers/STM32F4xx_HAL_Driver/Src/stm32f4xx_hal.o
                0x0000000008001690                HAL_IncTick
 .text.HAL_GetTick
                0x00000000080016b8       0x18 ./Drivers/STM32F4xx_HAL_Driver/Src/stm32f4xx_hal.o
                0x00000000080016b8                HAL_GetTick
 .text.HAL_Delay
                0x00000000080016d0       0x48 ./Drivers/STM32F4xx_HAL_Driver/Src/stm32f4xx_hal.o
                0x00000000080016d0                HAL_Delay
 .text.HAL_ADC_Init
                0x0000000008001718       0x86 ./Drivers/STM32F4xx_HAL_Driver/Src/stm32f4xx_hal_adc.o
                0x0000000008001718                HAL_ADC_Init
 .text.HAL_ADC_IRQHandler
                0x000000000800179e      0x220 ./Drivers/STM32F4xx_HAL_Driver/Src/stm32f4xx_hal_adc.o
                0x000000000800179e                HAL_ADC_IRQHandler
 .text.HAL_ADC_ConvCpltCallback
                0x00000000080019be       0x14 ./Drivers/STM32F4xx_HAL_Driver/Src/stm32f4xx_hal_adc.o
                0x00000000080019be                HAL_ADC_ConvCpltCallback
 .text.HAL_ADC_LevelOutOfWindowCallback
                0x00000000080019d2       0x14 ./Drivers/STM32F4xx_HAL_Driver/Src/stm32f4xx_hal_adc.o
                0x00000000080019d2                HAL_ADC_LevelOutOfWindowCallback
 .text.HAL_ADC_ErrorCallback
                0x00000000080019e6       0x14 ./Drivers/STM32F4xx_HAL_Driver/Src/stm32f4xx_hal_adc.o
                0x00000000080019e6                HAL_ADC_ErrorCallback
 *fill*         0x00000000080019fa        0x2 
 .text.HAL_ADC_ConfigChannel
                0x00000000080019fc      0x244 ./Drivers/STM32F4xx_HAL_Driver/Src/stm32f4xx_hal_adc.o
                0x00000000080019fc                HAL_ADC_ConfigChannel
 .text.ADC_Init
                0x0000000008001c40      0x1f8 ./Drivers/STM32F4xx_HAL_Driver/Src/stm32f4xx_hal_adc.o
 .text.HAL_ADCEx_InjectedConvCpltCallback
                0x0000000008001e38       0x14 ./Drivers/STM32F4xx_HAL_Driver/Src/stm32f4xx_hal_adc_ex.o
                0x0000000008001e38                HAL_ADCEx_InjectedConvCpltCallback
 .text.HAL_CAN_Init
                0x0000000008001e4c      0x1f6 ./Drivers/STM32F4xx_HAL_Driver/Src/stm32f4xx_hal_can.o
                0x0000000008001e4c                HAL_CAN_Init
 *fill*         0x0000000008002042        0x2 
 .text.__NVIC_SetPriorityGrouping
                0x0000000008002044       0x48 ./Drivers/STM32F4xx_HAL_Driver/Src/stm32f4xx_hal_cortex.o
 .text.__NVIC_GetPriorityGrouping
                0x000000000800208c       0x1c ./Drivers/STM32F4xx_HAL_Driver/Src/stm32f4xx_hal_cortex.o
 .text.__NVIC_EnableIRQ
                0x00000000080020a8       0x3c ./Drivers/STM32F4xx_HAL_Driver/Src/stm32f4xx_hal_cortex.o
 .text.__NVIC_SetPriority
                0x00000000080020e4       0x54 ./Drivers/STM32F4xx_HAL_Driver/Src/stm32f4xx_hal_cortex.o
 .text.NVIC_EncodePriority
                0x0000000008002138       0x66 ./Drivers/STM32F4xx_HAL_Driver/Src/stm32f4xx_hal_cortex.o
 *fill*         0x000000000800219e        0x2 
 .text.SysTick_Config
                0x00000000080021a0       0x44 ./Drivers/STM32F4xx_HAL_Driver/Src/stm32f4xx_hal_cortex.o
 .text.HAL_NVIC_SetPriorityGrouping
                0x00000000080021e4       0x16 ./Drivers/STM32F4xx_HAL_Driver/Src/stm32f4xx_hal_cortex.o
                0x00000000080021e4                HAL_NVIC_SetPriorityGrouping
 .text.HAL_NVIC_SetPriority
                0x00000000080021fa       0x38 ./Drivers/STM32F4xx_HAL_Driver/Src/stm32f4xx_hal_cortex.o
                0x00000000080021fa                HAL_NVIC_SetPriority
 .text.HAL_NVIC_EnableIRQ
                0x0000000008002232       0x1c ./Drivers/STM32F4xx_HAL_Driver/Src/stm32f4xx_hal_cortex.o
                0x0000000008002232                HAL_NVIC_EnableIRQ
 .text.HAL_SYSTICK_Config
                0x000000000800224e       0x18 ./Drivers/STM32F4xx_HAL_Driver/Src/stm32f4xx_hal_cortex.o
                0x000000000800224e                HAL_SYSTICK_Config
 .text.HAL_DAC_Init
                0x0000000008002266       0x44 ./Drivers/STM32F4xx_HAL_Driver/Src/stm32f4xx_hal_dac.o
                0x0000000008002266                HAL_DAC_Init
 .text.HAL_DAC_ConfigChannel
                0x00000000080022aa       0x9e ./Drivers/STM32F4xx_HAL_Driver/Src/stm32f4xx_hal_dac.o
                0x00000000080022aa                HAL_DAC_ConfigChannel
 .text.HAL_GPIO_Init
                0x0000000008002348      0x338 ./Drivers/STM32F4xx_HAL_Driver/Src/stm32f4xx_hal_gpio.o
                0x0000000008002348                HAL_GPIO_Init
 .text.HAL_GPIO_WritePin
                0x0000000008002680       0x32 ./Drivers/STM32F4xx_HAL_Driver/Src/stm32f4xx_hal_gpio.o
                0x0000000008002680                HAL_GPIO_WritePin
 *fill*         0x00000000080026b2        0x2 
 .text.HAL_I2C_Init
                0x00000000080026b4      0x288 ./Drivers/STM32F4xx_HAL_Driver/Src/stm32f4xx_hal_i2c.o
                0x00000000080026b4                HAL_I2C_Init
 .text.HAL_PCD_Init
                0x000000000800293c      0x23a ./Drivers/STM32F4xx_HAL_Driver/Src/stm32f4xx_hal_pcd.o
                0x000000000800293c                HAL_PCD_Init
 .text.HAL_PCD_Start
                0x0000000008002b76       0x66 ./Drivers/STM32F4xx_HAL_Driver/Src/stm32f4xx_hal_pcd.o
                0x0000000008002b76                HAL_PCD_Start
 .text.HAL_PCD_IRQHandler
                0x0000000008002bdc      0x93e ./Drivers/STM32F4xx_HAL_Driver/Src/stm32f4xx_hal_pcd.o
                0x0000000008002bdc                HAL_PCD_IRQHandler
 .text.HAL_PCD_SetAddress
                0x000000000800351a       0x4a ./Drivers/STM32F4xx_HAL_Driver/Src/stm32f4xx_hal_pcd.o
                0x000000000800351a                HAL_PCD_SetAddress
 .text.HAL_PCD_EP_Open
                0x0000000008003564       0xd0 ./Drivers/STM32F4xx_HAL_Driver/Src/stm32f4xx_hal_pcd.o
                0x0000000008003564                HAL_PCD_EP_Open
 .text.HAL_PCD_EP_Close
                0x0000000008003634       0x94 ./Drivers/STM32F4xx_HAL_Driver/Src/stm32f4xx_hal_pcd.o
                0x0000000008003634                HAL_PCD_EP_Close
 .text.HAL_PCD_EP_Receive
                0x00000000080036c8       0x96 ./Drivers/STM32F4xx_HAL_Driver/Src/stm32f4xx_hal_pcd.o
                0x00000000080036c8                HAL_PCD_EP_Receive
 .text.HAL_PCD_EP_GetRxCount
                0x000000000800375e       0x30 ./Drivers/STM32F4xx_HAL_Driver/Src/stm32f4xx_hal_pcd.o
                0x000000000800375e                HAL_PCD_EP_GetRxCount
 .text.HAL_PCD_EP_Transmit
                0x000000000800378e       0x94 ./Drivers/STM32F4xx_HAL_Driver/Src/stm32f4xx_hal_pcd.o
                0x000000000800378e                HAL_PCD_EP_Transmit
 .text.HAL_PCD_EP_SetStall
                0x0000000008003822       0xc8 ./Drivers/STM32F4xx_HAL_Driver/Src/stm32f4xx_hal_pcd.o
                0x0000000008003822                HAL_PCD_EP_SetStall
 .text.HAL_PCD_EP_ClrStall
                0x00000000080038ea       0xac ./Drivers/STM32F4xx_HAL_Driver/Src/stm32f4xx_hal_pcd.o
                0x00000000080038ea                HAL_PCD_EP_ClrStall
 .text.HAL_PCD_EP_Abort
                0x0000000008003996       0x62 ./Drivers/STM32F4xx_HAL_Driver/Src/stm32f4xx_hal_pcd.o
                0x0000000008003996                HAL_PCD_EP_Abort
 .text.PCD_WriteEmptyTxFifo
                0x00000000080039f8      0x11a ./Drivers/STM32F4xx_HAL_Driver/Src/stm32f4xx_hal_pcd.o
 *fill*         0x0000000008003b12        0x2 
 .text.PCD_EP_OutXfrComplete_int
                0x0000000008003b14      0x1d0 ./Drivers/STM32F4xx_HAL_Driver/Src/stm32f4xx_hal_pcd.o
 .text.PCD_EP_OutSetupPacket_int
                0x0000000008003ce4       0x8c ./Drivers/STM32F4xx_HAL_Driver/Src/stm32f4xx_hal_pcd.o
 .text.HAL_PCDEx_SetTxFiFo
                0x0000000008003d70       0x8e ./Drivers/STM32F4xx_HAL_Driver/Src/stm32f4xx_hal_pcd_ex.o
                0x0000000008003d70                HAL_PCDEx_SetTxFiFo
 .text.HAL_PCDEx_SetRxFiFo
                0x0000000008003dfe       0x22 ./Drivers/STM32F4xx_HAL_Driver/Src/stm32f4xx_hal_pcd_ex.o
                0x0000000008003dfe                HAL_PCDEx_SetRxFiFo
 .text.HAL_PCDEx_LPM_Callback
                0x0000000008003e20       0x18 ./Drivers/STM32F4xx_HAL_Driver/Src/stm32f4xx_hal_pcd_ex.o
                0x0000000008003e20                HAL_PCDEx_LPM_Callback
 .text.HAL_RCC_OscConfig
                0x0000000008003e38      0x4f0 ./Drivers/STM32F4xx_HAL_Driver/Src/stm32f4xx_hal_rcc.o
                0x0000000008003e38                HAL_RCC_OscConfig
 .text.HAL_RCC_ClockConfig
                0x0000000008004328      0x1cc ./Drivers/STM32F4xx_HAL_Driver/Src/stm32f4xx_hal_rcc.o
                0x0000000008004328                HAL_RCC_ClockConfig
 .text.HAL_RCC_GetSysClockFreq
                0x00000000080044f4      0x18c ./Drivers/STM32F4xx_HAL_Driver/Src/stm32f4xx_hal_rcc.o
                0x00000000080044f4                HAL_RCC_GetSysClockFreq
 .text.HAL_RCC_GetHCLKFreq
                0x0000000008004680       0x18 ./Drivers/STM32F4xx_HAL_Driver/Src/stm32f4xx_hal_rcc.o
                0x0000000008004680                HAL_RCC_GetHCLKFreq
 .text.HAL_RCC_GetPCLK1Freq
                0x0000000008004698       0x28 ./Drivers/STM32F4xx_HAL_Driver/Src/stm32f4xx_hal_rcc.o
                0x0000000008004698                HAL_RCC_GetPCLK1Freq
 .text.HAL_RCC_GetPCLK2Freq
                0x00000000080046c0       0x28 ./Drivers/STM32F4xx_HAL_Driver/Src/stm32f4xx_hal_rcc.o
                0x00000000080046c0                HAL_RCC_GetPCLK2Freq
 .text.HAL_SPI_Init
                0x00000000080046e8      0x112 ./Drivers/STM32F4xx_HAL_Driver/Src/stm32f4xx_hal_spi.o
                0x00000000080046e8                HAL_SPI_Init
 .text.HAL_TIM_Base_Init
                0x00000000080047fa       0x9e ./Drivers/STM32F4xx_HAL_Driver/Src/stm32f4xx_hal_tim.o
                0x00000000080047fa                HAL_TIM_Base_Init
 .text.HAL_TIM_PWM_Init
                0x0000000008004898       0x9e ./Drivers/STM32F4xx_HAL_Driver/Src/stm32f4xx_hal_tim.o
                0x0000000008004898                HAL_TIM_PWM_Init
 .text.HAL_TIM_PWM_MspInit
                0x0000000008004936       0x14 ./Drivers/STM32F4xx_HAL_Driver/Src/stm32f4xx_hal_tim.o
                0x0000000008004936                HAL_TIM_PWM_MspInit
 *fill*         0x000000000800494a        0x2 
 .text.HAL_TIM_PWM_ConfigChannel
                0x000000000800494c      0x184 ./Drivers/STM32F4xx_HAL_Driver/Src/stm32f4xx_hal_tim.o
                0x000000000800494c                HAL_TIM_PWM_ConfigChannel
 .text.HAL_TIM_ConfigClockSource
                0x0000000008004ad0      0x18e ./Drivers/STM32F4xx_HAL_Driver/Src/stm32f4xx_hal_tim.o
                0x0000000008004ad0                HAL_TIM_ConfigClockSource
 *fill*         0x0000000008004c5e        0x2 
 .text.TIM_Base_SetConfig
                0x0000000008004c60      0x140 ./Drivers/STM32F4xx_HAL_Driver/Src/stm32f4xx_hal_tim.o
                0x0000000008004c60                TIM_Base_SetConfig
 .text.TIM_OC1_SetConfig
                0x0000000008004da0       0xe0 ./Drivers/STM32F4xx_HAL_Driver/Src/stm32f4xx_hal_tim.o
 .text.TIM_OC2_SetConfig
                0x0000000008004e80       0xec ./Drivers/STM32F4xx_HAL_Driver/Src/stm32f4xx_hal_tim.o
                0x0000000008004e80                TIM_OC2_SetConfig
 .text.TIM_OC3_SetConfig
                0x0000000008004f6c       0xe8 ./Drivers/STM32F4xx_HAL_Driver/Src/stm32f4xx_hal_tim.o
 .text.TIM_OC4_SetConfig
                0x0000000008005054       0xac ./Drivers/STM32F4xx_HAL_Driver/Src/stm32f4xx_hal_tim.o
 .text.TIM_TI1_ConfigInputStage
                0x0000000008005100       0x5e ./Drivers/STM32F4xx_HAL_Driver/Src/stm32f4xx_hal_tim.o
 .text.TIM_TI2_ConfigInputStage
                0x000000000800515e       0x60 ./Drivers/STM32F4xx_HAL_Driver/Src/stm32f4xx_hal_tim.o
 .text.TIM_ITRx_SetConfig
                0x00000000080051be       0x36 ./Drivers/STM32F4xx_HAL_Driver/Src/stm32f4xx_hal_tim.o
 .text.TIM_ETR_SetConfig
                0x00000000080051f4       0x40 ./Drivers/STM32F4xx_HAL_Driver/Src/stm32f4xx_hal_tim.o
                0x00000000080051f4                TIM_ETR_SetConfig
 .text.HAL_TIMEx_MasterConfigSynchronization
                0x0000000008005234       0xf8 ./Drivers/STM32F4xx_HAL_Driver/Src/stm32f4xx_hal_tim_ex.o
                0x0000000008005234                HAL_TIMEx_MasterConfigSynchronization
 .text.HAL_TIMEx_ConfigBreakDeadTime
                0x000000000800532c       0xa4 ./Drivers/STM32F4xx_HAL_Driver/Src/stm32f4xx_hal_tim_ex.o
                0x000000000800532c                HAL_TIMEx_ConfigBreakDeadTime
 .text.HAL_UART_Init
                0x00000000080053d0       0x9a ./Drivers/STM32F4xx_HAL_Driver/Src/stm32f4xx_hal_uart.o
                0x00000000080053d0                HAL_UART_Init
 *fill*         0x000000000800546a        0x2 
 .text.UART_SetConfig
                0x000000000800546c      0x4e8 ./Drivers/STM32F4xx_HAL_Driver/Src/stm32f4xx_hal_uart.o
 .text.USB_CoreInit
                0x0000000008005954       0xc2 ./Drivers/STM32F4xx_HAL_Driver/Src/stm32f4xx_ll_usb.o
                0x0000000008005954                USB_CoreInit
 *fill*         0x0000000008005a16        0x2 
 .text.USB_SetTurnaroundTime
                0x0000000008005a18      0x144 ./Drivers/STM32F4xx_HAL_Driver/Src/stm32f4xx_ll_usb.o
                0x0000000008005a18                USB_SetTurnaroundTime
 .text.USB_EnableGlobalInt
                0x0000000008005b5c       0x22 ./Drivers/STM32F4xx_HAL_Driver/Src/stm32f4xx_ll_usb.o
                0x0000000008005b5c                USB_EnableGlobalInt
 .text.USB_DisableGlobalInt
                0x0000000008005b7e       0x22 ./Drivers/STM32F4xx_HAL_Driver/Src/stm32f4xx_ll_usb.o
                0x0000000008005b7e                USB_DisableGlobalInt
 .text.USB_SetCurrentMode
                0x0000000008005ba0       0x98 ./Drivers/STM32F4xx_HAL_Driver/Src/stm32f4xx_ll_usb.o
                0x0000000008005ba0                USB_SetCurrentMode
 .text.USB_DevInit
                0x0000000008005c38      0x2c8 ./Drivers/STM32F4xx_HAL_Driver/Src/stm32f4xx_ll_usb.o
                0x0000000008005c38                USB_DevInit
 .text.USB_FlushTxFifo
                0x0000000008005f00       0x68 ./Drivers/STM32F4xx_HAL_Driver/Src/stm32f4xx_ll_usb.o
                0x0000000008005f00                USB_FlushTxFifo
 .text.USB_FlushRxFifo
                0x0000000008005f68       0x60 ./Drivers/STM32F4xx_HAL_Driver/Src/stm32f4xx_ll_usb.o
                0x0000000008005f68                USB_FlushRxFifo
 .text.USB_SetDevSpeed
                0x0000000008005fc8       0x32 ./Drivers/STM32F4xx_HAL_Driver/Src/stm32f4xx_ll_usb.o
                0x0000000008005fc8                USB_SetDevSpeed
 .text.USB_GetDevSpeed
                0x0000000008005ffa       0x4a ./Drivers/STM32F4xx_HAL_Driver/Src/stm32f4xx_ll_usb.o
                0x0000000008005ffa                USB_GetDevSpeed
 .text.USB_ActivateEndpoint
                0x0000000008006044      0x10e ./Drivers/STM32F4xx_HAL_Driver/Src/stm32f4xx_ll_usb.o
                0x0000000008006044                USB_ActivateEndpoint
 *fill*         0x0000000008006152        0x2 
 .text.USB_DeactivateEndpoint
                0x0000000008006154      0x1b8 ./Drivers/STM32F4xx_HAL_Driver/Src/stm32f4xx_ll_usb.o
                0x0000000008006154                USB_DeactivateEndpoint
 .text.USB_EPStartXfer
                0x000000000800630c      0x490 ./Drivers/STM32F4xx_HAL_Driver/Src/stm32f4xx_ll_usb.o
                0x000000000800630c                USB_EPStartXfer
 .text.USB_EP0StartXfer
                0x000000000800679c      0x2b0 ./Drivers/STM32F4xx_HAL_Driver/Src/stm32f4xx_ll_usb.o
                0x000000000800679c                USB_EP0StartXfer
 .text.USB_EPStopXfer
                0x0000000008006a4c      0x154 ./Drivers/STM32F4xx_HAL_Driver/Src/stm32f4xx_ll_usb.o
                0x0000000008006a4c                USB_EPStopXfer
 .text.USB_WritePacket
                0x0000000008006ba0       0x7c ./Drivers/STM32F4xx_HAL_Driver/Src/stm32f4xx_ll_usb.o
                0x0000000008006ba0                USB_WritePacket
 .text.USB_ReadPacket
                0x0000000008006c1c       0xb0 ./Drivers/STM32F4xx_HAL_Driver/Src/stm32f4xx_ll_usb.o
                0x0000000008006c1c                USB_ReadPacket
 .text.USB_EPSetStall
                0x0000000008006ccc       0xdc ./Drivers/STM32F4xx_HAL_Driver/Src/stm32f4xx_ll_usb.o
                0x0000000008006ccc                USB_EPSetStall
 .text.USB_EPClearStall
                0x0000000008006da8       0xcc ./Drivers/STM32F4xx_HAL_Driver/Src/stm32f4xx_ll_usb.o
                0x0000000008006da8                USB_EPClearStall
 .text.USB_SetDevAddress
                0x0000000008006e74       0x4c ./Drivers/STM32F4xx_HAL_Driver/Src/stm32f4xx_ll_usb.o
                0x0000000008006e74                USB_SetDevAddress
 .text.USB_DevConnect
                0x0000000008006ec0       0x42 ./Drivers/STM32F4xx_HAL_Driver/Src/stm32f4xx_ll_usb.o
                0x0000000008006ec0                USB_DevConnect
 .text.USB_DevDisconnect
                0x0000000008006f02       0x42 ./Drivers/STM32F4xx_HAL_Driver/Src/stm32f4xx_ll_usb.o
                0x0000000008006f02                USB_DevDisconnect
 .text.USB_ReadInterrupts
                0x0000000008006f44       0x26 ./Drivers/STM32F4xx_HAL_Driver/Src/stm32f4xx_ll_usb.o
                0x0000000008006f44                USB_ReadInterrupts
 .text.USB_ReadDevAllOutEpInterrupt
                0x0000000008006f6a       0x34 ./Drivers/STM32F4xx_HAL_Driver/Src/stm32f4xx_ll_usb.o
                0x0000000008006f6a                USB_ReadDevAllOutEpInterrupt
 .text.USB_ReadDevAllInEpInterrupt
                0x0000000008006f9e       0x34 ./Drivers/STM32F4xx_HAL_Driver/Src/stm32f4xx_ll_usb.o
                0x0000000008006f9e                USB_ReadDevAllInEpInterrupt
 .text.USB_ReadDevOutEPInterrupt
                0x0000000008006fd2       0x3c ./Drivers/STM32F4xx_HAL_Driver/Src/stm32f4xx_ll_usb.o
                0x0000000008006fd2                USB_ReadDevOutEPInterrupt
 .text.USB_ReadDevInEPInterrupt
                0x000000000800700e       0x5c ./Drivers/STM32F4xx_HAL_Driver/Src/stm32f4xx_ll_usb.o
                0x000000000800700e                USB_ReadDevInEPInterrupt
 .text.USB_GetMode
                0x000000000800706a       0x1c ./Drivers/STM32F4xx_HAL_Driver/Src/stm32f4xx_ll_usb.o
                0x000000000800706a                USB_GetMode
 .text.USB_ActivateSetup
                0x0000000008007086       0x46 ./Drivers/STM32F4xx_HAL_Driver/Src/stm32f4xx_ll_usb.o
                0x0000000008007086                USB_ActivateSetup
 .text.USB_EP0_OutStart
                0x00000000080070cc       0xbc ./Drivers/STM32F4xx_HAL_Driver/Src/stm32f4xx_ll_usb.o
                0x00000000080070cc                USB_EP0_OutStart
 .text.USB_CoreReset
                0x0000000008007188       0x68 ./Drivers/STM32F4xx_HAL_Driver/Src/stm32f4xx_ll_usb.o
 .text.USBD_CDC_Init
                0x00000000080071f0      0x1f0 ./Middlewares/ST/STM32_USB_Device_Library/Class/CDC/Src/usbd_cdc.o
 .text.USBD_CDC_DeInit
                0x00000000080073e0      0x104 ./Middlewares/ST/STM32_USB_Device_Library/Class/CDC/Src/usbd_cdc.o
 .text.USBD_CDC_Setup
                0x00000000080074e4      0x1b8 ./Middlewares/ST/STM32_USB_Device_Library/Class/CDC/Src/usbd_cdc.o
 .text.USBD_CDC_DataIn
                0x000000000800769c       0xfe ./Middlewares/ST/STM32_USB_Device_Library/Class/CDC/Src/usbd_cdc.o
 .text.USBD_CDC_DataOut
                0x000000000800779a       0x70 ./Middlewares/ST/STM32_USB_Device_Library/Class/CDC/Src/usbd_cdc.o
 .text.USBD_CDC_EP0_RxReady
                0x000000000800780a       0x76 ./Middlewares/ST/STM32_USB_Device_Library/Class/CDC/Src/usbd_cdc.o
 .text.USBD_CDC_GetFSCfgDesc
                0x0000000008007880       0x70 ./Middlewares/ST/STM32_USB_Device_Library/Class/CDC/Src/usbd_cdc.o
 .text.USBD_CDC_GetHSCfgDesc
                0x00000000080078f0       0x70 ./Middlewares/ST/STM32_USB_Device_Library/Class/CDC/Src/usbd_cdc.o
 .text.USBD_CDC_GetOtherSpeedCfgDesc
                0x0000000008007960       0x70 ./Middlewares/ST/STM32_USB_Device_Library/Class/CDC/Src/usbd_cdc.o
 .text.USBD_CDC_GetDeviceQualifierDescriptor
                0x00000000080079d0       0x20 ./Middlewares/ST/STM32_USB_Device_Library/Class/CDC/Src/usbd_cdc.o
                0x00000000080079d0                USBD_CDC_GetDeviceQualifierDescriptor
 .text.USBD_CDC_RegisterInterface
                0x00000000080079f0       0x34 ./Middlewares/ST/STM32_USB_Device_Library/Class/CDC/Src/usbd_cdc.o
                0x00000000080079f0                USBD_CDC_RegisterInterface
 .text.USBD_CDC_SetTxBuffer
                0x0000000008007a24       0x44 ./Middlewares/ST/STM32_USB_Device_Library/Class/CDC/Src/usbd_cdc.o
                0x0000000008007a24                USBD_CDC_SetTxBuffer
 .text.USBD_CDC_SetRxBuffer
                0x0000000008007a68       0x3a ./Middlewares/ST/STM32_USB_Device_Library/Class/CDC/Src/usbd_cdc.o
                0x0000000008007a68                USBD_CDC_SetRxBuffer
 *fill*         0x0000000008007aa2        0x2 
 .text.USBD_CDC_ReceivePacket
                0x0000000008007aa4       0x6c ./Middlewares/ST/STM32_USB_Device_Library/Class/CDC/Src/usbd_cdc.o
                0x0000000008007aa4                USBD_CDC_ReceivePacket
 .text.USBD_Init
                0x0000000008007b10       0x60 ./Middlewares/ST/STM32_USB_Device_Library/Core/Src/usbd_core.o
                0x0000000008007b10                USBD_Init
 .text.USBD_RegisterClass
                0x0000000008007b70       0x6c ./Middlewares/ST/STM32_USB_Device_Library/Core/Src/usbd_core.o
                0x0000000008007b70                USBD_RegisterClass
 .text.USBD_Start
                0x0000000008007bdc       0x18 ./Middlewares/ST/STM32_USB_Device_Library/Core/Src/usbd_core.o
                0x0000000008007bdc                USBD_Start
 .text.USBD_RunTestMode
                0x0000000008007bf4       0x16 ./Middlewares/ST/STM32_USB_Device_Library/Core/Src/usbd_core.o
                0x0000000008007bf4                USBD_RunTestMode
 .text.USBD_SetClassConfig
                0x0000000008007c0a       0x38 ./Middlewares/ST/STM32_USB_Device_Library/Core/Src/usbd_core.o
                0x0000000008007c0a                USBD_SetClassConfig
 .text.USBD_ClrClassConfig
                0x0000000008007c42       0x34 ./Middlewares/ST/STM32_USB_Device_Library/Core/Src/usbd_core.o
                0x0000000008007c42                USBD_ClrClassConfig
 .text.USBD_LL_SetupStage
                0x0000000008007c76       0xaa ./Middlewares/ST/STM32_USB_Device_Library/Core/Src/usbd_core.o
                0x0000000008007c76                USBD_LL_SetupStage
 .text.USBD_LL_DataOutStage
                0x0000000008007d20      0x166 ./Middlewares/ST/STM32_USB_Device_Library/Core/Src/usbd_core.o
                0x0000000008007d20                USBD_LL_DataOutStage
 .text.USBD_LL_DataInStage
                0x0000000008007e86      0x164 ./Middlewares/ST/STM32_USB_Device_Library/Core/Src/usbd_core.o
                0x0000000008007e86                USBD_LL_DataInStage
 .text.USBD_LL_Reset
                0x0000000008007fea       0xa4 ./Middlewares/ST/STM32_USB_Device_Library/Core/Src/usbd_core.o
                0x0000000008007fea                USBD_LL_Reset
 .text.USBD_LL_SetSpeed
                0x000000000800808e       0x20 ./Middlewares/ST/STM32_USB_Device_Library/Core/Src/usbd_core.o
                0x000000000800808e                USBD_LL_SetSpeed
 .text.USBD_LL_Suspend
                0x00000000080080ae       0x2c ./Middlewares/ST/STM32_USB_Device_Library/Core/Src/usbd_core.o
                0x00000000080080ae                USBD_LL_Suspend
 .text.USBD_LL_Resume
                0x00000000080080da       0x30 ./Middlewares/ST/STM32_USB_Device_Library/Core/Src/usbd_core.o
                0x00000000080080da                USBD_LL_Resume
 .text.USBD_LL_SOF
                0x000000000800810a       0x40 ./Middlewares/ST/STM32_USB_Device_Library/Core/Src/usbd_core.o
                0x000000000800810a                USBD_LL_SOF
 .text.USBD_LL_IsoINIncomplete
                0x000000000800814a       0x64 ./Middlewares/ST/STM32_USB_Device_Library/Core/Src/usbd_core.o
                0x000000000800814a                USBD_LL_IsoINIncomplete
 .text.USBD_LL_IsoOUTIncomplete
                0x00000000080081ae       0x64 ./Middlewares/ST/STM32_USB_Device_Library/Core/Src/usbd_core.o
                0x00000000080081ae                USBD_LL_IsoOUTIncomplete
 .text.USBD_LL_DevConnected
                0x0000000008008212       0x16 ./Middlewares/ST/STM32_USB_Device_Library/Core/Src/usbd_core.o
                0x0000000008008212                USBD_LL_DevConnected
 .text.USBD_LL_DevDisconnected
                0x0000000008008228       0x46 ./Middlewares/ST/STM32_USB_Device_Library/Core/Src/usbd_core.o
                0x0000000008008228                USBD_LL_DevDisconnected
 .text.USBD_CoreFindIF
                0x000000000800826e       0x1a ./Middlewares/ST/STM32_USB_Device_Library/Core/Src/usbd_core.o
                0x000000000800826e                USBD_CoreFindIF
 .text.USBD_CoreFindEP
                0x0000000008008288       0x1a ./Middlewares/ST/STM32_USB_Device_Library/Core/Src/usbd_core.o
                0x0000000008008288                USBD_CoreFindEP
 .text.USBD_GetEpDesc
                0x00000000080082a2       0x74 ./Middlewares/ST/STM32_USB_Device_Library/Core/Src/usbd_core.o
                0x00000000080082a2                USBD_GetEpDesc
 .text.USBD_GetNextDesc
                0x0000000008008316       0x3a ./Middlewares/ST/STM32_USB_Device_Library/Core/Src/usbd_core.o
                0x0000000008008316                USBD_GetNextDesc
 .text.SWAPBYTE
                0x0000000008008350       0x3c ./Middlewares/ST/STM32_USB_Device_Library/Core/Src/usbd_ctlreq.o
 .text.USBD_StdDevReq
                0x000000000800838c       0xe4 ./Middlewares/ST/STM32_USB_Device_Library/Core/Src/usbd_ctlreq.o
                0x000000000800838c                USBD_StdDevReq
 .text.USBD_StdItfReq
                0x0000000008008470       0xd8 ./Middlewares/ST/STM32_USB_Device_Library/Core/Src/usbd_ctlreq.o
                0x0000000008008470                USBD_StdItfReq
 .text.USBD_StdEPReq
                0x0000000008008548      0x33a ./Middlewares/ST/STM32_USB_Device_Library/Core/Src/usbd_ctlreq.o
                0x0000000008008548                USBD_StdEPReq
 *fill*         0x0000000008008882        0x2 
 .text.USBD_GetDescriptor
                0x0000000008008884      0x2d4 ./Middlewares/ST/STM32_USB_Device_Library/Core/Src/usbd_ctlreq.o
 .text.USBD_SetAddress
                0x0000000008008b58       0x88 ./Middlewares/ST/STM32_USB_Device_Library/Core/Src/usbd_ctlreq.o
 .text.USBD_SetConfig
                0x0000000008008be0      0x154 ./Middlewares/ST/STM32_USB_Device_Library/Core/Src/usbd_ctlreq.o
 .text.USBD_GetConfig
                0x0000000008008d34       0x6c ./Middlewares/ST/STM32_USB_Device_Library/Core/Src/usbd_ctlreq.o
 .text.USBD_GetStatus
                0x0000000008008da0       0x68 ./Middlewares/ST/STM32_USB_Device_Library/Core/Src/usbd_ctlreq.o
 .text.USBD_SetFeature
                0x0000000008008e08       0x52 ./Middlewares/ST/STM32_USB_Device_Library/Core/Src/usbd_ctlreq.o
 .text.USBD_ClrFeature
                0x0000000008008e5a       0x44 ./Middlewares/ST/STM32_USB_Device_Library/Core/Src/usbd_ctlreq.o
 .text.USBD_ParseSetupRequest
                0x0000000008008e9e       0x74 ./Middlewares/ST/STM32_USB_Device_Library/Core/Src/usbd_ctlreq.o
                0x0000000008008e9e                USBD_ParseSetupRequest
 .text.USBD_CtlError
                0x0000000008008f12       0x22 ./Middlewares/ST/STM32_USB_Device_Library/Core/Src/usbd_ctlreq.o
                0x0000000008008f12                USBD_CtlError
 .text.USBD_GetString
                0x0000000008008f34       0x8c ./Middlewares/ST/STM32_USB_Device_Library/Core/Src/usbd_ctlreq.o
                0x0000000008008f34                USBD_GetString
 .text.USBD_GetLen
                0x0000000008008fc0       0x34 ./Middlewares/ST/STM32_USB_Device_Library/Core/Src/usbd_ctlreq.o
 .text.USBD_CtlSendData
                0x0000000008008ff4       0x36 ./Middlewares/ST/STM32_USB_Device_Library/Core/Src/usbd_ioreq.o
                0x0000000008008ff4                USBD_CtlSendData
 .text.USBD_CtlContinueSendData
                0x000000000800902a       0x22 ./Middlewares/ST/STM32_USB_Device_Library/Core/Src/usbd_ioreq.o
                0x000000000800902a                USBD_CtlContinueSendData
 .text.USBD_CtlPrepareRx
                0x000000000800904c       0x3a ./Middlewares/ST/STM32_USB_Device_Library/Core/Src/usbd_ioreq.o
                0x000000000800904c                USBD_CtlPrepareRx
 .text.USBD_CtlContinueRx
                0x0000000008009086       0x22 ./Middlewares/ST/STM32_USB_Device_Library/Core/Src/usbd_ioreq.o
                0x0000000008009086                USBD_CtlContinueRx
 .text.USBD_CtlSendStatus
                0x00000000080090a8       0x26 ./Middlewares/ST/STM32_USB_Device_Library/Core/Src/usbd_ioreq.o
                0x00000000080090a8                USBD_CtlSendStatus
 .text.USBD_CtlReceiveStatus
                0x00000000080090ce       0x26 ./Middlewares/ST/STM32_USB_Device_Library/Core/Src/usbd_ioreq.o
                0x00000000080090ce                USBD_CtlReceiveStatus
 .text.MX_USB_DEVICE_Init
                0x00000000080090f4       0x60 ./USB_DEVICE/App/usb_device.o
                0x00000000080090f4                MX_USB_DEVICE_Init
 .text.CDC_Init_HS
                0x0000000008009154       0x28 ./USB_DEVICE/App/usbd_cdc_if.o
 .text.CDC_DeInit_HS
                0x000000000800917c       0x10 ./USB_DEVICE/App/usbd_cdc_if.o
 .text.CDC_Control_HS
                0x000000000800918c      0x144 ./USB_DEVICE/App/usbd_cdc_if.o
 .text.CDC_Receive_HS
                0x00000000080092d0       0x34 ./USB_DEVICE/App/usbd_cdc_if.o
 .text.CDC_TransmitCplt_HS
                0x0000000008009304       0x22 ./USB_DEVICE/App/usbd_cdc_if.o
 *fill*         0x0000000008009326        0x2 
 .text.USBD_HS_DeviceDescriptor
                0x0000000008009328       0x24 ./USB_DEVICE/App/usbd_desc.o
                0x0000000008009328                USBD_HS_DeviceDescriptor
 .text.USBD_HS_LangIDStrDescriptor
                0x000000000800934c       0x24 ./USB_DEVICE/App/usbd_desc.o
                0x000000000800934c                USBD_HS_LangIDStrDescriptor
 .text.USBD_HS_ProductStrDescriptor
                0x0000000008009370       0x3c ./USB_DEVICE/App/usbd_desc.o
                0x0000000008009370                USBD_HS_ProductStrDescriptor
 .text.USBD_HS_ManufacturerStrDescriptor
                0x00000000080093ac       0x28 ./USB_DEVICE/App/usbd_desc.o
                0x00000000080093ac                USBD_HS_ManufacturerStrDescriptor
 .text.USBD_HS_SerialStrDescriptor
                0x00000000080093d4       0x24 ./USB_DEVICE/App/usbd_desc.o
                0x00000000080093d4                USBD_HS_SerialStrDescriptor
 .text.USBD_HS_ConfigStrDescriptor
                0x00000000080093f8       0x3c ./USB_DEVICE/App/usbd_desc.o
                0x00000000080093f8                USBD_HS_ConfigStrDescriptor
 .text.USBD_HS_InterfaceStrDescriptor
                0x0000000008009434       0x3c ./USB_DEVICE/App/usbd_desc.o
                0x0000000008009434                USBD_HS_InterfaceStrDescriptor
 .text.Get_SerialNum
                0x0000000008009470       0x58 ./USB_DEVICE/App/usbd_desc.o
 .text.IntToUnicode
                0x00000000080094c8       0x7e ./USB_DEVICE/App/usbd_desc.o
 *fill*         0x0000000008009546        0x2 
 .text.HAL_PCD_MspInit
                0x0000000008009548       0xc0 ./USB_DEVICE/Target/usbd_conf.o
                0x0000000008009548                HAL_PCD_MspInit
 .text.HAL_PCD_SetupStageCallback
                0x0000000008009608       0x24 ./USB_DEVICE/Target/usbd_conf.o
                0x0000000008009608                HAL_PCD_SetupStageCallback
 .text.HAL_PCD_DataOutStageCallback
                0x000000000800962c       0x36 ./USB_DEVICE/Target/usbd_conf.o
                0x000000000800962c                HAL_PCD_DataOutStageCallback
 .text.HAL_PCD_DataInStageCallback
                0x0000000008009662       0x34 ./USB_DEVICE/Target/usbd_conf.o
                0x0000000008009662                HAL_PCD_DataInStageCallback
 .text.HAL_PCD_SOFCallback
                0x0000000008009696       0x1c ./USB_DEVICE/Target/usbd_conf.o
                0x0000000008009696                HAL_PCD_SOFCallback
 .text.HAL_PCD_ResetCallback
                0x00000000080096b2       0x50 ./USB_DEVICE/Target/usbd_conf.o
                0x00000000080096b2                HAL_PCD_ResetCallback
 *fill*         0x0000000008009702        0x2 
 .text.HAL_PCD_SuspendCallback
                0x0000000008009704       0x4c ./USB_DEVICE/Target/usbd_conf.o
                0x0000000008009704                HAL_PCD_SuspendCallback
 .text.HAL_PCD_ResumeCallback
                0x0000000008009750       0x1c ./USB_DEVICE/Target/usbd_conf.o
                0x0000000008009750                HAL_PCD_ResumeCallback
 .text.HAL_PCD_ISOOUTIncompleteCallback
                0x000000000800976c       0x24 ./USB_DEVICE/Target/usbd_conf.o
                0x000000000800976c                HAL_PCD_ISOOUTIncompleteCallback
 .text.HAL_PCD_ISOINIncompleteCallback
                0x0000000008009790       0x24 ./USB_DEVICE/Target/usbd_conf.o
                0x0000000008009790                HAL_PCD_ISOINIncompleteCallback
 .text.HAL_PCD_ConnectCallback
                0x00000000080097b4       0x1c ./USB_DEVICE/Target/usbd_conf.o
                0x00000000080097b4                HAL_PCD_ConnectCallback
 .text.HAL_PCD_DisconnectCallback
                0x00000000080097d0       0x1c ./USB_DEVICE/Target/usbd_conf.o
                0x00000000080097d0                HAL_PCD_DisconnectCallback
 .text.USBD_LL_Init
                0x00000000080097ec       0xa4 ./USB_DEVICE/Target/usbd_conf.o
                0x00000000080097ec                USBD_LL_Init
 .text.USBD_LL_Start
                0x0000000008009890       0x36 ./USB_DEVICE/Target/usbd_conf.o
                0x0000000008009890                USBD_LL_Start
 .text.USBD_LL_OpenEP
                0x00000000080098c6       0x4c ./USB_DEVICE/Target/usbd_conf.o
                0x00000000080098c6                USBD_LL_OpenEP
 .text.USBD_LL_CloseEP
                0x0000000008009912       0x3e ./USB_DEVICE/Target/usbd_conf.o
                0x0000000008009912                USBD_LL_CloseEP
 .text.USBD_LL_StallEP
                0x0000000008009950       0x3e ./USB_DEVICE/Target/usbd_conf.o
                0x0000000008009950                USBD_LL_StallEP
 .text.USBD_LL_ClearStallEP
                0x000000000800998e       0x3e ./USB_DEVICE/Target/usbd_conf.o
                0x000000000800998e                USBD_LL_ClearStallEP
 .text.USBD_LL_IsStallEP
                0x00000000080099cc       0x58 ./USB_DEVICE/Target/usbd_conf.o
                0x00000000080099cc                USBD_LL_IsStallEP
 .text.USBD_LL_SetUSBAddress
                0x0000000008009a24       0x3e ./USB_DEVICE/Target/usbd_conf.o
                0x0000000008009a24                USBD_LL_SetUSBAddress
 .text.USBD_LL_Transmit
                0x0000000008009a62       0x42 ./USB_DEVICE/Target/usbd_conf.o
                0x0000000008009a62                USBD_LL_Transmit
 .text.USBD_LL_PrepareReceive
                0x0000000008009aa4       0x42 ./USB_DEVICE/Target/usbd_conf.o
                0x0000000008009aa4                USBD_LL_PrepareReceive
 .text.USBD_LL_GetRxDataSize
                0x0000000008009ae6       0x26 ./USB_DEVICE/Target/usbd_conf.o
                0x0000000008009ae6                USBD_LL_GetRxDataSize
 .text.USBD_static_malloc
                0x0000000008009b0c       0x1c ./USB_DEVICE/Target/usbd_conf.o
                0x0000000008009b0c                USBD_static_malloc
 .text.USBD_static_free
                0x0000000008009b28       0x14 ./USB_DEVICE/Target/usbd_conf.o
                0x0000000008009b28                USBD_static_free
 .text.USBD_Get_USB_Status
                0x0000000008009b3c       0x58 ./USB_DEVICE/Target/usbd_conf.o
                0x0000000008009b3c                USBD_Get_USB_Status
 .text.__libc_init_array
                0x0000000008009b94       0x48 c:/st/stm32cubeide_1.9.0/stm32cubeide/plugins/com.st.stm32cube.ide.mcu.externaltools.gnu-tools-for-stm32.10.3-2021.10.win32_1.0.0.202111181127/tools/bin/../lib/gcc/arm-none-eabi/10.3.1/../../../../arm-none-eabi/lib/thumb/v7e-m+fp/hard\libc_nano.a(lib_a-init.o)
                0x0000000008009b94                __libc_init_array
 .text.memset   0x0000000008009bdc       0x10 c:/st/stm32cubeide_1.9.0/stm32cubeide/plugins/com.st.stm32cube.ide.mcu.externaltools.gnu-tools-for-stm32.10.3-2021.10.win32_1.0.0.202111181127/tools/bin/../lib/gcc/arm-none-eabi/10.3.1/../../../../arm-none-eabi/lib/thumb/v7e-m+fp/hard\libc_nano.a(lib_a-memset.o)
                0x0000000008009bdc                memset
 *(.glue_7)
 .glue_7        0x0000000008009bec        0x0 linker stubs
 *(.glue_7t)
 .glue_7t       0x0000000008009bec        0x0 linker stubs
 *(.eh_frame)
 .eh_frame      0x0000000008009bec        0x0 c:/st/stm32cubeide_1.9.0/stm32cubeide/plugins/com.st.stm32cube.ide.mcu.externaltools.gnu-tools-for-stm32.10.3-2021.10.win32_1.0.0.202111181127/tools/bin/../lib/gcc/arm-none-eabi/10.3.1/thumb/v7e-m+fp/hard/crtbegin.o
 *(.init)
 .init          0x0000000008009bec        0x4 c:/st/stm32cubeide_1.9.0/stm32cubeide/plugins/com.st.stm32cube.ide.mcu.externaltools.gnu-tools-for-stm32.10.3-2021.10.win32_1.0.0.202111181127/tools/bin/../lib/gcc/arm-none-eabi/10.3.1/thumb/v7e-m+fp/hard/crti.o
                0x0000000008009bec                _init
 .init          0x0000000008009bf0        0x8 c:/st/stm32cubeide_1.9.0/stm32cubeide/plugins/com.st.stm32cube.ide.mcu.externaltools.gnu-tools-for-stm32.10.3-2021.10.win32_1.0.0.202111181127/tools/bin/../lib/gcc/arm-none-eabi/10.3.1/thumb/v7e-m+fp/hard/crtn.o
 *(.fini)
 .fini          0x0000000008009bf8        0x4 c:/st/stm32cubeide_1.9.0/stm32cubeide/plugins/com.st.stm32cube.ide.mcu.externaltools.gnu-tools-for-stm32.10.3-2021.10.win32_1.0.0.202111181127/tools/bin/../lib/gcc/arm-none-eabi/10.3.1/thumb/v7e-m+fp/hard/crti.o
                0x0000000008009bf8                _fini
 .fini          0x0000000008009bfc        0x8 c:/st/stm32cubeide_1.9.0/stm32cubeide/plugins/com.st.stm32cube.ide.mcu.externaltools.gnu-tools-for-stm32.10.3-2021.10.win32_1.0.0.202111181127/tools/bin/../lib/gcc/arm-none-eabi/10.3.1/thumb/v7e-m+fp/hard/crtn.o
                0x0000000008009c04                . = ALIGN (0x4)
                0x0000000008009c04                _etext = .

.vfp11_veneer   0x0000000008009c04        0x0
 .vfp11_veneer  0x0000000008009c04        0x0 linker stubs

.v4_bx          0x0000000008009c04        0x0
 .v4_bx         0x0000000008009c04        0x0 linker stubs

.iplt           0x0000000008009c04        0x0
 .iplt          0x0000000008009c04        0x0 c:/st/stm32cubeide_1.9.0/stm32cubeide/plugins/com.st.stm32cube.ide.mcu.externaltools.gnu-tools-for-stm32.10.3-2021.10.win32_1.0.0.202111181127/tools/bin/../lib/gcc/arm-none-eabi/10.3.1/thumb/v7e-m+fp/hard/crtbegin.o

.rodata         0x0000000008009c04       0x60
                0x0000000008009c04                . = ALIGN (0x4)
 *(.rodata)
 .rodata        0x0000000008009c04       0x46 ./USB_DEVICE/App/usbd_desc.o
 *(.rodata*)
 *fill*         0x0000000008009c4a        0x2 
 .rodata.AHBPrescTable
                0x0000000008009c4c       0x10 ./Core/Src/system_stm32f4xx.o
                0x0000000008009c4c                AHBPrescTable
 .rodata.APBPrescTable
                0x0000000008009c5c        0x8 ./Core/Src/system_stm32f4xx.o
                0x0000000008009c5c                APBPrescTable
                0x0000000008009c64                . = ALIGN (0x4)

.ARM.extab      0x0000000008009c64        0x0
                0x0000000008009c64                . = ALIGN (0x4)
 *(.ARM.extab* .gnu.linkonce.armextab.*)
                0x0000000008009c64                . = ALIGN (0x4)

.ARM            0x0000000008009c64        0x8
                0x0000000008009c64                . = ALIGN (0x4)
                0x0000000008009c64                __exidx_start = .
 *(.ARM.exidx*)
 .ARM.exidx     0x0000000008009c64        0x8 c:/st/stm32cubeide_1.9.0/stm32cubeide/plugins/com.st.stm32cube.ide.mcu.externaltools.gnu-tools-for-stm32.10.3-2021.10.win32_1.0.0.202111181127/tools/bin/../lib/gcc/arm-none-eabi/10.3.1/thumb/v7e-m+fp/hard\libgcc.a(_udivmoddi4.o)
                0x0000000008009c6c                __exidx_end = .
                0x0000000008009c6c                . = ALIGN (0x4)

.rel.dyn        0x0000000008009c6c        0x0
 .rel.iplt      0x0000000008009c6c        0x0 c:/st/stm32cubeide_1.9.0/stm32cubeide/plugins/com.st.stm32cube.ide.mcu.externaltools.gnu-tools-for-stm32.10.3-2021.10.win32_1.0.0.202111181127/tools/bin/../lib/gcc/arm-none-eabi/10.3.1/thumb/v7e-m+fp/hard/crtbegin.o

.preinit_array  0x0000000008009c6c        0x0
                0x0000000008009c6c                . = ALIGN (0x4)
                0x0000000008009c6c                PROVIDE (__preinit_array_start = .)
 *(.preinit_array*)
                0x0000000008009c6c                PROVIDE (__preinit_array_end = .)
                0x0000000008009c6c                . = ALIGN (0x4)

.init_array     0x0000000008009c6c        0x4
                0x0000000008009c6c                . = ALIGN (0x4)
                0x0000000008009c6c                PROVIDE (__init_array_start = .)
 *(SORT_BY_NAME(.init_array.*))
 *(.init_array*)
 .init_array    0x0000000008009c6c        0x4 c:/st/stm32cubeide_1.9.0/stm32cubeide/plugins/com.st.stm32cube.ide.mcu.externaltools.gnu-tools-for-stm32.10.3-2021.10.win32_1.0.0.202111181127/tools/bin/../lib/gcc/arm-none-eabi/10.3.1/thumb/v7e-m+fp/hard/crtbegin.o
                0x0000000008009c70                PROVIDE (__init_array_end = .)
                0x0000000008009c70                . = ALIGN (0x4)

.fini_array     0x0000000008009c70        0x4
                0x0000000008009c70                . = ALIGN (0x4)
                [!provide]                        PROVIDE (__fini_array_start = .)
 *(SORT_BY_NAME(.fini_array.*))
 *(.fini_array*)
 .fini_array    0x0000000008009c70        0x4 c:/st/stm32cubeide_1.9.0/stm32cubeide/plugins/com.st.stm32cube.ide.mcu.externaltools.gnu-tools-for-stm32.10.3-2021.10.win32_1.0.0.202111181127/tools/bin/../lib/gcc/arm-none-eabi/10.3.1/thumb/v7e-m+fp/hard/crtbegin.o
                [!provide]                        PROVIDE (__fini_array_end = .)
                0x0000000008009c74                . = ALIGN (0x4)
                0x0000000008009c74                _sidata = LOADADDR (.data)

.data           0x0000000020000000       0xfc load address 0x0000000008009c74
                0x0000000020000000                . = ALIGN (0x4)
                0x0000000020000000                _sdata = .
 *(.data)
 *(.data*)
 .data.SystemCoreClock
                0x0000000020000000        0x4 ./Core/Src/system_stm32f4xx.o
                0x0000000020000000                SystemCoreClock
 .data.uwTickPrio
                0x0000000020000004        0x4 ./Drivers/STM32F4xx_HAL_Driver/Src/stm32f4xx_hal.o
                0x0000000020000004                uwTickPrio
 .data.uwTickFreq
                0x0000000020000008        0x1 ./Drivers/STM32F4xx_HAL_Driver/Src/stm32f4xx_hal.o
                0x0000000020000008                uwTickFreq
 *fill*         0x0000000020000009        0x3 
 .data.USBD_CDC_DeviceQualifierDesc
                0x000000002000000c        0xa ./Middlewares/ST/STM32_USB_Device_Library/Class/CDC/Src/usbd_cdc.o
 *fill*         0x0000000020000016        0x2 
 .data.USBD_CDC
                0x0000000020000018       0x38 ./Middlewares/ST/STM32_USB_Device_Library/Class/CDC/Src/usbd_cdc.o
                0x0000000020000018                USBD_CDC
 .data.USBD_CDC_CfgDesc
                0x0000000020000050       0x43 ./Middlewares/ST/STM32_USB_Device_Library/Class/CDC/Src/usbd_cdc.o
 .data.CDCInEpAdd
                0x0000000020000093        0x1 ./Middlewares/ST/STM32_USB_Device_Library/Class/CDC/Src/usbd_cdc.o
 .data.CDCOutEpAdd
                0x0000000020000094        0x1 ./Middlewares/ST/STM32_USB_Device_Library/Class/CDC/Src/usbd_cdc.o
 .data.CDCCmdEpAdd
                0x0000000020000095        0x1 ./Middlewares/ST/STM32_USB_Device_Library/Class/CDC/Src/usbd_cdc.o
 *fill*         0x0000000020000096        0x2 
 .data.USBD_Interface_fops_HS
                0x0000000020000098       0x14 ./USB_DEVICE/App/usbd_cdc_if.o
                0x0000000020000098                USBD_Interface_fops_HS
 .data.HS_Desc  0x00000000200000ac       0x1c ./USB_DEVICE/App/usbd_desc.o
                0x00000000200000ac                HS_Desc
 .data.USBD_HS_DeviceDesc
                0x00000000200000c8       0x12 ./USB_DEVICE/App/usbd_desc.o
                0x00000000200000c8                USBD_HS_DeviceDesc
 *fill*         0x00000000200000da        0x2 
 .data.USBD_LangIDDesc
                0x00000000200000dc        0x4 ./USB_DEVICE/App/usbd_desc.o
                0x00000000200000dc                USBD_LangIDDesc
 .data.USBD_StringSerial
                0x00000000200000e0       0x1a ./USB_DEVICE/App/usbd_desc.o
                0x00000000200000e0                USBD_StringSerial
 *(.RamFunc)
 *(.RamFunc*)
                0x00000000200000fc                . = ALIGN (0x4)
 *fill*         0x00000000200000fa        0x2 
                0x00000000200000fc                _edata = .
                0x0000000008009d70                _siccmram = LOADADDR (.ccmram)

.igot.plt       0x00000000200000fc        0x0 load address 0x0000000008009d70
 .igot.plt      0x00000000200000fc        0x0 c:/st/stm32cubeide_1.9.0/stm32cubeide/plugins/com.st.stm32cube.ide.mcu.externaltools.gnu-tools-for-stm32.10.3-2021.10.win32_1.0.0.202111181127/tools/bin/../lib/gcc/arm-none-eabi/10.3.1/thumb/v7e-m+fp/hard/crtbegin.o

.ccmram         0x0000000010000000        0x0 load address 0x0000000008009d70
                0x0000000010000000                . = ALIGN (0x4)
                0x0000000010000000                _sccmram = .
 *(.ccmram)
 *(.ccmram*)
                0x0000000010000000                . = ALIGN (0x4)
                0x0000000010000000                _eccmram = .
                0x0000000010000000                . = ALIGN (0x4)

.bss            0x00000000200000fc     0x1f68
                0x00000000200000fc                _sbss = .
                0x00000000200000fc                __bss_start__ = _sbss
 *(.bss)
 .bss           0x00000000200000fc       0x1c c:/st/stm32cubeide_1.9.0/stm32cubeide/plugins/com.st.stm32cube.ide.mcu.externaltools.gnu-tools-for-stm32.10.3-2021.10.win32_1.0.0.202111181127/tools/bin/../lib/gcc/arm-none-eabi/10.3.1/thumb/v7e-m+fp/hard/crtbegin.o
 *(.bss*)
 .bss.HeadRxBufferHS
                0x0000000020000118        0x2 ./Core/Src/ASCII_Parser.o
                0x0000000020000118                HeadRxBufferHS
 *fill*         0x000000002000011a        0x2 
 .bss.hadc1     0x000000002000011c       0x48 ./Core/Src/main.o
                0x000000002000011c                hadc1
 .bss.hcan2     0x0000000020000164       0x28 ./Core/Src/main.o
                0x0000000020000164                hcan2
 .bss.hdac      0x000000002000018c       0x14 ./Core/Src/main.o
                0x000000002000018c                hdac
 .bss.hi2c1     0x00000000200001a0       0x54 ./Core/Src/main.o
                0x00000000200001a0                hi2c1
 .bss.hspi1     0x00000000200001f4       0x58 ./Core/Src/main.o
                0x00000000200001f4                hspi1
 .bss.hspi3     0x000000002000024c       0x58 ./Core/Src/main.o
                0x000000002000024c                hspi3
 .bss.htim1     0x00000000200002a4       0x48 ./Core/Src/main.o
                0x00000000200002a4                htim1
 .bss.htim2     0x00000000200002ec       0x48 ./Core/Src/main.o
                0x00000000200002ec                htim2
 .bss.htim3     0x0000000020000334       0x48 ./Core/Src/main.o
                0x0000000020000334                htim3
 .bss.htim8     0x000000002000037c       0x48 ./Core/Src/main.o
                0x000000002000037c                htim8
 .bss.huart1    0x00000000200003c4       0x44 ./Core/Src/main.o
                0x00000000200003c4                huart1
 .bss.huart3    0x0000000020000408       0x44 ./Core/Src/main.o
                0x0000000020000408                huart3
 .bss.uwTick    0x000000002000044c        0x4 ./Drivers/STM32F4xx_HAL_Driver/Src/stm32f4xx_hal.o
                0x000000002000044c                uwTick
 .bss.cfgidx.0  0x0000000020000450        0x1 ./Middlewares/ST/STM32_USB_Device_Library/Core/Src/usbd_ctlreq.o
 *fill*         0x0000000020000451        0x3 
 .bss.hUsbDeviceHS
                0x0000000020000454      0x2dc ./USB_DEVICE/App/usb_device.o
                0x0000000020000454                hUsbDeviceHS
 .bss.LineCodingBuffer
                0x0000000020000730        0x7 ./USB_DEVICE/App/usbd_cdc_if.o
                0x0000000020000730                LineCodingBuffer
 *fill*         0x0000000020000737        0x1 
 .bss.UserRxBufferHS
                0x0000000020000738      0x800 ./USB_DEVICE/App/usbd_cdc_if.o
                0x0000000020000738                UserRxBufferHS
 .bss.UserTxBufferHS
                0x0000000020000f38      0x800 ./USB_DEVICE/App/usbd_cdc_if.o
                0x0000000020000f38                UserTxBufferHS
 .bss.USBD_StrDesc
                0x0000000020001738      0x200 ./USB_DEVICE/App/usbd_desc.o
                0x0000000020001738                USBD_StrDesc
 .bss.hpcd_USB_OTG_HS
                0x0000000020001938      0x50c ./USB_DEVICE/Target/usbd_conf.o
                0x0000000020001938                hpcd_USB_OTG_HS
 .bss.mem.0     0x0000000020001e44      0x220 ./USB_DEVICE/Target/usbd_conf.o
 *(COMMON)
                0x0000000020002064                . = ALIGN (0x4)
                0x0000000020002064                _ebss = .
                0x0000000020002064                __bss_end__ = _ebss

._user_heap_stack
                0x0000000020002064      0x604
                0x0000000020002068                . = ALIGN (0x8)
 *fill*         0x0000000020002064        0x4 
                [!provide]                        PROVIDE (end = .)
                0x0000000020002068                PROVIDE (_end = .)
                0x0000000020002268                . = (. + _Min_Heap_Size)
 *fill*         0x0000000020002068      0x200 
                0x0000000020002668                . = (. + _Min_Stack_Size)
 *fill*         0x0000000020002268      0x400 
                0x0000000020002668                . = ALIGN (0x8)

/DISCARD/
 libc.a(*)
 libm.a(*)
 libgcc.a(*)

.ARM.attributes
                0x0000000000000000       0x30
 *(.ARM.attributes)
 .ARM.attributes
                0x0000000000000000       0x1e c:/st/stm32cubeide_1.9.0/stm32cubeide/plugins/com.st.stm32cube.ide.mcu.externaltools.gnu-tools-for-stm32.10.3-2021.10.win32_1.0.0.202111181127/tools/bin/../lib/gcc/arm-none-eabi/10.3.1/thumb/v7e-m+fp/hard/crti.o
 .ARM.attributes
                0x000000000000001e       0x34 c:/st/stm32cubeide_1.9.0/stm32cubeide/plugins/com.st.stm32cube.ide.mcu.externaltools.gnu-tools-for-stm32.10.3-2021.10.win32_1.0.0.202111181127/tools/bin/../lib/gcc/arm-none-eabi/10.3.1/thumb/v7e-m+fp/hard/crtbegin.o
 .ARM.attributes
                0x0000000000000052       0x34 ./Core/Src/ASCII_Parser.o
 .ARM.attributes
                0x0000000000000086       0x34 ./Core/Src/main.o
 .ARM.attributes
                0x00000000000000ba       0x34 ./Core/Src/stm32f4xx_hal_msp.o
 .ARM.attributes
                0x00000000000000ee       0x34 ./Core/Src/stm32f4xx_it.o
 .ARM.attributes
                0x0000000000000122       0x34 ./Core/Src/system_stm32f4xx.o
 .ARM.attributes
                0x0000000000000156       0x21 ./Core/Startup/startup_stm32f405rgtx.o
 .ARM.attributes
                0x0000000000000177       0x34 ./Drivers/STM32F4xx_HAL_Driver/Src/stm32f4xx_hal.o
 .ARM.attributes
                0x00000000000001ab       0x34 ./Drivers/STM32F4xx_HAL_Driver/Src/stm32f4xx_hal_adc.o
 .ARM.attributes
                0x00000000000001df       0x34 ./Drivers/STM32F4xx_HAL_Driver/Src/stm32f4xx_hal_adc_ex.o
 .ARM.attributes
                0x0000000000000213       0x34 ./Drivers/STM32F4xx_HAL_Driver/Src/stm32f4xx_hal_can.o
 .ARM.attributes
                0x0000000000000247       0x34 ./Drivers/STM32F4xx_HAL_Driver/Src/stm32f4xx_hal_cortex.o
 .ARM.attributes
                0x000000000000027b       0x34 ./Drivers/STM32F4xx_HAL_Driver/Src/stm32f4xx_hal_dac.o
 .ARM.attributes
                0x00000000000002af       0x34 ./Drivers/STM32F4xx_HAL_Driver/Src/stm32f4xx_hal_gpio.o
 .ARM.attributes
                0x00000000000002e3       0x34 ./Drivers/STM32F4xx_HAL_Driver/Src/stm32f4xx_hal_i2c.o
 .ARM.attributes
                0x0000000000000317       0x34 ./Drivers/STM32F4xx_HAL_Driver/Src/stm32f4xx_hal_pcd.o
 .ARM.attributes
                0x000000000000034b       0x34 ./Drivers/STM32F4xx_HAL_Driver/Src/stm32f4xx_hal_pcd_ex.o
 .ARM.attributes
                0x000000000000037f       0x34 ./Drivers/STM32F4xx_HAL_Driver/Src/stm32f4xx_hal_rcc.o
 .ARM.attributes
                0x00000000000003b3       0x34 ./Drivers/STM32F4xx_HAL_Driver/Src/stm32f4xx_hal_spi.o
 .ARM.attributes
                0x00000000000003e7       0x34 ./Drivers/STM32F4xx_HAL_Driver/Src/stm32f4xx_hal_tim.o
 .ARM.attributes
                0x000000000000041b       0x34 ./Drivers/STM32F4xx_HAL_Driver/Src/stm32f4xx_hal_tim_ex.o
 .ARM.attributes
                0x000000000000044f       0x34 ./Drivers/STM32F4xx_HAL_Driver/Src/stm32f4xx_hal_uart.o
 .ARM.attributes
                0x0000000000000483       0x34 ./Drivers/STM32F4xx_HAL_Driver/Src/stm32f4xx_ll_usb.o
 .ARM.attributes
                0x00000000000004b7       0x34 ./Middlewares/ST/STM32_USB_Device_Library/Class/CDC/Src/usbd_cdc.o
 .ARM.attributes
                0x00000000000004eb       0x34 ./Middlewares/ST/STM32_USB_Device_Library/Core/Src/usbd_core.o
 .ARM.attributes
                0x000000000000051f       0x34 ./Middlewares/ST/STM32_USB_Device_Library/Core/Src/usbd_ctlreq.o
 .ARM.attributes
                0x0000000000000553       0x34 ./Middlewares/ST/STM32_USB_Device_Library/Core/Src/usbd_ioreq.o
 .ARM.attributes
                0x0000000000000587       0x34 ./USB_DEVICE/App/usb_device.o
 .ARM.attributes
                0x00000000000005bb       0x34 ./USB_DEVICE/App/usbd_cdc_if.o
 .ARM.attributes
                0x00000000000005ef       0x34 ./USB_DEVICE/App/usbd_desc.o
 .ARM.attributes
                0x0000000000000623       0x34 ./USB_DEVICE/Target/usbd_conf.o
 .ARM.attributes
                0x0000000000000657       0x34 c:/st/stm32cubeide_1.9.0/stm32cubeide/plugins/com.st.stm32cube.ide.mcu.externaltools.gnu-tools-for-stm32.10.3-2021.10.win32_1.0.0.202111181127/tools/bin/../lib/gcc/arm-none-eabi/10.3.1/../../../../arm-none-eabi/lib/thumb/v7e-m+fp/hard\libc_nano.a(lib_a-init.o)
 .ARM.attributes
                0x000000000000068b       0x34 c:/st/stm32cubeide_1.9.0/stm32cubeide/plugins/com.st.stm32cube.ide.mcu.externaltools.gnu-tools-for-stm32.10.3-2021.10.win32_1.0.0.202111181127/tools/bin/../lib/gcc/arm-none-eabi/10.3.1/../../../../arm-none-eabi/lib/thumb/v7e-m+fp/hard\libc_nano.a(lib_a-memset.o)
 .ARM.attributes
                0x00000000000006bf       0x1e c:/st/stm32cubeide_1.9.0/stm32cubeide/plugins/com.st.stm32cube.ide.mcu.externaltools.gnu-tools-for-stm32.10.3-2021.10.win32_1.0.0.202111181127/tools/bin/../lib/gcc/arm-none-eabi/10.3.1/thumb/v7e-m+fp/hard\libgcc.a(_aeabi_uldivmod.o)
 .ARM.attributes
                0x00000000000006dd       0x34 c:/st/stm32cubeide_1.9.0/stm32cubeide/plugins/com.st.stm32cube.ide.mcu.externaltools.gnu-tools-for-stm32.10.3-2021.10.win32_1.0.0.202111181127/tools/bin/../lib/gcc/arm-none-eabi/10.3.1/thumb/v7e-m+fp/hard\libgcc.a(_udivmoddi4.o)
 .ARM.attributes
                0x0000000000000711       0x1e c:/st/stm32cubeide_1.9.0/stm32cubeide/plugins/com.st.stm32cube.ide.mcu.externaltools.gnu-tools-for-stm32.10.3-2021.10.win32_1.0.0.202111181127/tools/bin/../lib/gcc/arm-none-eabi/10.3.1/thumb/v7e-m+fp/hard\libgcc.a(_dvmd_tls.o)
 .ARM.attributes
                0x000000000000072f       0x1e c:/st/stm32cubeide_1.9.0/stm32cubeide/plugins/com.st.stm32cube.ide.mcu.externaltools.gnu-tools-for-stm32.10.3-2021.10.win32_1.0.0.202111181127/tools/bin/../lib/gcc/arm-none-eabi/10.3.1/thumb/v7e-m+fp/hard/crtn.o
OUTPUT(MEPOS STM32F405RGT6 - ASCII Parser.elf elf32-littlearm)
LOAD linker stubs
LOAD c:/st/stm32cubeide_1.9.0/stm32cubeide/plugins/com.st.stm32cube.ide.mcu.externaltools.gnu-tools-for-stm32.10.3-2021.10.win32_1.0.0.202111181127/tools/bin/../lib/gcc/arm-none-eabi/10.3.1/../../../../arm-none-eabi/lib/thumb/v7e-m+fp/hard\libc.a
LOAD c:/st/stm32cubeide_1.9.0/stm32cubeide/plugins/com.st.stm32cube.ide.mcu.externaltools.gnu-tools-for-stm32.10.3-2021.10.win32_1.0.0.202111181127/tools/bin/../lib/gcc/arm-none-eabi/10.3.1/../../../../arm-none-eabi/lib/thumb/v7e-m+fp/hard\libm.a
LOAD c:/st/stm32cubeide_1.9.0/stm32cubeide/plugins/com.st.stm32cube.ide.mcu.externaltools.gnu-tools-for-stm32.10.3-2021.10.win32_1.0.0.202111181127/tools/bin/../lib/gcc/arm-none-eabi/10.3.1/thumb/v7e-m+fp/hard\libgcc.a

.debug_info     0x0000000000000000    0x201b7
 .debug_info    0x0000000000000000      0x120 ./Core/Src/ASCII_Parser.o
 .debug_info    0x0000000000000120     0x227b ./Core/Src/main.o
 .debug_info    0x000000000000239b     0x20cc ./Core/Src/stm32f4xx_hal_msp.o
 .debug_info    0x0000000000004467      0xb67 ./Core/Src/stm32f4xx_it.o
 .debug_info    0x0000000000004fce      0x523 ./Core/Src/system_stm32f4xx.o
 .debug_info    0x00000000000054f1       0x22 ./Core/Startup/startup_stm32f405rgtx.o
 .debug_info    0x0000000000005513      0x96a ./Drivers/STM32F4xx_HAL_Driver/Src/stm32f4xx_hal.o
 .debug_info    0x0000000000005e7d      0xd70 ./Drivers/STM32F4xx_HAL_Driver/Src/stm32f4xx_hal_adc.o
 .debug_info    0x0000000000006bed      0xbdc ./Drivers/STM32F4xx_HAL_Driver/Src/stm32f4xx_hal_adc_ex.o
 .debug_info    0x00000000000077c9      0xfc0 ./Drivers/STM32F4xx_HAL_Driver/Src/stm32f4xx_hal_can.o
 .debug_info    0x0000000000008789      0xe09 ./Drivers/STM32F4xx_HAL_Driver/Src/stm32f4xx_hal_cortex.o
 .debug_info    0x0000000000009592      0xa5d ./Drivers/STM32F4xx_HAL_Driver/Src/stm32f4xx_hal_dac.o
 .debug_info    0x0000000000009fef      0x76a ./Drivers/STM32F4xx_HAL_Driver/Src/stm32f4xx_hal_gpio.o
 .debug_info    0x000000000000a759     0x2609 ./Drivers/STM32F4xx_HAL_Driver/Src/stm32f4xx_hal_i2c.o
 .debug_info    0x000000000000cd62     0x1695 ./Drivers/STM32F4xx_HAL_Driver/Src/stm32f4xx_hal_pcd.o
 .debug_info    0x000000000000e3f7      0x717 ./Drivers/STM32F4xx_HAL_Driver/Src/stm32f4xx_hal_pcd_ex.o
 .debug_info    0x000000000000eb0e      0x966 ./Drivers/STM32F4xx_HAL_Driver/Src/stm32f4xx_hal_rcc.o
 .debug_info    0x000000000000f474     0x1758 ./Drivers/STM32F4xx_HAL_Driver/Src/stm32f4xx_hal_spi.o
 .debug_info    0x0000000000010bcc     0x2bbe ./Drivers/STM32F4xx_HAL_Driver/Src/stm32f4xx_hal_tim.o
 .debug_info    0x000000000001378a     0x15e0 ./Drivers/STM32F4xx_HAL_Driver/Src/stm32f4xx_hal_tim_ex.o
 .debug_info    0x0000000000014d6a     0x31bc ./Drivers/STM32F4xx_HAL_Driver/Src/stm32f4xx_hal_uart.o
 .debug_info    0x0000000000017f26     0x1a97 ./Drivers/STM32F4xx_HAL_Driver/Src/stm32f4xx_ll_usb.o
 .debug_info    0x00000000000199bd     0x130c ./Middlewares/ST/STM32_USB_Device_Library/Class/CDC/Src/usbd_cdc.o
 .debug_info    0x000000000001acc9      0xee7 ./Middlewares/ST/STM32_USB_Device_Library/Core/Src/usbd_core.o
 .debug_info    0x000000000001bbb0      0xb7f ./Middlewares/ST/STM32_USB_Device_Library/Core/Src/usbd_ctlreq.o
 .debug_info    0x000000000001c72f      0x7da ./Middlewares/ST/STM32_USB_Device_Library/Core/Src/usbd_ioreq.o
 .debug_info    0x000000000001cf09      0x76a ./USB_DEVICE/App/usb_device.o
 .debug_info    0x000000000001d673      0x99d ./USB_DEVICE/App/usbd_cdc_if.o
 .debug_info    0x000000000001e010      0x498 ./USB_DEVICE/App/usbd_desc.o
 .debug_info    0x000000000001e4a8     0x1d0f ./USB_DEVICE/Target/usbd_conf.o

.debug_abbrev   0x0000000000000000     0x40e3
 .debug_abbrev  0x0000000000000000       0x9d ./Core/Src/ASCII_Parser.o
 .debug_abbrev  0x000000000000009d      0x2d5 ./Core/Src/main.o
 .debug_abbrev  0x0000000000000372      0x257 ./Core/Src/stm32f4xx_hal_msp.o
 .debug_abbrev  0x00000000000005c9      0x1c2 ./Core/Src/stm32f4xx_it.o
 .debug_abbrev  0x000000000000078b      0x116 ./Core/Src/system_stm32f4xx.o
 .debug_abbrev  0x00000000000008a1       0x12 ./Core/Startup/startup_stm32f405rgtx.o
 .debug_abbrev  0x00000000000008b3      0x20d ./Drivers/STM32F4xx_HAL_Driver/Src/stm32f4xx_hal.o
 .debug_abbrev  0x0000000000000ac0      0x244 ./Drivers/STM32F4xx_HAL_Driver/Src/stm32f4xx_hal_adc.o
 .debug_abbrev  0x0000000000000d04      0x25f ./Drivers/STM32F4xx_HAL_Driver/Src/stm32f4xx_hal_adc_ex.o
 .debug_abbrev  0x0000000000000f63      0x21d ./Drivers/STM32F4xx_HAL_Driver/Src/stm32f4xx_hal_can.o
 .debug_abbrev  0x0000000000001180      0x316 ./Drivers/STM32F4xx_HAL_Driver/Src/stm32f4xx_hal_cortex.o
 .debug_abbrev  0x0000000000001496      0x1df ./Drivers/STM32F4xx_HAL_Driver/Src/stm32f4xx_hal_dac.o
 .debug_abbrev  0x0000000000001675      0x1c4 ./Drivers/STM32F4xx_HAL_Driver/Src/stm32f4xx_hal_gpio.o
 .debug_abbrev  0x0000000000001839      0x297 ./Drivers/STM32F4xx_HAL_Driver/Src/stm32f4xx_hal_i2c.o
 .debug_abbrev  0x0000000000001ad0      0x2bb ./Drivers/STM32F4xx_HAL_Driver/Src/stm32f4xx_hal_pcd.o
 .debug_abbrev  0x0000000000001d8b      0x1ce ./Drivers/STM32F4xx_HAL_Driver/Src/stm32f4xx_hal_pcd_ex.o
 .debug_abbrev  0x0000000000001f59      0x2aa ./Drivers/STM32F4xx_HAL_Driver/Src/stm32f4xx_hal_rcc.o
 .debug_abbrev  0x0000000000002203      0x26e ./Drivers/STM32F4xx_HAL_Driver/Src/stm32f4xx_hal_spi.o
 .debug_abbrev  0x0000000000002471      0x25d ./Drivers/STM32F4xx_HAL_Driver/Src/stm32f4xx_hal_tim.o
 .debug_abbrev  0x00000000000026ce      0x265 ./Drivers/STM32F4xx_HAL_Driver/Src/stm32f4xx_hal_tim_ex.o
 .debug_abbrev  0x0000000000002933      0x2f4 ./Drivers/STM32F4xx_HAL_Driver/Src/stm32f4xx_hal_uart.o
 .debug_abbrev  0x0000000000002c27      0x296 ./Drivers/STM32F4xx_HAL_Driver/Src/stm32f4xx_ll_usb.o
 .debug_abbrev  0x0000000000002ebd      0x2be ./Middlewares/ST/STM32_USB_Device_Library/Class/CDC/Src/usbd_cdc.o
 .debug_abbrev  0x000000000000317b      0x263 ./Middlewares/ST/STM32_USB_Device_Library/Core/Src/usbd_core.o
 .debug_abbrev  0x00000000000033de      0x25c ./Middlewares/ST/STM32_USB_Device_Library/Core/Src/usbd_ctlreq.o
 .debug_abbrev  0x000000000000363a      0x18a ./Middlewares/ST/STM32_USB_Device_Library/Core/Src/usbd_ioreq.o
 .debug_abbrev  0x00000000000037c4      0x18a ./USB_DEVICE/App/usb_device.o
 .debug_abbrev  0x000000000000394e      0x290 ./USB_DEVICE/App/usbd_cdc_if.o
 .debug_abbrev  0x0000000000003bde      0x1da ./USB_DEVICE/App/usbd_desc.o
 .debug_abbrev  0x0000000000003db8      0x32b ./USB_DEVICE/Target/usbd_conf.o

.debug_aranges  0x0000000000000000     0x1b68
 .debug_aranges
                0x0000000000000000       0x28 ./Core/Src/ASCII_Parser.o
 .debug_aranges
                0x0000000000000028       0x98 ./Core/Src/main.o
 .debug_aranges
                0x00000000000000c0       0x98 ./Core/Src/stm32f4xx_hal_msp.o
 .debug_aranges
                0x0000000000000158       0x80 ./Core/Src/stm32f4xx_it.o
 .debug_aranges
                0x00000000000001d8       0x28 ./Core/Src/system_stm32f4xx.o
 .debug_aranges
                0x0000000000000200       0x28 ./Core/Startup/startup_stm32f405rgtx.o
 .debug_aranges
                0x0000000000000228       0xf0 ./Drivers/STM32F4xx_HAL_Driver/Src/stm32f4xx_hal.o
 .debug_aranges
                0x0000000000000318       0xe8 ./Drivers/STM32F4xx_HAL_Driver/Src/stm32f4xx_hal_adc.o
 .debug_aranges
                0x0000000000000400       0x90 ./Drivers/STM32F4xx_HAL_Driver/Src/stm32f4xx_hal_adc_ex.o
 .debug_aranges
                0x0000000000000490      0x138 ./Drivers/STM32F4xx_HAL_Driver/Src/stm32f4xx_hal_can.o
 .debug_aranges
                0x00000000000005c8      0x118 ./Drivers/STM32F4xx_HAL_Driver/Src/stm32f4xx_hal_cortex.o
 .debug_aranges
                0x00000000000006e0       0xc0 ./Drivers/STM32F4xx_HAL_Driver/Src/stm32f4xx_hal_dac.o
 .debug_aranges
                0x00000000000007a0       0x58 ./Drivers/STM32F4xx_HAL_Driver/Src/stm32f4xx_hal_gpio.o
 .debug_aranges
                0x00000000000007f8      0x2a0 ./Drivers/STM32F4xx_HAL_Driver/Src/stm32f4xx_hal_i2c.o
 .debug_aranges
                0x0000000000000a98      0x148 ./Drivers/STM32F4xx_HAL_Driver/Src/stm32f4xx_hal_pcd.o
 .debug_aranges
                0x0000000000000be0       0x38 ./Drivers/STM32F4xx_HAL_Driver/Src/stm32f4xx_hal_pcd_ex.o
 .debug_aranges
                0x0000000000000c18       0x88 ./Drivers/STM32F4xx_HAL_Driver/Src/stm32f4xx_hal_rcc.o
 .debug_aranges
                0x0000000000000ca0      0x1d0 ./Drivers/STM32F4xx_HAL_Driver/Src/stm32f4xx_hal_spi.o
 .debug_aranges
                0x0000000000000e70      0x3d0 ./Drivers/STM32F4xx_HAL_Driver/Src/stm32f4xx_hal_tim.o
 .debug_aranges
                0x0000000000001240      0x168 ./Drivers/STM32F4xx_HAL_Driver/Src/stm32f4xx_hal_tim_ex.o
 .debug_aranges
                0x00000000000013a8      0x200 ./Drivers/STM32F4xx_HAL_Driver/Src/stm32f4xx_hal_uart.o
 .debug_aranges
                0x00000000000015a8      0x1a0 ./Drivers/STM32F4xx_HAL_Driver/Src/stm32f4xx_ll_usb.o
 .debug_aranges
                0x0000000000001748       0x90 ./Middlewares/ST/STM32_USB_Device_Library/Class/CDC/Src/usbd_cdc.o
 .debug_aranges
                0x00000000000017d8       0xd8 ./Middlewares/ST/STM32_USB_Device_Library/Core/Src/usbd_core.o
 .debug_aranges
                0x00000000000018b0       0x90 ./Middlewares/ST/STM32_USB_Device_Library/Core/Src/usbd_ctlreq.o
 .debug_aranges
                0x0000000000001940       0x50 ./Middlewares/ST/STM32_USB_Device_Library/Core/Src/usbd_ioreq.o
 .debug_aranges
                0x0000000000001990       0x20 ./USB_DEVICE/App/usb_device.o
 .debug_aranges
                0x00000000000019b0       0x48 ./USB_DEVICE/App/usbd_cdc_if.o
 .debug_aranges
                0x00000000000019f8       0x60 ./USB_DEVICE/App/usbd_desc.o
 .debug_aranges
                0x0000000000001a58      0x110 ./USB_DEVICE/Target/usbd_conf.o

.debug_ranges   0x0000000000000000     0x19d8
 .debug_ranges  0x0000000000000000       0x18 ./Core/Src/ASCII_Parser.o
 .debug_ranges  0x0000000000000018       0x88 ./Core/Src/main.o
 .debug_ranges  0x00000000000000a0       0x88 ./Core/Src/stm32f4xx_hal_msp.o
 .debug_ranges  0x0000000000000128       0x70 ./Core/Src/stm32f4xx_it.o
 .debug_ranges  0x0000000000000198       0x18 ./Core/Src/system_stm32f4xx.o
 .debug_ranges  0x00000000000001b0       0x20 ./Core/Startup/startup_stm32f405rgtx.o
 .debug_ranges  0x00000000000001d0       0xe0 ./Drivers/STM32F4xx_HAL_Driver/Src/stm32f4xx_hal.o
 .debug_ranges  0x00000000000002b0       0xd8 ./Drivers/STM32F4xx_HAL_Driver/Src/stm32f4xx_hal_adc.o
 .debug_ranges  0x0000000000000388       0x80 ./Drivers/STM32F4xx_HAL_Driver/Src/stm32f4xx_hal_adc_ex.o
 .debug_ranges  0x0000000000000408      0x128 ./Drivers/STM32F4xx_HAL_Driver/Src/stm32f4xx_hal_can.o
 .debug_ranges  0x0000000000000530      0x108 ./Drivers/STM32F4xx_HAL_Driver/Src/stm32f4xx_hal_cortex.o
 .debug_ranges  0x0000000000000638       0xb0 ./Drivers/STM32F4xx_HAL_Driver/Src/stm32f4xx_hal_dac.o
 .debug_ranges  0x00000000000006e8       0x48 ./Drivers/STM32F4xx_HAL_Driver/Src/stm32f4xx_hal_gpio.o
 .debug_ranges  0x0000000000000730      0x2a8 ./Drivers/STM32F4xx_HAL_Driver/Src/stm32f4xx_hal_i2c.o
 .debug_ranges  0x00000000000009d8      0x138 ./Drivers/STM32F4xx_HAL_Driver/Src/stm32f4xx_hal_pcd.o
 .debug_ranges  0x0000000000000b10       0x28 ./Drivers/STM32F4xx_HAL_Driver/Src/stm32f4xx_hal_pcd_ex.o
 .debug_ranges  0x0000000000000b38       0x78 ./Drivers/STM32F4xx_HAL_Driver/Src/stm32f4xx_hal_rcc.o
 .debug_ranges  0x0000000000000bb0      0x1c0 ./Drivers/STM32F4xx_HAL_Driver/Src/stm32f4xx_hal_spi.o
 .debug_ranges  0x0000000000000d70      0x3c0 ./Drivers/STM32F4xx_HAL_Driver/Src/stm32f4xx_hal_tim.o
 .debug_ranges  0x0000000000001130      0x158 ./Drivers/STM32F4xx_HAL_Driver/Src/stm32f4xx_hal_tim_ex.o
 .debug_ranges  0x0000000000001288      0x220 ./Drivers/STM32F4xx_HAL_Driver/Src/stm32f4xx_hal_uart.o
 .debug_ranges  0x00000000000014a8      0x190 ./Drivers/STM32F4xx_HAL_Driver/Src/stm32f4xx_ll_usb.o
 .debug_ranges  0x0000000000001638       0x80 ./Middlewares/ST/STM32_USB_Device_Library/Class/CDC/Src/usbd_cdc.o
 .debug_ranges  0x00000000000016b8       0xc8 ./Middlewares/ST/STM32_USB_Device_Library/Core/Src/usbd_core.o
 .debug_ranges  0x0000000000001780       0x80 ./Middlewares/ST/STM32_USB_Device_Library/Core/Src/usbd_ctlreq.o
 .debug_ranges  0x0000000000001800       0x40 ./Middlewares/ST/STM32_USB_Device_Library/Core/Src/usbd_ioreq.o
 .debug_ranges  0x0000000000001840       0x10 ./USB_DEVICE/App/usb_device.o
 .debug_ranges  0x0000000000001850       0x38 ./USB_DEVICE/App/usbd_cdc_if.o
 .debug_ranges  0x0000000000001888       0x50 ./USB_DEVICE/App/usbd_desc.o
 .debug_ranges  0x00000000000018d8      0x100 ./USB_DEVICE/Target/usbd_conf.o

.debug_macro    0x0000000000000000    0x25fb3
 .debug_macro   0x0000000000000000      0x49c ./Core/Src/ASCII_Parser.o
 .debug_macro   0x000000000000049c      0xa78 ./Core/Src/ASCII_Parser.o
 .debug_macro   0x0000000000000f14      0x2bf ./Core/Src/ASCII_Parser.o
 .debug_macro   0x00000000000011d3       0x2e ./Core/Src/ASCII_Parser.o
 .debug_macro   0x0000000000001201       0x2f ./Core/Src/ASCII_Parser.o
 .debug_macro   0x0000000000001230       0x22 ./Core/Src/ASCII_Parser.o
 .debug_macro   0x0000000000001252       0x8e ./Core/Src/ASCII_Parser.o
 .debug_macro   0x00000000000012e0       0x51 ./Core/Src/ASCII_Parser.o
 .debug_macro   0x0000000000001331      0x103 ./Core/Src/ASCII_Parser.o
 .debug_macro   0x0000000000001434       0x6a ./Core/Src/ASCII_Parser.o
 .debug_macro   0x000000000000149e      0x1df ./Core/Src/ASCII_Parser.o
 .debug_macro   0x000000000000167d       0x1c ./Core/Src/ASCII_Parser.o
 .debug_macro   0x0000000000001699       0x22 ./Core/Src/ASCII_Parser.o
 .debug_macro   0x00000000000016bb       0xd9 ./Core/Src/ASCII_Parser.o
 .debug_macro   0x0000000000001794     0x102d ./Core/Src/ASCII_Parser.o
 .debug_macro   0x00000000000027c1      0x11f ./Core/Src/ASCII_Parser.o
 .debug_macro   0x00000000000028e0    0x1426d ./Core/Src/ASCII_Parser.o
 .debug_macro   0x0000000000016b4d       0x6d ./Core/Src/ASCII_Parser.o
 .debug_macro   0x0000000000016bba     0x367e ./Core/Src/ASCII_Parser.o
 .debug_macro   0x000000000001a238      0x174 ./Core/Src/ASCII_Parser.o
 .debug_macro   0x000000000001a3ac       0x5c ./Core/Src/ASCII_Parser.o
 .debug_macro   0x000000000001a408      0x8a7 ./Core/Src/ASCII_Parser.o
 .debug_macro   0x000000000001acaf      0x9fe ./Core/Src/ASCII_Parser.o
 .debug_macro   0x000000000001b6ad      0x115 ./Core/Src/ASCII_Parser.o
 .debug_macro   0x000000000001b7c2      0x130 ./Core/Src/ASCII_Parser.o
 .debug_macro   0x000000000001b8f2       0xa5 ./Core/Src/ASCII_Parser.o
 .debug_macro   0x000000000001b997      0x174 ./Core/Src/ASCII_Parser.o
 .debug_macro   0x000000000001bb0b      0x287 ./Core/Src/ASCII_Parser.o
 .debug_macro   0x000000000001bd92       0x5f ./Core/Src/ASCII_Parser.o
 .debug_macro   0x000000000001bdf1      0x236 ./Core/Src/ASCII_Parser.o
 .debug_macro   0x000000000001c027      0xb5b ./Core/Src/ASCII_Parser.o
 .debug_macro   0x000000000001cb82      0x38b ./Core/Src/ASCII_Parser.o
 .debug_macro   0x000000000001cf0d      0x176 ./Core/Src/ASCII_Parser.o
 .debug_macro   0x000000000001d083       0xf9 ./Core/Src/ASCII_Parser.o
 .debug_macro   0x000000000001d17c      0x40f ./Core/Src/ASCII_Parser.o
 .debug_macro   0x000000000001d58b      0x122 ./Core/Src/ASCII_Parser.o
 .debug_macro   0x000000000001d6ad       0xa6 ./Core/Src/ASCII_Parser.o
 .debug_macro   0x000000000001d753      0x12c ./Core/Src/ASCII_Parser.o
 .debug_macro   0x000000000001d87f      0x21e ./Core/Src/ASCII_Parser.o
 .debug_macro   0x000000000001da9d       0x2e ./Core/Src/ASCII_Parser.o
 .debug_macro   0x000000000001dacb      0x1b5 ./Core/Src/ASCII_Parser.o
 .debug_macro   0x000000000001dc80       0xd6 ./Core/Src/ASCII_Parser.o
 .debug_macro   0x000000000001dd56      0x11a ./Core/Src/ASCII_Parser.o
 .debug_macro   0x000000000001de70       0x7e ./Core/Src/ASCII_Parser.o
 .debug_macro   0x000000000001deee       0x89 ./Core/Src/ASCII_Parser.o
 .debug_macro   0x000000000001df77      0x225 ./Core/Src/ASCII_Parser.o
 .debug_macro   0x000000000001e19c      0x8e6 ./Core/Src/ASCII_Parser.o
 .debug_macro   0x000000000001ea82       0x47 ./Core/Src/ASCII_Parser.o
 .debug_macro   0x000000000001eac9      0x295 ./Core/Src/ASCII_Parser.o
 .debug_macro   0x000000000001ed5e      0x248 ./Core/Src/ASCII_Parser.o
 .debug_macro   0x000000000001efa6       0xba ./Core/Src/ASCII_Parser.o
 .debug_macro   0x000000000001f060      0x12d ./Core/Src/ASCII_Parser.o
 .debug_macro   0x000000000001f18d      0x254 ./Core/Src/ASCII_Parser.o
 .debug_macro   0x000000000001f3e1       0x52 ./Core/Src/ASCII_Parser.o
 .debug_macro   0x000000000001f433       0x1e ./Core/Src/ASCII_Parser.o
 .debug_macro   0x000000000001f451       0x3c ./Core/Src/ASCII_Parser.o
 .debug_macro   0x000000000001f48d       0x34 ./Core/Src/ASCII_Parser.o
 .debug_macro   0x000000000001f4c1       0x16 ./Core/Src/ASCII_Parser.o
 .debug_macro   0x000000000001f4d7       0x35 ./Core/Src/ASCII_Parser.o
 .debug_macro   0x000000000001f50c      0x341 ./Core/Src/ASCII_Parser.o
 .debug_macro   0x000000000001f84d       0x10 ./Core/Src/ASCII_Parser.o
 .debug_macro   0x000000000001f85d       0x16 ./Core/Src/ASCII_Parser.o
 .debug_macro   0x000000000001f873       0x43 ./Core/Src/ASCII_Parser.o
 .debug_macro   0x000000000001f8b6       0x34 ./Core/Src/ASCII_Parser.o
 .debug_macro   0x000000000001f8ea       0x10 ./Core/Src/ASCII_Parser.o
 .debug_macro   0x000000000001f8fa       0x58 ./Core/Src/ASCII_Parser.o
 .debug_macro   0x000000000001f952       0x71 ./Core/Src/ASCII_Parser.o
 .debug_macro   0x000000000001f9c3       0x1c ./Core/Src/ASCII_Parser.o
 .debug_macro   0x000000000001f9df      0x12a ./Core/Src/ASCII_Parser.o
 .debug_macro   0x000000000001fb09       0x10 ./Core/Src/ASCII_Parser.o
 .debug_macro   0x000000000001fb19       0x1c ./Core/Src/ASCII_Parser.o
 .debug_macro   0x000000000001fb35       0x52 ./Core/Src/ASCII_Parser.o
 .debug_macro   0x000000000001fb87       0x22 ./Core/Src/ASCII_Parser.o
 .debug_macro   0x000000000001fba9       0x10 ./Core/Src/ASCII_Parser.o
 .debug_macro   0x000000000001fbb9       0x52 ./Core/Src/ASCII_Parser.o
 .debug_macro   0x000000000001fc0b       0xd5 ./Core/Src/ASCII_Parser.o