../Core/Src/EEPROM.c:36:19:Calculate_Checksum	8040	static
../Core/Src/EEPROM.c:53:19:Get_Device_Info	48	static
../Core/Src/EEPROM.c:73:19:Set_Device_Info	40	static
../Core/Src/EEPROM.c:99:19:Set_Serial_Number	16	static
../Core/Src/EEPROM.c:111:6:Init_EEPROM	16	static
../Core/Src/EEPROM.c:125:6:Update_On_Time	8	static
../Core/Src/EEPROM.c:148:19:Write_all	56	static
../Core/Src/EEPROM.c:164:19:Byte_Write	32	static
../Core/Src/EEPROM.c:175:19:Page_Write	32	static
../Core/Src/EEPROM.c:187:19:Byte_Read	32	static
../Core/Src/EEPROM.c:198:19:Page_Read	32	static
