Archive member included to satisfy reference by file (symbol)

c:/st/stm32cubeide_1.9.0/stm32cubeide/plugins/com.st.stm32cube.ide.mcu.externaltools.gnu-tools-for-stm32.10.3-2021.10.win32_1.0.0.202111181127/tools/bin/../lib/gcc/arm-none-eabi/10.3.1/../../../../arm-none-eabi/lib/thumb/v7e-m+fp/hard\libc_nano.a(lib_a-errno.o)
                              ./Core/Src/syscalls.o (__errno)
c:/st/stm32cubeide_1.9.0/stm32cubeide/plugins/com.st.stm32cube.ide.mcu.externaltools.gnu-tools-for-stm32.10.3-2021.10.win32_1.0.0.202111181127/tools/bin/../lib/gcc/arm-none-eabi/10.3.1/../../../../arm-none-eabi/lib/thumb/v7e-m+fp/hard\libc_nano.a(lib_a-exit.o)
                              c:/st/stm32cubeide_1.9.0/stm32cubeide/plugins/com.st.stm32cube.ide.mcu.externaltools.gnu-tools-for-stm32.10.3-2021.10.win32_1.0.0.202111181127/tools/bin/../lib/gcc/arm-none-eabi/10.3.1/../../../../arm-none-eabi/lib/thumb/v7e-m+fp/hard/crt0.o (exit)
c:/st/stm32cubeide_1.9.0/stm32cubeide/plugins/com.st.stm32cube.ide.mcu.externaltools.gnu-tools-for-stm32.10.3-2021.10.win32_1.0.0.202111181127/tools/bin/../lib/gcc/arm-none-eabi/10.3.1/../../../../arm-none-eabi/lib/thumb/v7e-m+fp/hard\libc_nano.a(lib_a-impure.o)
                              c:/st/stm32cubeide_1.9.0/stm32cubeide/plugins/com.st.stm32cube.ide.mcu.externaltools.gnu-tools-for-stm32.10.3-2021.10.win32_1.0.0.202111181127/tools/bin/../lib/gcc/arm-none-eabi/10.3.1/../../../../arm-none-eabi/lib/thumb/v7e-m+fp/hard\libc_nano.a(lib_a-exit.o) (_global_impure_ptr)
c:/st/stm32cubeide_1.9.0/stm32cubeide/plugins/com.st.stm32cube.ide.mcu.externaltools.gnu-tools-for-stm32.10.3-2021.10.win32_1.0.0.202111181127/tools/bin/../lib/gcc/arm-none-eabi/10.3.1/../../../../arm-none-eabi/lib/thumb/v7e-m+fp/hard\libc_nano.a(lib_a-init.o)
                              c:/st/stm32cubeide_1.9.0/stm32cubeide/plugins/com.st.stm32cube.ide.mcu.externaltools.gnu-tools-for-stm32.10.3-2021.10.win32_1.0.0.202111181127/tools/bin/../lib/gcc/arm-none-eabi/10.3.1/../../../../arm-none-eabi/lib/thumb/v7e-m+fp/hard/crt0.o (__libc_init_array)
c:/st/stm32cubeide_1.9.0/stm32cubeide/plugins/com.st.stm32cube.ide.mcu.externaltools.gnu-tools-for-stm32.10.3-2021.10.win32_1.0.0.202111181127/tools/bin/../lib/gcc/arm-none-eabi/10.3.1/../../../../arm-none-eabi/lib/thumb/v7e-m+fp/hard\libc_nano.a(lib_a-memset.o)
                              c:/st/stm32cubeide_1.9.0/stm32cubeide/plugins/com.st.stm32cube.ide.mcu.externaltools.gnu-tools-for-stm32.10.3-2021.10.win32_1.0.0.202111181127/tools/bin/../lib/gcc/arm-none-eabi/10.3.1/../../../../arm-none-eabi/lib/thumb/v7e-m+fp/hard/crt0.o (memset)
c:/st/stm32cubeide_1.9.0/stm32cubeide/plugins/com.st.stm32cube.ide.mcu.externaltools.gnu-tools-for-stm32.10.3-2021.10.win32_1.0.0.202111181127/tools/bin/../lib/gcc/arm-none-eabi/10.3.1/thumb/v7e-m+fp/hard\libgcc.a(_aeabi_uldivmod.o)
                              ./Drivers/STM32F4xx_HAL_Driver/Src/stm32f4xx_hal_rcc.o (__aeabi_uldivmod)
c:/st/stm32cubeide_1.9.0/stm32cubeide/plugins/com.st.stm32cube.ide.mcu.externaltools.gnu-tools-for-stm32.10.3-2021.10.win32_1.0.0.202111181127/tools/bin/../lib/gcc/arm-none-eabi/10.3.1/thumb/v7e-m+fp/hard\libgcc.a(_udivmoddi4.o)
                              c:/st/stm32cubeide_1.9.0/stm32cubeide/plugins/com.st.stm32cube.ide.mcu.externaltools.gnu-tools-for-stm32.10.3-2021.10.win32_1.0.0.202111181127/tools/bin/../lib/gcc/arm-none-eabi/10.3.1/thumb/v7e-m+fp/hard\libgcc.a(_aeabi_uldivmod.o) (__udivmoddi4)
c:/st/stm32cubeide_1.9.0/stm32cubeide/plugins/com.st.stm32cube.ide.mcu.externaltools.gnu-tools-for-stm32.10.3-2021.10.win32_1.0.0.202111181127/tools/bin/../lib/gcc/arm-none-eabi/10.3.1/thumb/v7e-m+fp/hard\libgcc.a(_dvmd_tls.o)
                              c:/st/stm32cubeide_1.9.0/stm32cubeide/plugins/com.st.stm32cube.ide.mcu.externaltools.gnu-tools-for-stm32.10.3-2021.10.win32_1.0.0.202111181127/tools/bin/../lib/gcc/arm-none-eabi/10.3.1/thumb/v7e-m+fp/hard\libgcc.a(_aeabi_uldivmod.o) (__aeabi_ldiv0)

Discarded input sections

 .text          0x0000000000000000        0x0 c:/st/stm32cubeide_1.9.0/stm32cubeide/plugins/com.st.stm32cube.ide.mcu.externaltools.gnu-tools-for-stm32.10.3-2021.10.win32_1.0.0.202111181127/tools/bin/../lib/gcc/arm-none-eabi/10.3.1/thumb/v7e-m+fp/hard/crti.o
 .data          0x0000000000000000        0x0 c:/st/stm32cubeide_1.9.0/stm32cubeide/plugins/com.st.stm32cube.ide.mcu.externaltools.gnu-tools-for-stm32.10.3-2021.10.win32_1.0.0.202111181127/tools/bin/../lib/gcc/arm-none-eabi/10.3.1/thumb/v7e-m+fp/hard/crti.o
 .bss           0x0000000000000000        0x0 c:/st/stm32cubeide_1.9.0/stm32cubeide/plugins/com.st.stm32cube.ide.mcu.externaltools.gnu-tools-for-stm32.10.3-2021.10.win32_1.0.0.202111181127/tools/bin/../lib/gcc/arm-none-eabi/10.3.1/thumb/v7e-m+fp/hard/crti.o
[...]
Memory Configuration

Name             Origin             Length             Attributes
CCMRAM           0x0000000010000000 0x0000000000010000 xrw
RAM              0x0000000020000000 0x0000000000020000 xrw
FLASH            0x0000000008000000 0x0000000000100000 xr
*default*        0x0000000000000000 0xffffffffffffffff

Linker script and memory map

LOAD c:/st/stm32cubeide_1.9.0/stm32cubeide/plugins/com.st.stm32cube.ide.mcu.externaltools.gnu-tools-for-stm32.10.3-2021.10.win32_1.0.0.202111181127/tools/bin/../lib/gcc/arm-none-eabi/10.3.1/thumb/v7e-m+fp/hard/crti.o
LOAD c:/st/stm32cubeide_1.9.0/stm32cubeide/plugins/com.st.stm32cube.ide.mcu.externaltools.gnu-tools-for-stm32.10.3-2021.10.win32_1.0.0.202111181127/tools/bin/../lib/gcc/arm-none-eabi/10.3.1/thumb/v7e-m+fp/hard/crtbegin.o
LOAD c:/st/stm32cubeide_1.9.0/stm32cubeide/plugins/com.st.stm32cube.ide.mcu.externaltools.gnu-tools-for-stm32.10.3-2021.10.win32_1.0.0.202111181127/tools/bin/../lib/gcc/arm-none-eabi/10.3.1/../../../../arm-none-eabi/lib/thumb/v7e-m+fp/hard/crt0.o
LOAD ./Core/Src/main.o
LOAD ./Core/Src/stm32f4xx_hal_msp.o
LOAD ./Core/Src/stm32f4xx_it.o
LOAD ./Core/Src/syscalls.o
LOAD ./Core/Src/sysmem.o
LOAD ./Core/Src/system_stm32f4xx.o
LOAD ./Core/Startup/startup_stm32f405rgtx.o
LOAD ./Drivers/STM32F4xx_HAL_Driver/Src/stm32f4xx_hal.o
LOAD ./Drivers/STM32F4xx_HAL_Driver/Src/stm32f4xx_hal_adc.o
LOAD ./Drivers/STM32F4xx_HAL_Driver/Src/stm32f4xx_hal_adc_ex.o
LOAD ./Drivers/STM32F4xx_HAL_Driver/Src/stm32f4xx_hal_can.o
LOAD ./Drivers/STM32F4xx_HAL_Driver/Src/stm32f4xx_hal_cortex.o
LOAD ./Drivers/STM32F4xx_HAL_Driver/Src/stm32f4xx_hal_dac.o
LOAD ./Drivers/STM32F4xx_HAL_Driver/Src/stm32f4xx_hal_dac_ex.o
LOAD ./Drivers/STM32F4xx_HAL_Driver/Src/stm32f4xx_hal_dma.o
LOAD ./Drivers/STM32F4xx_HAL_Driver/Src/stm32f4xx_hal_dma_ex.o
LOAD ./Drivers/STM32F4xx_HAL_Driver/Src/stm32f4xx_hal_exti.o
LOAD ./Drivers/STM32F4xx_HAL_Driver/Src/stm32f4xx_hal_flash.o
LOAD ./Drivers/STM32F4xx_HAL_Driver/Src/stm32f4xx_hal_flash_ex.o
LOAD ./Drivers/STM32F4xx_HAL_Driver/Src/stm32f4xx_hal_flash_ramfunc.o
LOAD ./Drivers/STM32F4xx_HAL_Driver/Src/stm32f4xx_hal_gpio.o
LOAD ./Drivers/STM32F4xx_HAL_Driver/Src/stm32f4xx_hal_i2c.o
LOAD ./Drivers/STM32F4xx_HAL_Driver/Src/stm32f4xx_hal_i2c_ex.o
LOAD ./Drivers/STM32F4xx_HAL_Driver/Src/stm32f4xx_hal_pcd.o
LOAD ./Drivers/STM32F4xx_HAL_Driver/Src/stm32f4xx_hal_pcd_ex.o
LOAD ./Drivers/STM32F4xx_HAL_Driver/Src/stm32f4xx_hal_pwr.o
LOAD ./Drivers/STM32F4xx_HAL_Driver/Src/stm32f4xx_hal_pwr_ex.o
LOAD ./Drivers/STM32F4xx_HAL_Driver/Src/stm32f4xx_hal_rcc.o
LOAD ./Drivers/STM32F4xx_HAL_Driver/Src/stm32f4xx_hal_rcc_ex.o
LOAD ./Drivers/STM32F4xx_HAL_Driver/Src/stm32f4xx_hal_spi.o
LOAD ./Drivers/STM32F4xx_HAL_Driver/Src/stm32f4xx_hal_tim.o
LOAD ./Drivers/STM32F4xx_HAL_Driver/Src/stm32f4xx_hal_tim_ex.o
LOAD ./Drivers/STM32F4xx_HAL_Driver/Src/stm32f4xx_hal_uart.o
LOAD ./Drivers/STM32F4xx_HAL_Driver/Src/stm32f4xx_ll_adc.o
LOAD ./Drivers/STM32F4xx_HAL_Driver/Src/stm32f4xx_ll_usb.o
START GROUP
LOAD c:/st/stm32cubeide_1.9.0/stm32cubeide/plugins/com.st.stm32cube.ide.mcu.externaltools.gnu-tools-for-stm32.10.3-2021.10.win32_1.0.0.202111181127/tools/bin/../lib/gcc/arm-none-eabi/10.3.1/../../../../arm-none-eabi/lib/thumb/v7e-m+fp/hard\libc_nano.a
LOAD c:/st/stm32cubeide_1.9.0/stm32cubeide/plugins/com.st.stm32cube.ide.mcu.externaltools.gnu-tools-for-stm32.10.3-2021.10.win32_1.0.0.202111181127/tools/bin/../lib/gcc/arm-none-eabi/10.3.1/../../../../arm-none-eabi/lib/thumb/v7e-m+fp/hard\libm.a
END GROUP
START GROUP
LOAD c:/st/stm32cubeide_1.9.0/stm32cubeide/plugins/com.st.stm32cube.ide.mcu.externaltools.gnu-tools-for-stm32.10.3-2021.10.win32_1.0.0.202111181127/tools/bin/../lib/gcc/arm-none-eabi/10.3.1/thumb/v7e-m+fp/hard\libgcc.a
LOAD c:/st/stm32cubeide_1.9.0/stm32cubeide/plugins/com.st.stm32cube.ide.mcu.externaltools.gnu-tools-for-stm32.10.3-2021.10.win32_1.0.0.202111181127/tools/bin/../lib/gcc/arm-none-eabi/10.3.1/../../../../arm-none-eabi/lib/thumb/v7e-m+fp/hard\libc_nano.a
END GROUP
START GROUP
LOAD c:/st/stm32cubeide_1.9.0/stm32cubeide/plugins/com.st.stm32cube.ide.mcu.externaltools.gnu-tools-for-stm32.10.3-2021.10.win32_1.0.0.202111181127/tools/bin/../lib/gcc/arm-none-eabi/10.3.1/thumb/v7e-m+fp/hard\libgcc.a
LOAD c:/st/stm32cubeide_1.9.0/stm32cubeide/plugins/com.st.stm32cube.ide.mcu.externaltools.gnu-tools-for-stm32.10.3-2021.10.win32_1.0.0.202111181127/tools/bin/../lib/gcc/arm-none-eabi/10.3.1/../../../../arm-none-eabi/lib/thumb/v7e-m+fp/hard\libc_nano.a
LOAD c:/st/stm32cubeide_1.9.0/stm32cubeide/plugins/com.st.stm32cube.ide.mcu.externaltools.gnu-tools-for-stm32.10.3-2021.10.win32_1.0.0.202111181127/tools/bin/../lib/gcc/arm-none-eabi/10.3.1/../../../../arm-none-eabi/lib/thumb/v7e-m+fp/hard\libnosys.a
END GROUP
START GROUP
LOAD c:/st/stm32cubeide_1.9.0/stm32cubeide/plugins/com.st.stm32cube.ide.mcu.externaltools.gnu-tools-for-stm32.10.3-2021.10.win32_1.0.0.202111181127/tools/bin/../lib/gcc/arm-none-eabi/10.3.1/thumb/v7e-m+fp/hard\libgcc.a
LOAD c:/st/stm32cubeide_1.9.0/stm32cubeide/plugins/com.st.stm32cube.ide.mcu.externaltools.gnu-tools-for-stm32.10.3-2021.10.win32_1.0.0.202111181127/tools/bin/../lib/gcc/arm-none-eabi/10.3.1/../../../../arm-none-eabi/lib/thumb/v7e-m+fp/hard\libc_nano.a
LOAD c:/st/stm32cubeide_1.9.0/stm32cubeide/plugins/com.st.stm32cube.ide.mcu.externaltools.gnu-tools-for-stm32.10.3-2021.10.win32_1.0.0.202111181127/tools/bin/../lib/gcc/arm-none-eabi/10.3.1/../../../../arm-none-eabi/lib/thumb/v7e-m+fp/hard\libnosys.a
END GROUP
LOAD c:/st/stm32cubeide_1.9.0/stm32cubeide/plugins/com.st.stm32cube.ide.mcu.externaltools.gnu-tools-for-stm32.10.3-2021.10.win32_1.0.0.202111181127/tools/bin/../lib/gcc/arm-none-eabi/10.3.1/thumb/v7e-m+fp/hard/crtend.o
LOAD c:/st/stm32cubeide_1.9.0/stm32cubeide/plugins/com.st.stm32cube.ide.mcu.externaltools.gnu-tools-for-stm32.10.3-2021.10.win32_1.0.0.202111181127/tools/bin/../lib/gcc/arm-none-eabi/10.3.1/thumb/v7e-m+fp/hard/crtn.o
                0x0000000020020000                _estack = (ORIGIN (RAM) + LENGTH (RAM))
                0x0000000000000200                _Min_Heap_Size = 0x200
                0x0000000000000400                _Min_Stack_Size = 0x400

.isr_vector     0x0000000008000000      0x188
                0x0000000008000000                . = ALIGN (0x4)
 *(.isr_vector)
 .isr_vector    0x0000000008000000      0x188 ./Core/Startup/startup_stm32f405rgtx.o
                0x0000000008000000                g_pfnVectors
                0x0000000008000188                . = ALIGN (0x4)

.text           0x0000000008000188     0x4bf8
                0x0000000008000188                . = ALIGN (0x4)
 *(.text)
 .text          0x0000000008000188       0x40 c:/st/stm32cubeide_1.9.0/stm32cubeide/plugins/com.st.stm32cube.ide.mcu.externaltools.gnu-tools-for-stm32.10.3-2021.10.win32_1.0.0.202111181127/tools/bin/../lib/gcc/arm-none-eabi/10.3.1/thumb/v7e-m+fp/hard/crtbegin.o
 .text          0x00000000080001c8       0x30 c:/st/stm32cubeide_1.9.0/stm32cubeide/plugins/com.st.stm32cube.ide.mcu.externaltools.gnu-tools-for-stm32.10.3-2021.10.win32_1.0.0.202111181127/tools/bin/../lib/gcc/arm-none-eabi/10.3.1/thumb/v7e-m+fp/hard\libgcc.a(_aeabi_uldivmod.o)
                0x00000000080001c8                __aeabi_uldivmod
 .text          0x00000000080001f8      0x2d0 c:/st/stm32cubeide_1.9.0/stm32cubeide/plugins/com.st.stm32cube.ide.mcu.externaltools.gnu-tools-for-stm32.10.3-2021.10.win32_1.0.0.202111181127/tools/bin/../lib/gcc/arm-none-eabi/10.3.1/thumb/v7e-m+fp/hard\libgcc.a(_udivmoddi4.o)
                0x00000000080001f8                __udivmoddi4
 .text          0x00000000080004c8        0x4 c:/st/stm32cubeide_1.9.0/stm32cubeide/plugins/com.st.stm32cube.ide.mcu.externaltools.gnu-tools-for-stm32.10.3-2021.10.win32_1.0.0.202111181127/tools/bin/../lib/gcc/arm-none-eabi/10.3.1/thumb/v7e-m+fp/hard\libgcc.a(_dvmd_tls.o)
                0x00000000080004c8                __aeabi_idiv0
                0x00000000080004c8                __aeabi_ldiv0
 *(.text*)
 .text.main     0x00000000080004cc       0x42 ./Core/Src/main.o
                0x00000000080004cc                main
 *fill*         0x000000000800050e        0x2 
 .text.SystemClock_Config
                0x0000000008000510       0xd4 ./Core/Src/main.o
                0x0000000008000510                SystemClock_Config
 .text.MX_ADC1_Init
                0x00000000080005e4       0xa4 ./Core/Src/main.o
 .text.MX_CAN2_Init
                0x0000000008000688       0x68 ./Core/Src/main.o
 .text.MX_DAC_Init
                0x00000000080006f0       0x68 ./Core/Src/main.o
 .text.MX_I2C1_Init
                0x0000000008000758       0x5c ./Core/Src/main.o
 .text.MX_SPI3_Init
                0x00000000080007b4       0x6c ./Core/Src/main.o
 .text.MX_TIM1_Init
                0x0000000008000820      0x140 ./Core/Src/main.o
 .text.MX_TIM2_Init
                0x0000000008000960       0xec ./Core/Src/main.o
 .text.MX_TIM3_Init
                0x0000000008000a4c      0x130 ./Core/Src/main.o
 .text.MX_TIM8_Init
                0x0000000008000b7c       0xa0 ./Core/Src/main.o
 .text.MX_USART1_UART_Init
                0x0000000008000c1c       0x54 ./Core/Src/main.o
 .text.MX_USART3_UART_Init
                0x0000000008000c70       0x54 ./Core/Src/main.o
 .text.MX_USB_OTG_HS_PCD_Init
                0x0000000008000cc4       0x64 ./Core/Src/main.o
 .text.MX_GPIO_Init
                0x0000000008000d28      0x178 ./Core/Src/main.o
 .text.Error_Handler
                0x0000000008000ea0        0xa ./Core/Src/main.o
                0x0000000008000ea0                Error_Handler
 *fill*         0x0000000008000eaa        0x2 
 .text.HAL_MspInit
                0x0000000008000eac       0x50 ./Core/Src/stm32f4xx_hal_msp.o
                0x0000000008000eac                HAL_MspInit
 .text.HAL_ADC_MspInit
                0x0000000008000efc       0xd0 ./Core/Src/stm32f4xx_hal_msp.o
                0x0000000008000efc                HAL_ADC_MspInit
 .text.HAL_CAN_MspInit
                0x0000000008000fcc       0xac ./Core/Src/stm32f4xx_hal_msp.o
                0x0000000008000fcc                HAL_CAN_MspInit
 .text.HAL_DAC_MspInit
                0x0000000008001078       0x88 ./Core/Src/stm32f4xx_hal_msp.o
                0x0000000008001078                HAL_DAC_MspInit
 .text.HAL_I2C_MspInit
                0x0000000008001100       0x90 ./Core/Src/stm32f4xx_hal_msp.o
                0x0000000008001100                HAL_I2C_MspInit
 .text.HAL_SPI_MspInit
                0x0000000008001190       0x90 ./Core/Src/stm32f4xx_hal_msp.o
                0x0000000008001190                HAL_SPI_MspInit
 .text.HAL_TIM_Base_MspInit
                0x0000000008001220       0xc4 ./Core/Src/stm32f4xx_hal_msp.o
                0x0000000008001220                HAL_TIM_Base_MspInit
 .text.HAL_TIM_MspPostInit
                0x00000000080012e4      0x110 ./Core/Src/stm32f4xx_hal_msp.o
                0x00000000080012e4                HAL_TIM_MspPostInit
 .text.HAL_UART_MspInit
                0x00000000080013f4      0x100 ./Core/Src/stm32f4xx_hal_msp.o
                0x00000000080013f4                HAL_UART_MspInit
 .text.HAL_PCD_MspInit
                0x00000000080014f4       0x90 ./Core/Src/stm32f4xx_hal_msp.o
                0x00000000080014f4                HAL_PCD_MspInit
 .text.NMI_Handler
                0x0000000008001584        0x6 ./Core/Src/stm32f4xx_it.o
                0x0000000008001584                NMI_Handler
 .text.HardFault_Handler
                0x000000000800158a        0x6 ./Core/Src/stm32f4xx_it.o
                0x000000000800158a                HardFault_Handler
 .text.MemManage_Handler
                0x0000000008001590        0x6 ./Core/Src/stm32f4xx_it.o
                0x0000000008001590                MemManage_Handler
 .text.BusFault_Handler
                0x0000000008001596        0x6 ./Core/Src/stm32f4xx_it.o
                0x0000000008001596                BusFault_Handler
 .text.UsageFault_Handler
                0x000000000800159c        0x6 ./Core/Src/stm32f4xx_it.o
                0x000000000800159c                UsageFault_Handler
 .text.SVC_Handler
                0x00000000080015a2        0xe ./Core/Src/stm32f4xx_it.o
                0x00000000080015a2                SVC_Handler
 .text.DebugMon_Handler
                0x00000000080015b0        0xe ./Core/Src/stm32f4xx_it.o
                0x00000000080015b0                DebugMon_Handler
 .text.PendSV_Handler
                0x00000000080015be        0xe ./Core/Src/stm32f4xx_it.o
                0x00000000080015be                PendSV_Handler
 .text.SysTick_Handler
                0x00000000080015cc        0xc ./Core/Src/stm32f4xx_it.o
                0x00000000080015cc                SysTick_Handler
 .text.ADC_IRQHandler
                0x00000000080015d8       0x14 ./Core/Src/stm32f4xx_it.o
                0x00000000080015d8                ADC_IRQHandler
 .text.SystemInit
                0x00000000080015ec       0x24 ./Core/Src/system_stm32f4xx.o
                0x00000000080015ec                SystemInit
 .text.Reset_Handler
                0x0000000008001610       0x50 ./Core/Startup/startup_stm32f405rgtx.o
                0x0000000008001610                Reset_Handler
 .text.Default_Handler
                0x0000000008001660        0x2 ./Core/Startup/startup_stm32f405rgtx.o
                0x0000000008001660                RTC_Alarm_IRQHandler
                0x0000000008001660                HASH_RNG_IRQHandler
                0x0000000008001660                EXTI2_IRQHandler
                0x0000000008001660                TIM8_CC_IRQHandler
                0x0000000008001660                TIM1_CC_IRQHandler
                0x0000000008001660                DMA2_Stream5_IRQHandler
                0x0000000008001660                DMA1_Stream5_IRQHandler
                0x0000000008001660                PVD_IRQHandler
                0x0000000008001660                SDIO_IRQHandler
                0x0000000008001660                TAMP_STAMP_IRQHandler
                0x0000000008001660                CAN2_RX1_IRQHandler
                0x0000000008001660                EXTI3_IRQHandler
                0x0000000008001660                TIM8_TRG_COM_TIM14_IRQHandler
                0x0000000008001660                TIM1_UP_TIM10_IRQHandler
                0x0000000008001660                TIM8_UP_TIM13_IRQHandler
                0x0000000008001660                I2C3_ER_IRQHandler
                0x0000000008001660                EXTI0_IRQHandler
                0x0000000008001660                I2C2_EV_IRQHandler
                0x0000000008001660                DMA1_Stream2_IRQHandler
                0x0000000008001660                CAN1_RX0_IRQHandler
                0x0000000008001660                FPU_IRQHandler
                0x0000000008001660                OTG_HS_WKUP_IRQHandler
                0x0000000008001660                CAN2_SCE_IRQHandler
                0x0000000008001660                DMA2_Stream2_IRQHandler
                0x0000000008001660                SPI1_IRQHandler
                0x0000000008001660                TIM6_DAC_IRQHandler
                0x0000000008001660                TIM1_BRK_TIM9_IRQHandler
                0x0000000008001660                CAN2_RX0_IRQHandler
                0x0000000008001660                DMA2_Stream3_IRQHandler
                0x0000000008001660                USART6_IRQHandler
                0x0000000008001660                USART3_IRQHandler
                0x0000000008001660                CAN1_RX1_IRQHandler
                0x0000000008001660                UART5_IRQHandler
                0x0000000008001660                DMA2_Stream0_IRQHandler
                0x0000000008001660                TIM4_IRQHandler
                0x0000000008001660                I2C1_EV_IRQHandler
                0x0000000008001660                DMA1_Stream6_IRQHandler
                0x0000000008001660                DMA1_Stream1_IRQHandler
                0x0000000008001660                UART4_IRQHandler
                0x0000000008001660                TIM3_IRQHandler
                0x0000000008001660                RCC_IRQHandler
                0x0000000008001660                TIM8_BRK_TIM12_IRQHandler
                0x0000000008001660                Default_Handler
                0x0000000008001660                EXTI15_10_IRQHandler
                0x0000000008001660                DMA1_Stream7_IRQHandler
                0x0000000008001660                TIM7_IRQHandler
                0x0000000008001660                CAN2_TX_IRQHandler
                0x0000000008001660                TIM5_IRQHandler
                0x0000000008001660                DMA2_Stream7_IRQHandler
                0x0000000008001660                I2C3_EV_IRQHandler
                0x0000000008001660                EXTI9_5_IRQHandler
                0x0000000008001660                RTC_WKUP_IRQHandler
                0x0000000008001660                SPI2_IRQHandler
                0x0000000008001660                OTG_HS_EP1_IN_IRQHandler
                0x0000000008001660                DMA1_Stream0_IRQHandler
                0x0000000008001660                CAN1_TX_IRQHandler
                0x0000000008001660                EXTI4_IRQHandler
                0x0000000008001660                FSMC_IRQHandler
                0x0000000008001660                OTG_HS_EP1_OUT_IRQHandler
                0x0000000008001660                WWDG_IRQHandler
                0x0000000008001660                TIM2_IRQHandler
                0x0000000008001660                OTG_FS_WKUP_IRQHandler
                0x0000000008001660                TIM1_TRG_COM_TIM11_IRQHandler
                0x0000000008001660                OTG_HS_IRQHandler
                0x0000000008001660                EXTI1_IRQHandler
                0x0000000008001660                USART2_IRQHandler
                0x0000000008001660                I2C2_ER_IRQHandler
                0x0000000008001660                DMA2_Stream1_IRQHandler
                0x0000000008001660                CAN1_SCE_IRQHandler
                0x0000000008001660                FLASH_IRQHandler
                0x0000000008001660                DMA2_Stream4_IRQHandler
                0x0000000008001660                USART1_IRQHandler
                0x0000000008001660                OTG_FS_IRQHandler
                0x0000000008001660                SPI3_IRQHandler
                0x0000000008001660                DMA1_Stream4_IRQHandler
                0x0000000008001660                I2C1_ER_IRQHandler
                0x0000000008001660                DMA2_Stream6_IRQHandler
                0x0000000008001660                DMA1_Stream3_IRQHandler
 *fill*         0x0000000008001662        0x2 
 .text.HAL_Init
                0x0000000008001664       0x44 ./Drivers/STM32F4xx_HAL_Driver/Src/stm32f4xx_hal.o
                0x0000000008001664                HAL_Init
 .text.HAL_InitTick
                0x00000000080016a8       0x60 ./Drivers/STM32F4xx_HAL_Driver/Src/stm32f4xx_hal.o
                0x00000000080016a8                HAL_InitTick
 .text.HAL_IncTick
                0x0000000008001708       0x28 ./Drivers/STM32F4xx_HAL_Driver/Src/stm32f4xx_hal.o
                0x0000000008001708                HAL_IncTick
 .text.HAL_GetTick
                0x0000000008001730       0x18 ./Drivers/STM32F4xx_HAL_Driver/Src/stm32f4xx_hal.o
                0x0000000008001730                HAL_GetTick
 .text.HAL_Delay
                0x0000000008001748       0x48 ./Drivers/STM32F4xx_HAL_Driver/Src/stm32f4xx_hal.o
                0x0000000008001748                HAL_Delay
 .text.HAL_ADC_Init
                0x0000000008001790       0x86 ./Drivers/STM32F4xx_HAL_Driver/Src/stm32f4xx_hal_adc.o
                0x0000000008001790                HAL_ADC_Init
 .text.HAL_ADC_IRQHandler
                0x0000000008001816      0x220 ./Drivers/STM32F4xx_HAL_Driver/Src/stm32f4xx_hal_adc.o
                0x0000000008001816                HAL_ADC_IRQHandler
 .text.HAL_ADC_ConvCpltCallback
                0x0000000008001a36       0x14 ./Drivers/STM32F4xx_HAL_Driver/Src/stm32f4xx_hal_adc.o
                0x0000000008001a36                HAL_ADC_ConvCpltCallback
 .text.HAL_ADC_LevelOutOfWindowCallback
                0x0000000008001a4a       0x14 ./Drivers/STM32F4xx_HAL_Driver/Src/stm32f4xx_hal_adc.o
                0x0000000008001a4a                HAL_ADC_LevelOutOfWindowCallback
 .text.HAL_ADC_ErrorCallback
                0x0000000008001a5e       0x14 ./Drivers/STM32F4xx_HAL_Driver/Src/stm32f4xx_hal_adc.o
                0x0000000008001a5e                HAL_ADC_ErrorCallback
 *fill*         0x0000000008001a72        0x2 
 .text.HAL_ADC_ConfigChannel
                0x0000000008001a74      0x244 ./Drivers/STM32F4xx_HAL_Driver/Src/stm32f4xx_hal_adc.o
                0x0000000008001a74                HAL_ADC_ConfigChannel
 .text.ADC_Init
                0x0000000008001cb8      0x1f8 ./Drivers/STM32F4xx_HAL_Driver/Src/stm32f4xx_hal_adc.o
 .text.HAL_ADCEx_InjectedConvCpltCallback
                0x0000000008001eb0       0x14 ./Drivers/STM32F4xx_HAL_Driver/Src/stm32f4xx_hal_adc_ex.o
                0x0000000008001eb0                HAL_ADCEx_InjectedConvCpltCallback
 .text.HAL_CAN_Init
                0x0000000008001ec4      0x1f6 ./Drivers/STM32F4xx_HAL_Driver/Src/stm32f4xx_hal_can.o
                0x0000000008001ec4                HAL_CAN_Init
 *fill*         0x00000000080020ba        0x2 
 .text.__NVIC_SetPriorityGrouping
                0x00000000080020bc       0x48 ./Drivers/STM32F4xx_HAL_Driver/Src/stm32f4xx_hal_cortex.o
 .text.__NVIC_GetPriorityGrouping
                0x0000000008002104       0x1c ./Drivers/STM32F4xx_HAL_Driver/Src/stm32f4xx_hal_cortex.o
 .text.__NVIC_EnableIRQ
                0x0000000008002120       0x3c ./Drivers/STM32F4xx_HAL_Driver/Src/stm32f4xx_hal_cortex.o
 .text.__NVIC_SetPriority
                0x000000000800215c       0x54 ./Drivers/STM32F4xx_HAL_Driver/Src/stm32f4xx_hal_cortex.o
 .text.NVIC_EncodePriority
                0x00000000080021b0       0x66 ./Drivers/STM32F4xx_HAL_Driver/Src/stm32f4xx_hal_cortex.o
 *fill*         0x0000000008002216        0x2 
 .text.SysTick_Config
                0x0000000008002218       0x44 ./Drivers/STM32F4xx_HAL_Driver/Src/stm32f4xx_hal_cortex.o
 .text.HAL_NVIC_SetPriorityGrouping
                0x000000000800225c       0x16 ./Drivers/STM32F4xx_HAL_Driver/Src/stm32f4xx_hal_cortex.o
                0x000000000800225c                HAL_NVIC_SetPriorityGrouping
 .text.HAL_NVIC_SetPriority
                0x0000000008002272       0x38 ./Drivers/STM32F4xx_HAL_Driver/Src/stm32f4xx_hal_cortex.o
                0x0000000008002272                HAL_NVIC_SetPriority
 .text.HAL_NVIC_EnableIRQ
                0x00000000080022aa       0x1c ./Drivers/STM32F4xx_HAL_Driver/Src/stm32f4xx_hal_cortex.o
                0x00000000080022aa                HAL_NVIC_EnableIRQ
 .text.HAL_SYSTICK_Config
                0x00000000080022c6       0x18 ./Drivers/STM32F4xx_HAL_Driver/Src/stm32f4xx_hal_cortex.o
                0x00000000080022c6                HAL_SYSTICK_Config
 .text.HAL_DAC_Init
                0x00000000080022de       0x44 ./Drivers/STM32F4xx_HAL_Driver/Src/stm32f4xx_hal_dac.o
                0x00000000080022de                HAL_DAC_Init
 .text.HAL_DAC_ConfigChannel
                0x0000000008002322       0x9e ./Drivers/STM32F4xx_HAL_Driver/Src/stm32f4xx_hal_dac.o
                0x0000000008002322                HAL_DAC_ConfigChannel
 .text.HAL_GPIO_Init
                0x00000000080023c0      0x338 ./Drivers/STM32F4xx_HAL_Driver/Src/stm32f4xx_hal_gpio.o
                0x00000000080023c0                HAL_GPIO_Init
 .text.HAL_GPIO_WritePin
                0x00000000080026f8       0x32 ./Drivers/STM32F4xx_HAL_Driver/Src/stm32f4xx_hal_gpio.o
                0x00000000080026f8                HAL_GPIO_WritePin
 *fill*         0x000000000800272a        0x2 
 .text.HAL_I2C_Init
                0x000000000800272c      0x288 ./Drivers/STM32F4xx_HAL_Driver/Src/stm32f4xx_hal_i2c.o
                0x000000000800272c                HAL_I2C_Init
 .text.HAL_PCD_Init
                0x00000000080029b4      0x23a ./Drivers/STM32F4xx_HAL_Driver/Src/stm32f4xx_hal_pcd.o
                0x00000000080029b4                HAL_PCD_Init
 *fill*         0x0000000008002bee        0x2 
 .text.HAL_RCC_OscConfig
                0x0000000008002bf0      0x4f0 ./Drivers/STM32F4xx_HAL_Driver/Src/stm32f4xx_hal_rcc.o
                0x0000000008002bf0                HAL_RCC_OscConfig
 .text.HAL_RCC_ClockConfig
                0x00000000080030e0      0x1cc ./Drivers/STM32F4xx_HAL_Driver/Src/stm32f4xx_hal_rcc.o
                0x00000000080030e0                HAL_RCC_ClockConfig
 .text.HAL_RCC_GetSysClockFreq
                0x00000000080032ac      0x18c ./Drivers/STM32F4xx_HAL_Driver/Src/stm32f4xx_hal_rcc.o
                0x00000000080032ac                HAL_RCC_GetSysClockFreq
 .text.HAL_RCC_GetHCLKFreq
                0x0000000008003438       0x18 ./Drivers/STM32F4xx_HAL_Driver/Src/stm32f4xx_hal_rcc.o
                0x0000000008003438                HAL_RCC_GetHCLKFreq
 .text.HAL_RCC_GetPCLK1Freq
                0x0000000008003450       0x28 ./Drivers/STM32F4xx_HAL_Driver/Src/stm32f4xx_hal_rcc.o
                0x0000000008003450                HAL_RCC_GetPCLK1Freq
 .text.HAL_RCC_GetPCLK2Freq
                0x0000000008003478       0x28 ./Drivers/STM32F4xx_HAL_Driver/Src/stm32f4xx_hal_rcc.o
                0x0000000008003478                HAL_RCC_GetPCLK2Freq
 .text.HAL_SPI_Init
                0x00000000080034a0      0x112 ./Drivers/STM32F4xx_HAL_Driver/Src/stm32f4xx_hal_spi.o
                0x00000000080034a0                HAL_SPI_Init
 .text.HAL_TIM_Base_Init
                0x00000000080035b2       0x9e ./Drivers/STM32F4xx_HAL_Driver/Src/stm32f4xx_hal_tim.o
                0x00000000080035b2                HAL_TIM_Base_Init
 .text.HAL_TIM_PWM_Init
                0x0000000008003650       0x9e ./Drivers/STM32F4xx_HAL_Driver/Src/stm32f4xx_hal_tim.o
                0x0000000008003650                HAL_TIM_PWM_Init
 .text.HAL_TIM_PWM_MspInit
                0x00000000080036ee       0x14 ./Drivers/STM32F4xx_HAL_Driver/Src/stm32f4xx_hal_tim.o
                0x00000000080036ee                HAL_TIM_PWM_MspInit
 *fill*         0x0000000008003702        0x2 
 .text.HAL_TIM_PWM_ConfigChannel
                0x0000000008003704      0x184 ./Drivers/STM32F4xx_HAL_Driver/Src/stm32f4xx_hal_tim.o
                0x0000000008003704                HAL_TIM_PWM_ConfigChannel
 .text.HAL_TIM_ConfigClockSource
                0x0000000008003888      0x18e ./Drivers/STM32F4xx_HAL_Driver/Src/stm32f4xx_hal_tim.o
                0x0000000008003888                HAL_TIM_ConfigClockSource
 *fill*         0x0000000008003a16        0x2 
 .text.TIM_Base_SetConfig
                0x0000000008003a18      0x140 ./Drivers/STM32F4xx_HAL_Driver/Src/stm32f4xx_hal_tim.o
                0x0000000008003a18                TIM_Base_SetConfig
 .text.TIM_OC1_SetConfig
                0x0000000008003b58       0xe0 ./Drivers/STM32F4xx_HAL_Driver/Src/stm32f4xx_hal_tim.o
 .text.TIM_OC2_SetConfig
                0x0000000008003c38       0xec ./Drivers/STM32F4xx_HAL_Driver/Src/stm32f4xx_hal_tim.o
                0x0000000008003c38                TIM_OC2_SetConfig
 .text.TIM_OC3_SetConfig
                0x0000000008003d24       0xe8 ./Drivers/STM32F4xx_HAL_Driver/Src/stm32f4xx_hal_tim.o
 .text.TIM_OC4_SetConfig
                0x0000000008003e0c       0xac ./Drivers/STM32F4xx_HAL_Driver/Src/stm32f4xx_hal_tim.o
 .text.TIM_TI1_ConfigInputStage
                0x0000000008003eb8       0x5e ./Drivers/STM32F4xx_HAL_Driver/Src/stm32f4xx_hal_tim.o
 .text.TIM_TI2_ConfigInputStage
                0x0000000008003f16       0x60 ./Drivers/STM32F4xx_HAL_Driver/Src/stm32f4xx_hal_tim.o
 .text.TIM_ITRx_SetConfig
                0x0000000008003f76       0x36 ./Drivers/STM32F4xx_HAL_Driver/Src/stm32f4xx_hal_tim.o
 .text.TIM_ETR_SetConfig
                0x0000000008003fac       0x40 ./Drivers/STM32F4xx_HAL_Driver/Src/stm32f4xx_hal_tim.o
                0x0000000008003fac                TIM_ETR_SetConfig
 .text.HAL_TIMEx_MasterConfigSynchronization
                0x0000000008003fec       0xf8 ./Drivers/STM32F4xx_HAL_Driver/Src/stm32f4xx_hal_tim_ex.o
                0x0000000008003fec                HAL_TIMEx_MasterConfigSynchronization
 .text.HAL_TIMEx_ConfigBreakDeadTime
                0x00000000080040e4       0xa4 ./Drivers/STM32F4xx_HAL_Driver/Src/stm32f4xx_hal_tim_ex.o
                0x00000000080040e4                HAL_TIMEx_ConfigBreakDeadTime
 .text.HAL_UART_Init
                0x0000000008004188       0x9a ./Drivers/STM32F4xx_HAL_Driver/Src/stm32f4xx_hal_uart.o
                0x0000000008004188                HAL_UART_Init
 *fill*         0x0000000008004222        0x2 
 .text.UART_SetConfig
                0x0000000008004224      0x4e8 ./Drivers/STM32F4xx_HAL_Driver/Src/stm32f4xx_hal_uart.o
 .text.USB_CoreInit
                0x000000000800470c       0xc2 ./Drivers/STM32F4xx_HAL_Driver/Src/stm32f4xx_ll_usb.o
                0x000000000800470c                USB_CoreInit
 .text.USB_DisableGlobalInt
                0x00000000080047ce       0x22 ./Drivers/STM32F4xx_HAL_Driver/Src/stm32f4xx_ll_usb.o
                0x00000000080047ce                USB_DisableGlobalInt
 .text.USB_SetCurrentMode
                0x00000000080047f0       0x98 ./Drivers/STM32F4xx_HAL_Driver/Src/stm32f4xx_ll_usb.o
                0x00000000080047f0                USB_SetCurrentMode
 .text.USB_DevInit
                0x0000000008004888      0x2c8 ./Drivers/STM32F4xx_HAL_Driver/Src/stm32f4xx_ll_usb.o
                0x0000000008004888                USB_DevInit
 .text.USB_FlushTxFifo
                0x0000000008004b50       0x68 ./Drivers/STM32F4xx_HAL_Driver/Src/stm32f4xx_ll_usb.o
                0x0000000008004b50                USB_FlushTxFifo
 .text.USB_FlushRxFifo
                0x0000000008004bb8       0x60 ./Drivers/STM32F4xx_HAL_Driver/Src/stm32f4xx_ll_usb.o
                0x0000000008004bb8                USB_FlushRxFifo
 .text.USB_SetDevSpeed
                0x0000000008004c18       0x32 ./Drivers/STM32F4xx_HAL_Driver/Src/stm32f4xx_ll_usb.o
                0x0000000008004c18                USB_SetDevSpeed
 .text.USB_DevDisconnect
                0x0000000008004c4a       0x42 ./Drivers/STM32F4xx_HAL_Driver/Src/stm32f4xx_ll_usb.o
                0x0000000008004c4a                USB_DevDisconnect
 .text.USB_GetMode
                0x0000000008004c8c       0x1c ./Drivers/STM32F4xx_HAL_Driver/Src/stm32f4xx_ll_usb.o
                0x0000000008004c8c                USB_GetMode
 .text.USB_CoreReset
                0x0000000008004ca8       0x68 ./Drivers/STM32F4xx_HAL_Driver/Src/stm32f4xx_ll_usb.o
 .text.__libc_init_array
                0x0000000008004d10       0x48 c:/st/stm32cubeide_1.9.0/stm32cubeide/plugins/com.st.stm32cube.ide.mcu.externaltools.gnu-tools-for-stm32.10.3-2021.10.win32_1.0.0.202111181127/tools/bin/../lib/gcc/arm-none-eabi/10.3.1/../../../../arm-none-eabi/lib/thumb/v7e-m+fp/hard\libc_nano.a(lib_a-init.o)
                0x0000000008004d10                __libc_init_array
 .text.memset   0x0000000008004d58       0x10 c:/st/stm32cubeide_1.9.0/stm32cubeide/plugins/com.st.stm32cube.ide.mcu.externaltools.gnu-tools-for-stm32.10.3-2021.10.win32_1.0.0.202111181127/tools/bin/../lib/gcc/arm-none-eabi/10.3.1/../../../../arm-none-eabi/lib/thumb/v7e-m+fp/hard\libc_nano.a(lib_a-memset.o)
                0x0000000008004d58                memset
 *(.glue_7)
 .glue_7        0x0000000008004d68        0x0 linker stubs
 *(.glue_7t)
 .glue_7t       0x0000000008004d68        0x0 linker stubs
 *(.eh_frame)
 .eh_frame      0x0000000008004d68        0x0 c:/st/stm32cubeide_1.9.0/stm32cubeide/plugins/com.st.stm32cube.ide.mcu.externaltools.gnu-tools-for-stm32.10.3-2021.10.win32_1.0.0.202111181127/tools/bin/../lib/gcc/arm-none-eabi/10.3.1/thumb/v7e-m+fp/hard/crtbegin.o
 *(.init)
 .init          0x0000000008004d68        0x4 c:/st/stm32cubeide_1.9.0/stm32cubeide/plugins/com.st.stm32cube.ide.mcu.externaltools.gnu-tools-for-stm32.10.3-2021.10.win32_1.0.0.202111181127/tools/bin/../lib/gcc/arm-none-eabi/10.3.1/thumb/v7e-m+fp/hard/crti.o
                0x0000000008004d68                _init
 .init          0x0000000008004d6c        0x8 c:/st/stm32cubeide_1.9.0/stm32cubeide/plugins/com.st.stm32cube.ide.mcu.externaltools.gnu-tools-for-stm32.10.3-2021.10.win32_1.0.0.202111181127/tools/bin/../lib/gcc/arm-none-eabi/10.3.1/thumb/v7e-m+fp/hard/crtn.o
 *(.fini)
 .fini          0x0000000008004d74        0x4 c:/st/stm32cubeide_1.9.0/stm32cubeide/plugins/com.st.stm32cube.ide.mcu.externaltools.gnu-tools-for-stm32.10.3-2021.10.win32_1.0.0.202111181127/tools/bin/../lib/gcc/arm-none-eabi/10.3.1/thumb/v7e-m+fp/hard/crti.o
                0x0000000008004d74                _fini
 .fini          0x0000000008004d78        0x8 c:/st/stm32cubeide_1.9.0/stm32cubeide/plugins/com.st.stm32cube.ide.mcu.externaltools.gnu-tools-for-stm32.10.3-2021.10.win32_1.0.0.202111181127/tools/bin/../lib/gcc/arm-none-eabi/10.3.1/thumb/v7e-m+fp/hard/crtn.o
                0x0000000008004d80                . = ALIGN (0x4)
                0x0000000008004d80                _etext = .

.vfp11_veneer   0x0000000008004d80        0x0
 .vfp11_veneer  0x0000000008004d80        0x0 linker stubs

.v4_bx          0x0000000008004d80        0x0
 .v4_bx         0x0000000008004d80        0x0 linker stubs

.iplt           0x0000000008004d80        0x0
 .iplt          0x0000000008004d80        0x0 c:/st/stm32cubeide_1.9.0/stm32cubeide/plugins/com.st.stm32cube.ide.mcu.externaltools.gnu-tools-for-stm32.10.3-2021.10.win32_1.0.0.202111181127/tools/bin/../lib/gcc/arm-none-eabi/10.3.1/thumb/v7e-m+fp/hard/crtbegin.o

.rodata         0x0000000008004d80       0x18
                0x0000000008004d80                . = ALIGN (0x4)
 *(.rodata)
 *(.rodata*)
 .rodata.AHBPrescTable
                0x0000000008004d80       0x10 ./Core/Src/system_stm32f4xx.o
                0x0000000008004d80                AHBPrescTable
 .rodata.APBPrescTable
                0x0000000008004d90        0x8 ./Core/Src/system_stm32f4xx.o
                0x0000000008004d90                APBPrescTable
                0x0000000008004d98                . = ALIGN (0x4)

.ARM.extab      0x0000000008004d98        0x0
                0x0000000008004d98                . = ALIGN (0x4)
 *(.ARM.extab* .gnu.linkonce.armextab.*)
                0x0000000008004d98                . = ALIGN (0x4)

.ARM            0x0000000008004d98        0x8
                0x0000000008004d98                . = ALIGN (0x4)
                0x0000000008004d98                __exidx_start = .
 *(.ARM.exidx*)
 .ARM.exidx     0x0000000008004d98        0x8 c:/st/stm32cubeide_1.9.0/stm32cubeide/plugins/com.st.stm32cube.ide.mcu.externaltools.gnu-tools-for-stm32.10.3-2021.10.win32_1.0.0.202111181127/tools/bin/../lib/gcc/arm-none-eabi/10.3.1/thumb/v7e-m+fp/hard\libgcc.a(_udivmoddi4.o)
                0x0000000008004da0                __exidx_end = .
                0x0000000008004da0                . = ALIGN (0x4)

.rel.dyn        0x0000000008004da0        0x0
 .rel.iplt      0x0000000008004da0        0x0 c:/st/stm32cubeide_1.9.0/stm32cubeide/plugins/com.st.stm32cube.ide.mcu.externaltools.gnu-tools-for-stm32.10.3-2021.10.win32_1.0.0.202111181127/tools/bin/../lib/gcc/arm-none-eabi/10.3.1/thumb/v7e-m+fp/hard/crtbegin.o

.preinit_array  0x0000000008004da0        0x0
                0x0000000008004da0                . = ALIGN (0x4)
                0x0000000008004da0                PROVIDE (__preinit_array_start = .)
 *(.preinit_array*)
                0x0000000008004da0                PROVIDE (__preinit_array_end = .)
                0x0000000008004da0                . = ALIGN (0x4)

.init_array     0x0000000008004da0        0x4
                0x0000000008004da0                . = ALIGN (0x4)
                0x0000000008004da0                PROVIDE (__init_array_start = .)
 *(SORT_BY_NAME(.init_array.*))
 *(.init_array*)
 .init_array    0x0000000008004da0        0x4 c:/st/stm32cubeide_1.9.0/stm32cubeide/plugins/com.st.stm32cube.ide.mcu.externaltools.gnu-tools-for-stm32.10.3-2021.10.win32_1.0.0.202111181127/tools/bin/../lib/gcc/arm-none-eabi/10.3.1/thumb/v7e-m+fp/hard/crtbegin.o
                0x0000000008004da4                PROVIDE (__init_array_end = .)
                0x0000000008004da4                . = ALIGN (0x4)

.fini_array     0x0000000008004da4        0x4
                0x0000000008004da4                . = ALIGN (0x4)
                [!provide]                        PROVIDE (__fini_array_start = .)
 *(SORT_BY_NAME(.fini_array.*))
 *(.fini_array*)
 .fini_array    0x0000000008004da4        0x4 c:/st/stm32cubeide_1.9.0/stm32cubeide/plugins/com.st.stm32cube.ide.mcu.externaltools.gnu-tools-for-stm32.10.3-2021.10.win32_1.0.0.202111181127/tools/bin/../lib/gcc/arm-none-eabi/10.3.1/thumb/v7e-m+fp/hard/crtbegin.o
                [!provide]                        PROVIDE (__fini_array_end = .)
                0x0000000008004da8                . = ALIGN (0x4)
                0x0000000008004da8                _sidata = LOADADDR (.data)

.data           0x0000000020000000        0xc load address 0x0000000008004da8
                0x0000000020000000                . = ALIGN (0x4)
                0x0000000020000000                _sdata = .
 *(.data)
 *(.data*)
 .data.SystemCoreClock
                0x0000000020000000        0x4 ./Core/Src/system_stm32f4xx.o
                0x0000000020000000                SystemCoreClock
 .data.uwTickPrio
                0x0000000020000004        0x4 ./Drivers/STM32F4xx_HAL_Driver/Src/stm32f4xx_hal.o
                0x0000000020000004                uwTickPrio
 .data.uwTickFreq
                0x0000000020000008        0x1 ./Drivers/STM32F4xx_HAL_Driver/Src/stm32f4xx_hal.o
                0x0000000020000008                uwTickFreq
 *(.RamFunc)
 *(.RamFunc*)
                0x000000002000000c                . = ALIGN (0x4)
 *fill*         0x0000000020000009        0x3 
                0x000000002000000c                _edata = .
                0x0000000008004db4                _siccmram = LOADADDR (.ccmram)

.igot.plt       0x000000002000000c        0x0 load address 0x0000000008004db4
 .igot.plt      0x000000002000000c        0x0 c:/st/stm32cubeide_1.9.0/stm32cubeide/plugins/com.st.stm32cube.ide.mcu.externaltools.gnu-tools-for-stm32.10.3-2021.10.win32_1.0.0.202111181127/tools/bin/../lib/gcc/arm-none-eabi/10.3.1/thumb/v7e-m+fp/hard/crtbegin.o

.ccmram         0x0000000010000000        0x0 load address 0x0000000008004db4
                0x0000000010000000                . = ALIGN (0x4)
                0x0000000010000000                _sccmram = .
 *(.ccmram)
 *(.ccmram*)
                0x0000000010000000                . = ALIGN (0x4)
                0x0000000010000000                _eccmram = .
                0x0000000010000000                . = ALIGN (0x4)

.bss            0x000000002000000c      0x804
                0x000000002000000c                _sbss = .
                0x000000002000000c                __bss_start__ = _sbss
 *(.bss)
 .bss           0x000000002000000c       0x1c c:/st/stm32cubeide_1.9.0/stm32cubeide/plugins/com.st.stm32cube.ide.mcu.externaltools.gnu-tools-for-stm32.10.3-2021.10.win32_1.0.0.202111181127/tools/bin/../lib/gcc/arm-none-eabi/10.3.1/thumb/v7e-m+fp/hard/crtbegin.o
 *(.bss*)
 .bss.hadc1     0x0000000020000028       0x48 ./Core/Src/main.o
                0x0000000020000028                hadc1
 .bss.hcan2     0x0000000020000070       0x28 ./Core/Src/main.o
                0x0000000020000070                hcan2
 .bss.hdac      0x0000000020000098       0x14 ./Core/Src/main.o
                0x0000000020000098                hdac
 .bss.hi2c1     0x00000000200000ac       0x54 ./Core/Src/main.o
                0x00000000200000ac                hi2c1
 .bss.hspi3     0x0000000020000100       0x58 ./Core/Src/main.o
                0x0000000020000100                hspi3
 .bss.htim1     0x0000000020000158       0x48 ./Core/Src/main.o
                0x0000000020000158                htim1
 .bss.htim2     0x00000000200001a0       0x48 ./Core/Src/main.o
                0x00000000200001a0                htim2
 .bss.htim3     0x00000000200001e8       0x48 ./Core/Src/main.o
                0x00000000200001e8                htim3
 .bss.htim8     0x0000000020000230       0x48 ./Core/Src/main.o
                0x0000000020000230                htim8
 .bss.huart1    0x0000000020000278       0x44 ./Core/Src/main.o
                0x0000000020000278                huart1
 .bss.huart3    0x00000000200002bc       0x44 ./Core/Src/main.o
                0x00000000200002bc                huart3
 .bss.hpcd_USB_OTG_HS
                0x0000000020000300      0x50c ./Core/Src/main.o
                0x0000000020000300                hpcd_USB_OTG_HS
 .bss.uwTick    0x000000002000080c        0x4 ./Drivers/STM32F4xx_HAL_Driver/Src/stm32f4xx_hal.o
                0x000000002000080c                uwTick
 *(COMMON)
                0x0000000020000810                . = ALIGN (0x4)
                0x0000000020000810                _ebss = .
                0x0000000020000810                __bss_end__ = _ebss

._user_heap_stack
                0x0000000020000810      0x600
                0x0000000020000810                . = ALIGN (0x8)
                [!provide]                        PROVIDE (end = .)
                0x0000000020000810                PROVIDE (_end = .)
                0x0000000020000a10                . = (. + _Min_Heap_Size)
 *fill*         0x0000000020000810      0x200 
                0x0000000020000e10                . = (. + _Min_Stack_Size)
 *fill*         0x0000000020000a10      0x400 
                0x0000000020000e10                . = ALIGN (0x8)

/DISCARD/
 libc.a(*)
 libm.a(*)
 libgcc.a(*)

.ARM.attributes
                0x0000000000000000       0x30
 *(.ARM.attributes)
 .ARM.attributes
                0x0000000000000000       0x1e c:/st/stm32cubeide_1.9.0/stm32cubeide/plugins/com.st.stm32cube.ide.mcu.externaltools.gnu-tools-for-stm32.10.3-2021.10.win32_1.0.0.202111181127/tools/bin/../lib/gcc/arm-none-eabi/10.3.1/thumb/v7e-m+fp/hard/crti.o
 .ARM.attributes
                0x000000000000001e       0x34 c:/st/stm32cubeide_1.9.0/stm32cubeide/plugins/com.st.stm32cube.ide.mcu.externaltools.gnu-tools-for-stm32.10.3-2021.10.win32_1.0.0.202111181127/tools/bin/../lib/gcc/arm-none-eabi/10.3.1/thumb/v7e-m+fp/hard/crtbegin.o
 .ARM.attributes
                0x0000000000000052       0x34 ./Core/Src/main.o
 .ARM.attributes
                0x0000000000000086       0x34 ./Core/Src/stm32f4xx_hal_msp.o
 .ARM.attributes
                0x00000000000000ba       0x34 ./Core/Src/stm32f4xx_it.o
 .ARM.attributes
                0x00000000000000ee       0x34 ./Core/Src/system_stm32f4xx.o
 .ARM.attributes
                0x0000000000000122       0x21 ./Core/Startup/startup_stm32f405rgtx.o
 .ARM.attributes
                0x0000000000000143       0x34 ./Drivers/STM32F4xx_HAL_Driver/Src/stm32f4xx_hal.o
 .ARM.attributes
                0x0000000000000177       0x34 ./Drivers/STM32F4xx_HAL_Driver/Src/stm32f4xx_hal_adc.o
 .ARM.attributes
                0x00000000000001ab       0x34 ./Drivers/STM32F4xx_HAL_Driver/Src/stm32f4xx_hal_adc_ex.o
 .ARM.attributes
                0x00000000000001df       0x34 ./Drivers/STM32F4xx_HAL_Driver/Src/stm32f4xx_hal_can.o
 .ARM.attributes
                0x0000000000000213       0x34 ./Drivers/STM32F4xx_HAL_Driver/Src/stm32f4xx_hal_cortex.o
 .ARM.attributes
                0x0000000000000247       0x34 ./Drivers/STM32F4xx_HAL_Driver/Src/stm32f4xx_hal_dac.o
 .ARM.attributes
                0x000000000000027b       0x34 ./Drivers/STM32F4xx_HAL_Driver/Src/stm32f4xx_hal_gpio.o
 .ARM.attributes
                0x00000000000002af       0x34 ./Drivers/STM32F4xx_HAL_Driver/Src/stm32f4xx_hal_i2c.o
 .ARM.attributes
                0x00000000000002e3       0x34 ./Drivers/STM32F4xx_HAL_Driver/Src/stm32f4xx_hal_pcd.o
 .ARM.attributes
                0x0000000000000317       0x34 ./Drivers/STM32F4xx_HAL_Driver/Src/stm32f4xx_hal_rcc.o
 .ARM.attributes
                0x000000000000034b       0x34 ./Drivers/STM32F4xx_HAL_Driver/Src/stm32f4xx_hal_spi.o
 .ARM.attributes
                0x000000000000037f       0x34 ./Drivers/STM32F4xx_HAL_Driver/Src/stm32f4xx_hal_tim.o
 .ARM.attributes
                0x00000000000003b3       0x34 ./Drivers/STM32F4xx_HAL_Driver/Src/stm32f4xx_hal_tim_ex.o
 .ARM.attributes
                0x00000000000003e7       0x34 ./Drivers/STM32F4xx_HAL_Driver/Src/stm32f4xx_hal_uart.o
 .ARM.attributes
                0x000000000000041b       0x34 ./Drivers/STM32F4xx_HAL_Driver/Src/stm32f4xx_ll_usb.o
 .ARM.attributes
                0x000000000000044f       0x34 c:/st/stm32cubeide_1.9.0/stm32cubeide/plugins/com.st.stm32cube.ide.mcu.externaltools.gnu-tools-for-stm32.10.3-2021.10.win32_1.0.0.202111181127/tools/bin/../lib/gcc/arm-none-eabi/10.3.1/../../../../arm-none-eabi/lib/thumb/v7e-m+fp/hard\libc_nano.a(lib_a-init.o)
 .ARM.attributes
                0x0000000000000483       0x34 c:/st/stm32cubeide_1.9.0/stm32cubeide/plugins/com.st.stm32cube.ide.mcu.externaltools.gnu-tools-for-stm32.10.3-2021.10.win32_1.0.0.202111181127/tools/bin/../lib/gcc/arm-none-eabi/10.3.1/../../../../arm-none-eabi/lib/thumb/v7e-m+fp/hard\libc_nano.a(lib_a-memset.o)
 .ARM.attributes
                0x00000000000004b7       0x1e c:/st/stm32cubeide_1.9.0/stm32cubeide/plugins/com.st.stm32cube.ide.mcu.externaltools.gnu-tools-for-stm32.10.3-2021.10.win32_1.0.0.202111181127/tools/bin/../lib/gcc/arm-none-eabi/10.3.1/thumb/v7e-m+fp/hard\libgcc.a(_aeabi_uldivmod.o)
 .ARM.attributes
                0x00000000000004d5       0x34 c:/st/stm32cubeide_1.9.0/stm32cubeide/plugins/com.st.stm32cube.ide.mcu.externaltools.gnu-tools-for-stm32.10.3-2021.10.win32_1.0.0.202111181127/tools/bin/../lib/gcc/arm-none-eabi/10.3.1/thumb/v7e-m+fp/hard\libgcc.a(_udivmoddi4.o)
 .ARM.attributes
                0x0000000000000509       0x1e c:/st/stm32cubeide_1.9.0/stm32cubeide/plugins/com.st.stm32cube.ide.mcu.externaltools.gnu-tools-for-stm32.10.3-2021.10.win32_1.0.0.202111181127/tools/bin/../lib/gcc/arm-none-eabi/10.3.1/thumb/v7e-m+fp/hard\libgcc.a(_dvmd_tls.o)
 .ARM.attributes
                0x0000000000000527       0x1e c:/st/stm32cubeide_1.9.0/stm32cubeide/plugins/com.st.stm32cube.ide.mcu.externaltools.gnu-tools-for-stm32.10.3-2021.10.win32_1.0.0.202111181127/tools/bin/../lib/gcc/arm-none-eabi/10.3.1/thumb/v7e-m+fp/hard/crtn.o
OUTPUT(MEPOS STM32F405RGT6.elf elf32-littlearm)
LOAD linker stubs
LOAD c:/st/stm32cubeide_1.9.0/stm32cubeide/plugins/com.st.stm32cube.ide.mcu.externaltools.gnu-tools-for-stm32.10.3-2021.10.win32_1.0.0.202111181127/tools/bin/../lib/gcc/arm-none-eabi/10.3.1/../../../../arm-none-eabi/lib/thumb/v7e-m+fp/hard\libc.a
LOAD c:/st/stm32cubeide_1.9.0/stm32cubeide/plugins/com.st.stm32cube.ide.mcu.externaltools.gnu-tools-for-stm32.10.3-2021.10.win32_1.0.0.202111181127/tools/bin/../lib/gcc/arm-none-eabi/10.3.1/../../../../arm-none-eabi/lib/thumb/v7e-m+fp/hard\libm.a
LOAD c:/st/stm32cubeide_1.9.0/stm32cubeide/plugins/com.st.stm32cube.ide.mcu.externaltools.gnu-tools-for-stm32.10.3-2021.10.win32_1.0.0.202111181127/tools/bin/../lib/gcc/arm-none-eabi/10.3.1/thumb/v7e-m+fp/hard\libgcc.a

.debug_info     0x0000000000000000    0x195ce
 .debug_info    0x0000000000000000     0x26f4 ./Core/Src/main.o
 .debug_info    0x00000000000026f4     0x25a8 ./Core/Src/stm32f4xx_hal_msp.o
 .debug_info    0x0000000000004c9c      0x65a ./Core/Src/stm32f4xx_it.o
 .debug_info    0x00000000000052f6      0x523 ./Core/Src/system_stm32f4xx.o
 .debug_info    0x0000000000005819       0x22 ./Core/Startup/startup_stm32f405rgtx.o
 .debug_info    0x000000000000583b      0x96a ./Drivers/STM32F4xx_HAL_Driver/Src/stm32f4xx_hal.o
 .debug_info    0x00000000000061a5      0xd70 ./Drivers/STM32F4xx_HAL_Driver/Src/stm32f4xx_hal_adc.o
 .debug_info    0x0000000000006f15      0xbdc ./Drivers/STM32F4xx_HAL_Driver/Src/stm32f4xx_hal_adc_ex.o
 .debug_info    0x0000000000007af1      0xfc0 ./Drivers/STM32F4xx_HAL_Driver/Src/stm32f4xx_hal_can.o
 .debug_info    0x0000000000008ab1      0xe09 ./Drivers/STM32F4xx_HAL_Driver/Src/stm32f4xx_hal_cortex.o
 .debug_info    0x00000000000098ba      0xa5d ./Drivers/STM32F4xx_HAL_Driver/Src/stm32f4xx_hal_dac.o
 .debug_info    0x000000000000a317      0x76a ./Drivers/STM32F4xx_HAL_Driver/Src/stm32f4xx_hal_gpio.o
 .debug_info    0x000000000000aa81     0x2609 ./Drivers/STM32F4xx_HAL_Driver/Src/stm32f4xx_hal_i2c.o
 .debug_info    0x000000000000d08a     0x1695 ./Drivers/STM32F4xx_HAL_Driver/Src/stm32f4xx_hal_pcd.o
 .debug_info    0x000000000000e71f      0x966 ./Drivers/STM32F4xx_HAL_Driver/Src/stm32f4xx_hal_rcc.o
 .debug_info    0x000000000000f085     0x1758 ./Drivers/STM32F4xx_HAL_Driver/Src/stm32f4xx_hal_spi.o
 .debug_info    0x00000000000107dd     0x2bbe ./Drivers/STM32F4xx_HAL_Driver/Src/stm32f4xx_hal_tim.o
 .debug_info    0x000000000001339b     0x15e0 ./Drivers/STM32F4xx_HAL_Driver/Src/stm32f4xx_hal_tim_ex.o
 .debug_info    0x000000000001497b     0x31bc ./Drivers/STM32F4xx_HAL_Driver/Src/stm32f4xx_hal_uart.o
 .debug_info    0x0000000000017b37     0x1a97 ./Drivers/STM32F4xx_HAL_Driver/Src/stm32f4xx_ll_usb.o

.debug_abbrev   0x0000000000000000     0x2c44
 .debug_abbrev  0x0000000000000000      0x2f9 ./Core/Src/main.o
 .debug_abbrev  0x00000000000002f9      0x277 ./Core/Src/stm32f4xx_hal_msp.o
 .debug_abbrev  0x0000000000000570      0x170 ./Core/Src/stm32f4xx_it.o
 .debug_abbrev  0x00000000000006e0      0x116 ./Core/Src/system_stm32f4xx.o
 .debug_abbrev  0x00000000000007f6       0x12 ./Core/Startup/startup_stm32f405rgtx.o
 .debug_abbrev  0x0000000000000808      0x20d ./Drivers/STM32F4xx_HAL_Driver/Src/stm32f4xx_hal.o
 .debug_abbrev  0x0000000000000a15      0x244 ./Drivers/STM32F4xx_HAL_Driver/Src/stm32f4xx_hal_adc.o
 .debug_abbrev  0x0000000000000c59      0x25f ./Drivers/STM32F4xx_HAL_Driver/Src/stm32f4xx_hal_adc_ex.o
 .debug_abbrev  0x0000000000000eb8      0x21d ./Drivers/STM32F4xx_HAL_Driver/Src/stm32f4xx_hal_can.o
 .debug_abbrev  0x00000000000010d5      0x316 ./Drivers/STM32F4xx_HAL_Driver/Src/stm32f4xx_hal_cortex.o
 .debug_abbrev  0x00000000000013eb      0x1df ./Drivers/STM32F4xx_HAL_Driver/Src/stm32f4xx_hal_dac.o
 .debug_abbrev  0x00000000000015ca      0x1c4 ./Drivers/STM32F4xx_HAL_Driver/Src/stm32f4xx_hal_gpio.o
 .debug_abbrev  0x000000000000178e      0x297 ./Drivers/STM32F4xx_HAL_Driver/Src/stm32f4xx_hal_i2c.o
 .debug_abbrev  0x0000000000001a25      0x2bb ./Drivers/STM32F4xx_HAL_Driver/Src/stm32f4xx_hal_pcd.o
 .debug_abbrev  0x0000000000001ce0      0x2aa ./Drivers/STM32F4xx_HAL_Driver/Src/stm32f4xx_hal_rcc.o
 .debug_abbrev  0x0000000000001f8a      0x26e ./Drivers/STM32F4xx_HAL_Driver/Src/stm32f4xx_hal_spi.o
 .debug_abbrev  0x00000000000021f8      0x25d ./Drivers/STM32F4xx_HAL_Driver/Src/stm32f4xx_hal_tim.o
 .debug_abbrev  0x0000000000002455      0x265 ./Drivers/STM32F4xx_HAL_Driver/Src/stm32f4xx_hal_tim_ex.o
 .debug_abbrev  0x00000000000026ba      0x2f4 ./Drivers/STM32F4xx_HAL_Driver/Src/stm32f4xx_hal_uart.o
 .debug_abbrev  0x00000000000029ae      0x296 ./Drivers/STM32F4xx_HAL_Driver/Src/stm32f4xx_ll_usb.o

.debug_aranges  0x0000000000000000     0x16e0
 .debug_aranges
                0x0000000000000000       0x98 ./Core/Src/main.o
 .debug_aranges
                0x0000000000000098       0xa8 ./Core/Src/stm32f4xx_hal_msp.o
 .debug_aranges
                0x0000000000000140       0x68 ./Core/Src/stm32f4xx_it.o
 .debug_aranges
                0x00000000000001a8       0x28 ./Core/Src/system_stm32f4xx.o
 .debug_aranges
                0x00000000000001d0       0x28 ./Core/Startup/startup_stm32f405rgtx.o
 .debug_aranges
                0x00000000000001f8       0xf0 ./Drivers/STM32F4xx_HAL_Driver/Src/stm32f4xx_hal.o
 .debug_aranges
                0x00000000000002e8       0xe8 ./Drivers/STM32F4xx_HAL_Driver/Src/stm32f4xx_hal_adc.o
 .debug_aranges
                0x00000000000003d0       0x90 ./Drivers/STM32F4xx_HAL_Driver/Src/stm32f4xx_hal_adc_ex.o
 .debug_aranges
                0x0000000000000460      0x138 ./Drivers/STM32F4xx_HAL_Driver/Src/stm32f4xx_hal_can.o
 .debug_aranges
                0x0000000000000598      0x118 ./Drivers/STM32F4xx_HAL_Driver/Src/stm32f4xx_hal_cortex.o
 .debug_aranges
                0x00000000000006b0       0xc0 ./Drivers/STM32F4xx_HAL_Driver/Src/stm32f4xx_hal_dac.o
 .debug_aranges
                0x0000000000000770       0x58 ./Drivers/STM32F4xx_HAL_Driver/Src/stm32f4xx_hal_gpio.o
 .debug_aranges
                0x00000000000007c8      0x2a0 ./Drivers/STM32F4xx_HAL_Driver/Src/stm32f4xx_hal_i2c.o
 .debug_aranges
                0x0000000000000a68      0x148 ./Drivers/STM32F4xx_HAL_Driver/Src/stm32f4xx_hal_pcd.o
 .debug_aranges
                0x0000000000000bb0       0x88 ./Drivers/STM32F4xx_HAL_Driver/Src/stm32f4xx_hal_rcc.o
 .debug_aranges
                0x0000000000000c38      0x1d0 ./Drivers/STM32F4xx_HAL_Driver/Src/stm32f4xx_hal_spi.o
 .debug_aranges
                0x0000000000000e08      0x3d0 ./Drivers/STM32F4xx_HAL_Driver/Src/stm32f4xx_hal_tim.o
 .debug_aranges
                0x00000000000011d8      0x168 ./Drivers/STM32F4xx_HAL_Driver/Src/stm32f4xx_hal_tim_ex.o
 .debug_aranges
                0x0000000000001340      0x200 ./Drivers/STM32F4xx_HAL_Driver/Src/stm32f4xx_hal_uart.o
 .debug_aranges
                0x0000000000001540      0x1a0 ./Drivers/STM32F4xx_HAL_Driver/Src/stm32f4xx_ll_usb.o

.debug_ranges   0x0000000000000000     0x15f0
 .debug_ranges  0x0000000000000000       0x88 ./Core/Src/main.o
 .debug_ranges  0x0000000000000088       0x98 ./Core/Src/stm32f4xx_hal_msp.o
 .debug_ranges  0x0000000000000120       0x58 ./Core/Src/stm32f4xx_it.o
 .debug_ranges  0x0000000000000178       0x18 ./Core/Src/system_stm32f4xx.o
 .debug_ranges  0x0000000000000190       0x20 ./Core/Startup/startup_stm32f405rgtx.o
 .debug_ranges  0x00000000000001b0       0xe0 ./Drivers/STM32F4xx_HAL_Driver/Src/stm32f4xx_hal.o
 .debug_ranges  0x0000000000000290       0xd8 ./Drivers/STM32F4xx_HAL_Driver/Src/stm32f4xx_hal_adc.o
 .debug_ranges  0x0000000000000368       0x80 ./Drivers/STM32F4xx_HAL_Driver/Src/stm32f4xx_hal_adc_ex.o
 .debug_ranges  0x00000000000003e8      0x128 ./Drivers/STM32F4xx_HAL_Driver/Src/stm32f4xx_hal_can.o
 .debug_ranges  0x0000000000000510      0x108 ./Drivers/STM32F4xx_HAL_Driver/Src/stm32f4xx_hal_cortex.o
 .debug_ranges  0x0000000000000618       0xb0 ./Drivers/STM32F4xx_HAL_Driver/Src/stm32f4xx_hal_dac.o
 .debug_ranges  0x00000000000006c8       0x48 ./Drivers/STM32F4xx_HAL_Driver/Src/stm32f4xx_hal_gpio.o
 .debug_ranges  0x0000000000000710      0x2a8 ./Drivers/STM32F4xx_HAL_Driver/Src/stm32f4xx_hal_i2c.o
 .debug_ranges  0x00000000000009b8      0x138 ./Drivers/STM32F4xx_HAL_Driver/Src/stm32f4xx_hal_pcd.o
 .debug_ranges  0x0000000000000af0       0x78 ./Drivers/STM32F4xx_HAL_Driver/Src/stm32f4xx_hal_rcc.o
 .debug_ranges  0x0000000000000b68      0x1c0 ./Drivers/STM32F4xx_HAL_Driver/Src/stm32f4xx_hal_spi.o
 .debug_ranges  0x0000000000000d28      0x3c0 ./Drivers/STM32F4xx_HAL_Driver/Src/stm32f4xx_hal_tim.o
 .debug_ranges  0x00000000000010e8      0x158 ./Drivers/STM32F4xx_HAL_Driver/Src/stm32f4xx_hal_tim_ex.o
 .debug_ranges  0x0000000000001240      0x220 ./Drivers/STM32F4xx_HAL_Driver/Src/stm32f4xx_hal_uart.o
 .debug_ranges  0x0000000000001460      0x190 ./Drivers/STM32F4xx_HAL_Driver/Src/stm32f4xx_ll_usb.o

.debug_macro    0x0000000000000000    0x21d48
 .debug_macro   0x0000000000000000      0x26b ./Core/Src/main.o
 .debug_macro   0x000000000000026b      0xa78 ./Core/Src/main.o
 .debug_macro   0x0000000000000ce3      0x2bf ./Core/Src/main.o
 .debug_macro   0x0000000000000fa2       0x2e ./Core/Src/main.o
 .debug_macro   0x0000000000000fd0       0x2f ./Core/Src/main.o
 .debug_macro   0x0000000000000fff       0x22 ./Core/Src/main.o
 .debug_macro   0x0000000000001021       0x8e ./Core/Src/main.o
 .debug_macro   0x00000000000010af       0x51 ./Core/Src/main.o
 .debug_macro   0x0000000000001100      0x103 ./Core/Src/main.o
 .debug_macro   0x0000000000001203       0x6a ./Core/Src/main.o
 .debug_macro   0x000000000000126d      0x1df ./Core/Src/main.o
 .debug_macro   0x000000000000144c       0x1c ./Core/Src/main.o
 .debug_macro   0x0000000000001468       0x22 ./Core/Src/main.o
 .debug_macro   0x000000000000148a       0xd9 ./Core/Src/main.o
 .debug_macro   0x0000000000001563     0x102d ./Core/Src/main.o
 .debug_macro   0x0000000000002590      0x11f ./Core/Src/main.o
 .debug_macro   0x00000000000026af    0x1426d ./Core/Src/main.o
 .debug_macro   0x000000000001691c       0x6d ./Core/Src/main.o
 .debug_macro   0x0000000000016989     0x367e ./Core/Src/main.o
 .debug_macro   0x000000000001a007      0x174 ./Core/Src/main.o
 .debug_macro   0x000000000001a17b       0x5c ./Core/Src/main.o
 .debug_macro   0x000000000001a1d7      0x8a7 ./Core/Src/main.o
 .debug_macro   0x000000000001aa7e      0x9fe ./Core/Src/main.o
 .debug_macro   0x000000000001b47c      0x115 ./Core/Src/main.o
 .debug_macro   0x000000000001b591      0x130 ./Core/Src/main.o
 .debug_macro   0x000000000001b6c1       0xa5 ./Core/Src/main.o
 .debug_macro   0x000000000001b766      0x174 ./Core/Src/main.o
 .debug_macro   0x000000000001b8da      0x287 ./Core/Src/main.o
 .debug_macro   0x000000000001bb61       0x5f ./Core/Src/main.o
 .debug_macro   0x000000000001bbc0      0x236 ./Core/Src/main.o
 .debug_macro   0x000000000001bdf6      0xb5b ./Core/Src/main.o
 .debug_macro   0x000000000001c951      0x38b ./Core/Src/main.o
 .debug_macro   0x000000000001ccdc      0x176 ./Core/Src/main.o
 .debug_macro   0x000000000001ce52       0xf9 ./Core/Src/main.o
 .debug_macro   0x000000000001cf4b      0x40f ./Core/Src/main.o
 .debug_macro   0x000000000001d35a      0x122 ./Core/Src/main.o
 .debug_macro   0x000000000001d47c       0xa6 ./Core/Src/main.o
 .debug_macro   0x000000000001d522      0x12c ./Core/Src/main.o
 .debug_macro   0x000000000001d64e      0x21e ./Core/Src/main.o
 .debug_macro   0x000000000001d86c       0x2e ./Core/Src/main.o
 .debug_macro   0x000000000001d89a      0x1b5 ./Core/Src/main.o
 .debug_macro   0x000000000001da4f       0xd6 ./Core/Src/main.o
 .debug_macro   0x000000000001db25      0x11a ./Core/Src/main.o
 .debug_macro   0x000000000001dc3f       0x7e ./Core/Src/main.o
 .debug_macro   0x000000000001dcbd       0x89 ./Core/Src/main.o
 .debug_macro   0x000000000001dd46      0x225 ./Core/Src/main.o
 .debug_macro   0x000000000001df6b      0x8e6 ./Core/Src/main.o
 .debug_macro   0x000000000001e851       0x47 ./Core/Src/main.o
 .debug_macro   0x000000000001e898      0x295 ./Core/Src/main.o
 .debug_macro   0x000000000001eb2d      0x248 ./Core/Src/main.o
 .debug_macro   0x000000000001ed75       0xba ./Core/Src/main.o
 .debug_macro   0x000000000001ee2f      0x12d ./Core/Src/main.o
 .debug_macro   0x000000000001ef5c      0x254 ./Core/Src/main.o
 .debug_macro   0x000000000001f1b0      0x26b ./Core/Src/stm32f4xx_hal_msp.o
 .debug_macro   0x000000000001f41b      0x275 ./Core/Src/stm32f4xx_it.o
 .debug_macro   0x000000000001f690      0x25c ./Core/Src/system_stm32f4xx.o
 .debug_macro   0x000000000001f8ec      0x2bc ./Drivers/STM32F4xx_HAL_Driver/Src/stm32f4xx_hal.o
 .debug_macro   0x000000000001fba8      0x25d ./Drivers/STM32F4xx_HAL_Driver/Src/stm32f4xx_hal_adc.o
 .debug_macro   0x000000000001fe05      0x25c ./Drivers/STM32F4xx_HAL_Driver/Src/stm32f4xx_hal_adc_ex.o
 .debug_macro   0x0000000000020061      0x264 ./Drivers/STM32F4xx_HAL_Driver/Src/stm32f4xx_hal_can.o
 .debug_macro   0x00000000000202c5      0x25c ./Drivers/STM32F4xx_HAL_Driver/Src/stm32f4xx_hal_cortex.o
 .debug_macro   0x0000000000020521      0x25d ./Drivers/STM32F4xx_HAL_Driver/Src/stm32f4xx_hal_dac.o
 .debug_macro   0x000000000002077e      0x262 ./Drivers/STM32F4xx_HAL_Driver/Src/stm32f4xx_hal_gpio.o
 .debug_macro   0x00000000000209e0      0x2a3 ./Drivers/STM32F4xx_HAL_Driver/Src/stm32f4xx_hal_i2c.o
 .debug_macro   0x0000000000020c83      0x268 ./Drivers/STM32F4xx_HAL_Driver/Src/stm32f4xx_hal_pcd.o
 .debug_macro   0x0000000000020eeb      0x280 ./Drivers/STM32F4xx_HAL_Driver/Src/stm32f4xx_hal_rcc.o
 .debug_macro   0x000000000002116b      0x26b ./Drivers/STM32F4xx_HAL_Driver/Src/stm32f4xx_hal_spi.o
 .debug_macro   0x00000000000213d6      0x25d ./Drivers/STM32F4xx_HAL_Driver/Src/stm32f4xx_hal_tim.o
 .debug_macro   0x0000000000021633      0x25c ./Drivers/STM32F4xx_HAL_Driver/Src/stm32f4xx_hal_tim_ex.o
 .debug_macro   0x000000000002188f      0x25d ./Drivers/STM32F4xx_HAL_Driver/Src/stm32f4xx_hal_uart.o
 .debug_macro   0x0000000000021aec      0x25c ./Drivers/STM32F4xx_HAL_Driver/Src/stm32f4xx_ll_usb.o

.debug_line     0x0000000000000000    0x1a33d
 .debug_line    0x0000000000000000      0xca2 ./Core/Src/main.o
 .debug_line    0x0000000000000ca2      0xb34 ./Core/Src/stm32f4xx_hal_msp.o
 .debug_line    0x00000000000017d6      0x8b0 ./Core/Src/stm32f4xx_it.o
 .debug_line    0x0000000000002086      0x857 ./Core/Src/system_stm32f4xx.o
 .debug_line    0x00000000000028dd       0x88 ./Core/Startup/startup_stm32f405rgtx.o
 .debug_line    0x0000000000002965      0xabd ./Drivers/STM32F4xx_HAL_Driver/Src/stm32f4xx_hal.o
 .debug_line    0x0000000000003422     0x1333 ./Drivers/STM32F4xx_HAL_Driver/Src/stm32f4xx_hal_adc.o
 .debug_line    0x0000000000004755      0xf7d ./Drivers/STM32F4xx_HAL_Driver/Src/stm32f4xx_hal_adc_ex.o
 .debug_line    0x00000000000056d2     0x1229 ./Drivers/STM32F4xx_HAL_Driver/Src/stm32f4xx_hal_can.o
 .debug_line    0x00000000000068fb      0xd6c ./Drivers/STM32F4xx_HAL_Driver/Src/stm32f4xx_hal_cortex.o
 .debug_line    0x0000000000007667      0xc0e ./Drivers/STM32F4xx_HAL_Driver/Src/stm32f4xx_hal_dac.o
 .debug_line    0x0000000000008275      0xc31 ./Drivers/STM32F4xx_HAL_Driver/Src/stm32f4xx_hal_gpio.o
 .debug_line    0x0000000000008ea6     0x3a72 ./Drivers/STM32F4xx_HAL_Driver/Src/stm32f4xx_hal_i2c.o
 .debug_line    0x000000000000c918     0x1560 ./Drivers/STM32F4xx_HAL_Driver/Src/stm32f4xx_hal_pcd.o
 .debug_line    0x000000000000de78      0xe37 ./Drivers/STM32F4xx_HAL_Driver/Src/stm32f4xx_hal_rcc.o
 .debug_line    0x000000000000ecaf     0x1d47 ./Drivers/STM32F4xx_HAL_Driver/Src/stm32f4xx_hal_spi.o
 .debug_line    0x00000000000109f6     0x37b1 ./Drivers/STM32F4xx_HAL_Driver/Src/stm32f4xx_hal_tim.o
 .debug_line    0x00000000000141a7     0x1aba ./Drivers/STM32F4xx_HAL_Driver/Src/stm32f4xx_hal_tim_ex.o
 .debug_line    0x0000000000015c61     0x2b62 ./Drivers/STM32F4xx_HAL_Driver/Src/stm32f4xx_hal_uart.o
 .debug_line    0x00000000000187c3     0x1b7a ./Drivers/STM32F4xx_HAL_Driver/Src/stm32f4xx_ll_usb.o

.debug_str      0x0000000000000000    0xd38cf
 .debug_str     0x0000000000000000    0xce39a ./Core/Src/main.o
                                      0xce7cf (size before relaxing)
 .debug_str     0x00000000000ce39a      0x67c ./Core/Src/stm32f4xx_hal_msp.o
                                      0xce82b (size before relaxing)
 .debug_str     0x00000000000cea16       0xdc ./Core/Src/stm32f4xx_it.o
                                      0xcd1b1 (size before relaxing)
 .debug_str     0x00000000000ceaf2       0xdb ./Core/Src/system_stm32f4xx.o
                                      0xcc708 (size before relaxing)
 .debug_str     0x00000000000cebcd       0x36 ./Core/Startup/startup_stm32f405rgtx.o
                                         0x7f (size before relaxing)
 .debug_str     0x00000000000cec03      0x60d ./Drivers/STM32F4xx_HAL_Driver/Src/stm32f4xx_hal.o
                                      0xcd26b (size before relaxing)
 .debug_str     0x00000000000cf210      0x2b2 ./Drivers/STM32F4xx_HAL_Driver/Src/stm32f4xx_hal_adc.o
                                      0xcccf5 (size before relaxing)
 .debug_str     0x00000000000cf4c2      0x2df ./Drivers/STM32F4xx_HAL_Driver/Src/stm32f4xx_hal_adc_ex.o
                                      0xccd49 (size before relaxing)
 .debug_str     0x00000000000cf7a1      0x560 ./Drivers/STM32F4xx_HAL_Driver/Src/stm32f4xx_hal_can.o
                                      0xccdf4 (size before relaxing)
 .debug_str     0x00000000000cfd01      0x326 ./Drivers/STM32F4xx_HAL_Driver/Src/stm32f4xx_hal_cortex.o
                                      0xccf9e (size before relaxing)
 .debug_str     0x00000000000d0027      0x1f5 ./Drivers/STM32F4xx_HAL_Driver/Src/stm32f4xx_hal_dac.o
                                      0xccb7a (size before relaxing)
 .debug_str     0x00000000000d021c      0x121 ./Drivers/STM32F4xx_HAL_Driver/Src/stm32f4xx_hal_gpio.o
                                      0xcc883 (size before relaxing)
 .debug_str     0x00000000000d033d      0xad2 ./Drivers/STM32F4xx_HAL_Driver/Src/stm32f4xx_hal_i2c.o
                                      0xcd6d3 (size before relaxing)
 .debug_str     0x00000000000d0e0f      0x811 ./Drivers/STM32F4xx_HAL_Driver/Src/stm32f4xx_hal_pcd.o
                                      0xcd1ca (size before relaxing)
 .debug_str     0x00000000000d1620      0x1ff ./Drivers/STM32F4xx_HAL_Driver/Src/stm32f4xx_hal_rcc.o
                                      0xccb3c (size before relaxing)
 .debug_str     0x00000000000d181f      0x548 ./Drivers/STM32F4xx_HAL_Driver/Src/stm32f4xx_hal_spi.o
                                      0xccfcc (size before relaxing)
 .debug_str     0x00000000000d1d67      0xd61 ./Drivers/STM32F4xx_HAL_Driver/Src/stm32f4xx_hal_tim.o
                                      0xcda82 (size before relaxing)
 .debug_str     0x00000000000d2ac8      0x3e1 ./Drivers/STM32F4xx_HAL_Driver/Src/stm32f4xx_hal_tim_ex.o
                                      0xcd29e (size before relaxing)
 .debug_str     0x00000000000d2ea9      0x5e2 ./Drivers/STM32F4xx_HAL_Driver/Src/stm32f4xx_hal_uart.o
                                      0xcd0db (size before relaxing)
 .debug_str     0x00000000000d348b      0x444 ./Drivers/STM32F4xx_HAL_Driver/Src/stm32f4xx_ll_usb.o
                                      0xcd032 (size before relaxing)

.comment        0x0000000000000000       0x50
 .comment       0x0000000000000000       0x50 ./Core/Src/main.o
                                         0x51 (size before relaxing)
 .comment       0x0000000000000050       0x51 ./Core/Src/stm32f4xx_hal_msp.o
 .comment       0x0000000000000050       0x51 ./Core/Src/stm32f4xx_it.o
 .comment       0x0000000000000050       0x51 ./Core/Src/system_stm32f4xx.o
 .comment       0x0000000000000050       0x51 ./Drivers/STM32F4xx_HAL_Driver/Src/stm32f4xx_hal.o
 .comment       0x0000000000000050       0x51 ./Drivers/STM32F4xx_HAL_Driver/Src/stm32f4xx_hal_adc.o
 .comment       0x0000000000000050       0x51 ./Drivers/STM32F4xx_HAL_Driver/Src/stm32f4xx_hal_adc_ex.o
 .comment       0x0000000000000050       0x51 ./Drivers/STM32F4xx_HAL_Driver/Src/stm32f4xx_hal_can.o
 .comment       0x0000000000000050       0x51 ./Drivers/STM32F4xx_HAL_Driver/Src/stm32f4xx_hal_cortex.o
 .comment       0x0000000000000050       0x51 ./Drivers/STM32F4xx_HAL_Driver/Src/stm32f4xx_hal_dac.o
 .comment       0x0000000000000050       0x51 ./Drivers/STM32F4xx_HAL_Driver/Src/stm32f4xx_hal_gpio.o
 .comment       0x0000000000000050       0x51 ./Drivers/STM32F4xx_HAL_Driver/Src/stm32f4xx_hal_i2c.o
 .comment       0x0000000000000050       0x51 ./Drivers/STM32F4xx_HAL_Driver/Src/stm32f4xx_hal_pcd.o
 .comment       0x0000000000000050       0x51 ./Drivers/STM32F4xx_HAL_Driver/Src/stm32f4xx_hal_rcc.o
 .comment       0x0000000000000050       0x51 ./Drivers/STM32F4xx_HAL_Driver/Src/stm32f4xx_hal_spi.o
 .comment       0x0000000000000050       0x51 ./Drivers/STM32F4xx_HAL_Driver/Src/stm32f4xx_hal_tim.o
 .comment       0x0000000000000050       0x51 ./Drivers/STM32F4xx_HAL_Driver/Src/stm32f4xx_hal_tim_ex.o
 .comment       0x0000000000000050       0x51 ./Drivers/STM32F4xx_HAL_Driver/Src/stm32f4xx_hal_uart.o
 .comment       0x0000000000000050       0x51 ./Drivers/STM32F4xx_HAL_Driver/Src/stm32f4xx_ll_usb.o

.debug_frame    0x0000000000000000     0x6468
 .debug_frame   0x0000000000000000      0x20c ./Core/Src/main.o
 .debug_frame   0x000000000000020c      0x2a4 ./Core/Src/stm32f4xx_hal_msp.o
 .debug_frame   0x00000000000004b0      0x120 ./Core/Src/stm32f4xx_it.o
 .debug_frame   0x00000000000005d0       0x58 ./Core/Src/system_stm32f4xx.o
 .debug_frame   0x0000000000000628      0x374 ./Drivers/STM32F4xx_HAL_Driver/Src/stm32f4xx_hal.o
 .debug_frame   0x000000000000099c      0x3fc ./Drivers/STM32F4xx_HAL_Driver/Src/stm32f4xx_hal_adc.o
 .debug_frame   0x0000000000000d98      0x250 ./Drivers/STM32F4xx_HAL_Driver/Src/stm32f4xx_hal_adc_ex.o
 .debug_frame   0x0000000000000fe8      0x5a0 ./Drivers/STM32F4xx_HAL_Driver/Src/stm32f4xx_hal_can.o
 .debug_frame   0x0000000000001588      0x498 ./Drivers/STM32F4xx_HAL_Driver/Src/stm32f4xx_hal_cortex.o
 .debug_frame   0x0000000000001a20      0x338 ./Drivers/STM32F4xx_HAL_Driver/Src/stm32f4xx_hal_dac.o
 .debug_frame   0x0000000000001d58      0x14c ./Drivers/STM32F4xx_HAL_Driver/Src/stm32f4xx_hal_gpio.o
 .debug_frame   0x0000000000001ea4      0xc5c ./Drivers/STM32F4xx_HAL_Driver/Src/stm32f4xx_hal_i2c.o
 .debug_frame   0x0000000000002b00      0x5bc ./Drivers/STM32F4xx_HAL_Driver/Src/stm32f4xx_hal_pcd.o
 .debug_frame   0x00000000000030bc      0x1f4 ./Drivers/STM32F4xx_HAL_Driver/Src/stm32f4xx_hal_rcc.o
 .debug_frame   0x00000000000032b0      0x824 ./Drivers/STM32F4xx_HAL_Driver/Src/stm32f4xx_hal_spi.o
 .debug_frame   0x0000000000003ad4     0x11c4 ./Drivers/STM32F4xx_HAL_Driver/Src/stm32f4xx_hal_tim.o
 .debug_frame   0x0000000000004c98      0x638 ./Drivers/STM32F4xx_HAL_Driver/Src/stm32f4xx_hal_tim_ex.o
 .debug_frame   0x00000000000052d0      0x92c ./Drivers/STM32F4xx_HAL_Driver/Src/stm32f4xx_hal_uart.o
 .debug_frame   0x0000000000005bfc      0x7c0 ./Drivers/STM32F4xx_HAL_Driver/Src/stm32f4xx_ll_usb.o
 .debug_frame   0x00000000000063bc       0x2c c:/st/stm32cubeide_1.9.0/stm32cubeide/plugins/com.st.stm32cube.ide.mcu.externaltools.gnu-tools-for-stm32.10.3-2021.10.win32_1.0.0.202111181127/tools/bin/../lib/gcc/arm-none-eabi/10.3.1/../../../../arm-none-eabi/lib/thumb/v7e-m+fp/hard\libc_nano.a(lib_a-init.o)
 .debug_frame   0x00000000000063e8       0x20 c:/st/stm32cubeide_1.9.0/stm32cubeide/plugins/com.st.stm32cube.ide.mcu.externaltools.gnu-tools-for-stm32.10.3-2021.10.win32_1.0.0.202111181127/tools/bin/../lib/gcc/arm-none-eabi/10.3.1/../../../../arm-none-eabi/lib/thumb/v7e-m+fp/hard\libc_nano.a(lib_a-memset.o)
 .debug_frame   0x0000000000006408       0x2c c:/st/stm32cubeide_1.9.0/stm32cubeide/plugins/com.st.stm32cube.ide.mcu.externaltools.gnu-tools-for-stm32.10.3-2021.10.win32_1.0.0.202111181127/tools/bin/../lib/gcc/arm-none-eabi/10.3.1/thumb/v7e-m+fp/hard\libgcc.a(_aeabi_uldivmod.o)
 .debug_frame   0x0000000000006434       0x34 c:/st/stm32cubeide_1.9.0/stm32cubeide/plugins/com.st.stm32cube.ide.mcu.externaltools.gnu-tools-for-stm32.10.3-2021.10.win32_1.0.0.202111181127/tools/bin/../lib/gcc/arm-none-eabi/10.3.1/thumb/v7e-m+fp/hard\libgcc.a(_udivmoddi4.o)
